<html>
<body>
<pre>
<h1>µVision Build Log</h1>
<h2>Tool Versions:</h2>
IDE-Version: ¦ÌVision V5.32.0.0
Copyright (C) 2020 ARM Ltd and ARM Germany GmbH. All rights reserved.
License Information: RAO SIYUE, NULL, LIC=21E4T-R8YDZ-DY3V3-AKYAJ-Y3STA-PIMD4
 
Tool Versions:
Toolchain:       MDK-ARM Plus  Version: 5.32.0.0
Toolchain Path:  C:\Keil_v5\ARM\ARMCC\Bin
C Compiler:      Armcc.exe V5.06 update 7 (build 960)
Assembler:       Armasm.exe V5.06 update 7 (build 960)
Linker/Locator:  ArmLink.exe V5.06 update 7 (build 960)
Library Manager: ArmAr.exe V5.06 update 7 (build 960)
Hex Converter:   FromElf.exe V5.06 update 7 (build 960)
CPU DLL:         SARMCM3.DLL V5.32.0.0
Dialog DLL:      DCM.DLL V1.17.3.0
Target DLL:      STLink\ST-LINKIII-KEIL_SWO.dll V3.0.8.0
Dialog DLL:      TCM.DLL V1.46.0.0
 
<h2>Project:</h2>
F:\geneffetct\geneffect\MDK-ARM\geneffect.uvprojx
Project File Date:  12/11/2023

<h2>Output:</h2>
*** Using Compiler 'V5.06 update 7 (build 960)', folder: 'C:\Keil_v5\ARM\ARMCC\Bin'
Build target 'geneffect'
compiling ugly_ui.c...
../Drivers/CMSIS/Device/ST/STM32F4xx/Include/stm32f407xx.h(51): warning:  #47-D: incompatible redefinition of macro "__FPU_PRESENT" 
  #define __FPU_PRESENT             1U       /*!< FPU present                                   */
../audio_process/effect_chain.h(55): warning:  #1295-D: Deprecated declaration reverb_init - give arg types
  void reverb_init();
../audio_process/effect_chain.h(56): warning:  #1295-D: Deprecated declaration oled_handle - give arg types
  void oled_handle();
../audio_process/effect_chain.h(57): warning:  #1295-D: Deprecated declaration spi_lcd_handle - give arg types
  void spi_lcd_handle();
../audio_process/effect_chain.h(58): warning:  #1295-D: Deprecated declaration uninit_tuner - give arg types
  void uninit_tuner();
ugly_ui.c(73): warning:  #1035-D: single-precision operand implicitly converted to double-precision
  							line_startx = centerx - 40 * sin((diff_freq) * 3.14 / 180);
ugly_ui.c(74): warning:  #1035-D: single-precision operand implicitly converted to double-precision
  							line_starty = centery - 40 * cos((diff_freq) * 3.14 / 180);
ugly_ui.c(75): warning:  #1035-D: single-precision operand implicitly converted to double-precision
  							line_endx = centerx - 140 * sin((diff_freq) * 3.14 / 180);
ugly_ui.c(76): warning:  #1035-D: single-precision operand implicitly converted to double-precision
  							line_endy = centery - 140 * cos((diff_freq) * 3.14 / 180);
ugly_ui.c(62): warning:  #177-D: variable "getlen"  was declared but never referenced
  							int getlen = 0;
ugly_ui.c(63): warning:  #177-D: variable "last_freq"  was declared but never referenced
  							static uint16_t last_freq = 0;
ugly_ui.c(64): warning:  #177-D: variable "last_real_freq"  was declared but never referenced
  							static uint16_t last_real_freq = 0;
ugly_ui.c(93): warning:  #223-D: function "LCD_ShowPictureBinary" declared implicitly
  					LCD_ShowPictureBinary(40,150,152,152,taikongren[frameid]);
ugly_ui.c(153): warning:  #177-D: variable "last_freq"  was declared but never referenced
  					static uint16_t last_freq = 0;
ugly_ui.c(154): warning:  #177-D: variable "last_real_freq"  was declared but never referenced
  					static uint16_t last_real_freq = 0;
ugly_ui.c(137): warning:  #177-D: variable "clear_cnt"  was declared but never referenced
  			static uint8_t clear_cnt = 0;
ugly_ui.c: 16 warnings, 0 errors
linking...
Program Size: Code=42244 RO-data=390044 RW-data=424 ZI-data=1206144  
FromELF: creating hex file...
"geneffect\geneffect.axf" - 0 Error(s), 16 Warning(s).

<h2>Software Packages used:</h2>

Package Vendor: ARM
                http://www.keil.com/pack/ARM.CMSIS.5.7.0.pack
                ARM.CMSIS.5.7.0
                CMSIS (Cortex Microcontroller Software Interface Standard)
   * Component: CORE Version: 5.4.0
   * Component: DSP Variant: Library Version: 1.8.0

Package Vendor: Keil
                https://www.keil.com/pack/Keil.STM32F4xx_DFP.2.17.1.pack
                Keil.STM32F4xx_DFP.2.17.1
                STMicroelectronics STM32F4 Series Device Support, Drivers and Examples

<h2>Collection of Component include folders:</h2>
  .\RTE\_geneffect
  C:\Users\Thinkpad\AppData\Local\Arm\Packs\ARM\CMSIS\5.7.0\CMSIS\Core\Include
  C:\Users\Thinkpad\AppData\Local\Arm\Packs\ARM\CMSIS\5.7.0\CMSIS\DSP\Include
  C:\Users\Thinkpad\AppData\Local\Arm\Packs\Keil\STM32F4xx_DFP\2.17.1\Drivers\CMSIS\Device\ST\STM32F4xx\Include

<h2>Collection of Component Files used:</h2>

   * Component: ARM::CMSIS:CORE:5.4.0
      Include file:  CMSIS\Core\Include\tz_context.h

   * Component: ARM::CMSIS:DSP:Library:1.8.0
      Include file:  CMSIS\DSP\Include\arm_math.h
      Library file:  CMSIS\DSP\Lib\ARM\arm_cortexM4lf_math.lib
Build Time Elapsed:  00:00:07
</pre>
</body>
</html>
