Component: ARM Compiler 6.14.1 Tool: armlink [5db06d00]

==============================================================================

Section Cross References

    startup_stm32h743xx.o(STACK) refers (Special) to heapauxi.o(.text) for __use_two_region_memory
    startup_stm32h743xx.o(HEAP) refers (Special) to heapauxi.o(.text) for __use_two_region_memory
    startup_stm32h743xx.o(RESET) refers (Special) to heapauxi.o(.text) for __use_two_region_memory
    startup_stm32h743xx.o(RESET) refers to startup_stm32h743xx.o(STACK) for __initial_sp
    startup_stm32h743xx.o(RESET) refers to startup_stm32h743xx.o(.text) for Reset_Handler
    startup_stm32h743xx.o(RESET) refers to stm32h7xx_it.o(.text.NMI_Handler) for NMI_Handler
    startup_stm32h743xx.o(RESET) refers to stm32h7xx_it.o(.text.HardFault_Handler) for HardFault_Handler
    startup_stm32h743xx.o(RESET) refers to stm32h7xx_it.o(.text.MemManage_Handler) for MemManage_Handler
    startup_stm32h743xx.o(RESET) refers to stm32h7xx_it.o(.text.BusFault_Handler) for BusFault_Handler
    startup_stm32h743xx.o(RESET) refers to stm32h7xx_it.o(.text.UsageFault_Handler) for UsageFault_Handler
    startup_stm32h743xx.o(RESET) refers to stm32h7xx_it.o(.text.SVC_Handler) for SVC_Handler
    startup_stm32h743xx.o(RESET) refers to stm32h7xx_it.o(.text.DebugMon_Handler) for DebugMon_Handler
    startup_stm32h743xx.o(RESET) refers to stm32h7xx_it.o(.text.PendSV_Handler) for PendSV_Handler
    startup_stm32h743xx.o(RESET) refers to stm32h7xx_it.o(.text.SysTick_Handler) for SysTick_Handler
    startup_stm32h743xx.o(RESET) refers to stm32h7xx_it.o(.text.DMA1_Stream0_IRQHandler) for DMA1_Stream0_IRQHandler
    startup_stm32h743xx.o(RESET) refers to stm32h7xx_it.o(.text.DMA1_Stream1_IRQHandler) for DMA1_Stream1_IRQHandler
    startup_stm32h743xx.o(RESET) refers to stm32h7xx_it.o(.text.DMA1_Stream2_IRQHandler) for DMA1_Stream2_IRQHandler
    startup_stm32h743xx.o(RESET) refers to stm32h7xx_it.o(.text.DMA1_Stream3_IRQHandler) for DMA1_Stream3_IRQHandler
    startup_stm32h743xx.o(RESET) refers to stm32h7xx_it.o(.text.ADC_IRQHandler) for ADC_IRQHandler
    startup_stm32h743xx.o(RESET) refers to stm32h7xx_it.o(.text.SPI3_IRQHandler) for SPI3_IRQHandler
    startup_stm32h743xx.o(.text) refers (Special) to heapauxi.o(.text) for __use_two_region_memory
    startup_stm32h743xx.o(.text) refers to system_stm32h7xx.o(.text.SystemInit) for SystemInit
    startup_stm32h743xx.o(.text) refers to __main.o(!!!main) for __main
    startup_stm32h743xx.o(.text) refers to startup_stm32h743xx.o(HEAP) for Heap_Mem
    startup_stm32h743xx.o(.text) refers to startup_stm32h743xx.o(STACK) for Stack_Mem
    main.o(.text.main) refers to stm32h7xx_hal.o(.text.HAL_Init) for HAL_Init
    main.o(.text.main) refers to main.o(.text.SystemClock_Config) for SystemClock_Config
    main.o(.text.main) refers to main.o(.text.PeriphCommonClock_Config) for PeriphCommonClock_Config
    main.o(.text.main) refers to stm32h7xx_hal.o(.text.HAL_Delay) for HAL_Delay
    main.o(.text.main) refers to gpio.o(.text.MX_GPIO_Init) for MX_GPIO_Init
    main.o(.text.main) refers to dma.o(.text.MX_DMA_Init) for MX_DMA_Init
    main.o(.text.main) refers to spi.o(.text.MX_SPI4_Init) for MX_SPI4_Init
    main.o(.text.main) refers to usart.o(.text.MX_UART5_Init) for MX_UART5_Init
    main.o(.text.main) refers to adc.o(.text.MX_ADC1_Init) for MX_ADC1_Init
    main.o(.text.main) refers to fmc.o(.text.MX_FMC_Init) for MX_FMC_Init
    main.o(.text.main) refers to adc.o(.text.MX_ADC2_Init) for MX_ADC2_Init
    main.o(.text.main) refers to lcd_init.o(.text.SPI_LCD_Init) for SPI_LCD_Init
    main.o(.text.main) refers to lcd.o(.text.LCD_Fill) for LCD_Fill
    main.o(.text.main) refers to malloc.o(.text.my_mem_init) for my_mem_init
    main.o(.text.main) refers to adc.o(.text.init_adc_dma) for init_adc_dma
    main.o(.text.main) refers to wm8978.o(.text.WM8978_Init) for WM8978_Init
    main.o(.text.main) refers to wm8978.o(.text.WM8978_HPvol_Set) for WM8978_HPvol_Set
    main.o(.text.main) refers to wm8978.o(.text.WM8978_SPKvol_Set) for WM8978_SPKvol_Set
    main.o(.text.main) refers to wm8978.o(.text.WM8978_ADDA_Cfg) for WM8978_ADDA_Cfg
    main.o(.text.main) refers to wm8978.o(.text.WM8978_Input_Cfg) for WM8978_Input_Cfg
    main.o(.text.main) refers to wm8978.o(.text.WM8978_Output_Cfg) for WM8978_Output_Cfg
    main.o(.text.main) refers to wm8978.o(.text.WM8978_MIC_Gain) for WM8978_MIC_Gain
    main.o(.text.main) refers to wm8978.o(.text.WM8978_I2S_Cfg) for WM8978_I2S_Cfg
    main.o(.text.main) refers to i2s.o(.text.MX_I2S3_Init) for MX_I2S3_Init
    main.o(.text.main) refers to effect_chain.o(.text.init_input_output_confit) for init_input_output_confit
    main.o(.text.main) refers to stm32h7xx_hal_gpio.o(.text.HAL_GPIO_WritePin) for HAL_GPIO_WritePin
    main.o(.text.main) refers to ugly_ui.o(.text.spi_lcd_handle) for spi_lcd_handle
    main.o(.text.main) refers to adc.o(.text.update_controller) for update_controller
[...]
    __hardfp_sin                             0x0800abd1   Thumb Code   180  sin.o(i.__hardfp_sin)
    __hardfp_sqrtf                           0x0800ac99   Thumb Code    58  sqrtf.o(i.__hardfp_sqrtf)
    __ieee754_rem_pio2                       0x0800acd9   Thumb Code   938  rred.o(i.__ieee754_rem_pio2)
    __kernel_cos                             0x0800b111   Thumb Code   322  cos_i.o(i.__kernel_cos)
    __kernel_poly                            0x0800b281   Thumb Code   248  poly.o(i.__kernel_poly)
    __kernel_sin                             0x0800b379   Thumb Code   280  sin_i.o(i.__kernel_sin)
    __mathlib_dbl_infnan                     0x0800b4a9   Thumb Code    20  dunder.o(i.__mathlib_dbl_infnan)
    __mathlib_dbl_invalid                    0x0800b4c1   Thumb Code    24  dunder.o(i.__mathlib_dbl_invalid)
    __mathlib_dbl_underflow                  0x0800b4e1   Thumb Code    24  dunder.o(i.__mathlib_dbl_underflow)
    __mathlib_flt_infnan                     0x0800b501   Thumb Code     6  funder.o(i.__mathlib_flt_infnan)
    __mathlib_flt_overflow                   0x0800b509   Thumb Code    10  funder.o(i.__mathlib_flt_overflow)
    __mathlib_flt_underflow                  0x0800b519   Thumb Code    10  funder.o(i.__mathlib_flt_underflow)
    fabs                                     0x0800b529   Thumb Code    24  fabs.o(i.fabs)
    __aeabi_dneg                             0x0800b541   Thumb Code     0  basic.o(x$fpl$basic)
    _dneg                                    0x0800b541   Thumb Code     6  basic.o(x$fpl$basic)
    __aeabi_fneg                             0x0800b547   Thumb Code     0  basic.o(x$fpl$basic)
    _fneg                                    0x0800b547   Thumb Code     6  basic.o(x$fpl$basic)
    _dabs                                    0x0800b54d   Thumb Code     6  basic.o(x$fpl$basic)
    _fabs                                    0x0800b553   Thumb Code     6  basic.o(x$fpl$basic)
    __aeabi_d2f                              0x0800b559   Thumb Code     0  d2f.o(x$fpl$d2f)
    _d2f                                     0x0800b559   Thumb Code    98  d2f.o(x$fpl$d2f)
    __aeabi_dadd                             0x0800b5bd   Thumb Code     0  daddsub_clz.o(x$fpl$dadd)
    _dadd                                    0x0800b5bd   Thumb Code   332  daddsub_clz.o(x$fpl$dadd)
    __aeabi_ddiv                             0x0800b70d   Thumb Code     0  ddiv.o(x$fpl$ddiv)
    _ddiv                                    0x0800b70d   Thumb Code   552  ddiv.o(x$fpl$ddiv)
    __aeabi_d2iz                             0x0800b9bd   Thumb Code     0  dfix.o(x$fpl$dfix)
    _dfix                                    0x0800b9bd   Thumb Code    94  dfix.o(x$fpl$dfix)
    __aeabi_i2d                              0x0800ba1b   Thumb Code     0  dflt_clz.o(x$fpl$dflt)
    _dflt                                    0x0800ba1b   Thumb Code    46  dflt_clz.o(x$fpl$dflt)
    __aeabi_ui2d                             0x0800ba49   Thumb Code     0  dflt_clz.o(x$fpl$dfltu)
    _dfltu                                   0x0800ba49   Thumb Code    38  dflt_clz.o(x$fpl$dfltu)
    __aeabi_dmul                             0x0800ba71   Thumb Code     0  dmul.o(x$fpl$dmul)
    _dmul                                    0x0800ba71   Thumb Code   332  dmul.o(x$fpl$dmul)
    __fpl_dnaninf                            0x0800bbc5   Thumb Code   156  dnaninf.o(x$fpl$dnaninf)
    __fpl_dretinf                            0x0800bc61   Thumb Code    12  dretinf.o(x$fpl$dretinf)
    __aeabi_drsub                            0x0800bc6d   Thumb Code     0  daddsub_clz.o(x$fpl$drsb)
    _drsb                                    0x0800bc6d   Thumb Code    22  daddsub_clz.o(x$fpl$drsb)
    __aeabi_dsub                             0x0800bc85   Thumb Code     0  daddsub_clz.o(x$fpl$dsub)
    _dsub                                    0x0800bc85   Thumb Code   464  daddsub_clz.o(x$fpl$dsub)
    __aeabi_f2d                              0x0800be59   Thumb Code     0  f2d.o(x$fpl$f2d)
    _f2d                                     0x0800be59   Thumb Code    86  f2d.o(x$fpl$f2d)
    __fpl_fnaninf                            0x0800beaf   Thumb Code   140  fnaninf.o(x$fpl$fnaninf)
    _fp_init                                 0x0800bf3b   Thumb Code    26  fpinit.o(x$fpl$fpinit)
    __fplib_config_fpu_vfp                   0x0800bf53   Thumb Code     0  fpinit.o(x$fpl$fpinit)
    __fplib_config_pureend_doubles           0x0800bf53   Thumb Code     0  fpinit.o(x$fpl$fpinit)
    __fpl_fretinf                            0x0800bf55   Thumb Code    10  fretinf.o(x$fpl$fretinf)
    __I$use$fp                               0x0800bf5e   Number         0  usenofp.o(x$fpl$usenofp)
    D1CorePrescTable                         0x0800c0d0   Data          16  system_stm32h7xx.o(.rodata.D1CorePrescTable)
    UARTPrescTable                           0x0800c0e0   Data          24  stm32h7xx_hal_uart.o(.rodata.UARTPrescTable)
    armBitRevIndexTable1024                  0x0800c0f8   Data        3600  arm_common_tables.o(.rodata.armBitRevIndexTable1024)
    armBitRevIndexTable128                   0x0800cf08   Data         416  arm_common_tables.o(.rodata.armBitRevIndexTable128)
    armBitRevIndexTable16                    0x0800d0a8   Data          40  arm_common_tables.o(.rodata.armBitRevIndexTable16)
    armBitRevIndexTable2048                  0x0800d0d0   Data        7616  arm_common_tables.o(.rodata.armBitRevIndexTable2048)
    armBitRevIndexTable256                   0x0800ee90   Data         880  arm_common_tables.o(.rodata.armBitRevIndexTable256)
    armBitRevIndexTable32                    0x0800f200   Data          96  arm_common_tables.o(.rodata.armBitRevIndexTable32)
    armBitRevIndexTable4096                  0x0800f260   Data        8064  arm_common_tables.o(.rodata.armBitRevIndexTable4096)
    armBitRevIndexTable512                   0x080111e0   Data         896  arm_common_tables.o(.rodata.armBitRevIndexTable512)
    armBitRevIndexTable64                    0x08011560   Data         112  arm_common_tables.o(.rodata.armBitRevIndexTable64)
    arm_cfft_sR_f32_len1024                  0x080115d0   Data          16  arm_const_structs.o(.rodata.arm_cfft_sR_f32_len1024)
    arm_cfft_sR_f32_len128                   0x080115e0   Data          16  arm_const_structs.o(.rodata.arm_cfft_sR_f32_len128)
    arm_cfft_sR_f32_len16                    0x080115f0   Data          16  arm_const_structs.o(.rodata.arm_cfft_sR_f32_len16)
    arm_cfft_sR_f32_len2048                  0x08011600   Data          16  arm_const_structs.o(.rodata.arm_cfft_sR_f32_len2048)
    arm_cfft_sR_f32_len256                   0x08011610   Data          16  arm_const_structs.o(.rodata.arm_cfft_sR_f32_len256)
    arm_cfft_sR_f32_len32                    0x08011620   Data          16  arm_const_structs.o(.rodata.arm_cfft_sR_f32_len32)
    arm_cfft_sR_f32_len4096                  0x08011630   Data          16  arm_const_structs.o(.rodata.arm_cfft_sR_f32_len4096)
    arm_cfft_sR_f32_len512                   0x08011640   Data          16  arm_const_structs.o(.rodata.arm_cfft_sR_f32_len512)
    arm_cfft_sR_f32_len64                    0x08011650   Data          16  arm_const_structs.o(.rodata.arm_cfft_sR_f32_len64)
    ascii_1206                               0x08011660   Data        1140  lcd.o(.rodata.ascii_1206)
    ascii_1608                               0x08011ad4   Data        1520  lcd.o(.rodata.ascii_1608)
    ascii_2412                               0x080120c4   Data        4560  lcd.o(.rodata.ascii_2412)
    ascii_3216                               0x08013294   Data        6080  lcd.o(.rodata.ascii_3216)
    gImage_boost                             0x08014a64   Data       20160  ugly_ui.o(.rodata.gImage_boost)
    gImage_reverb                            0x08019924   Data       20160  ugly_ui.o(.rodata.gImage_reverb)
    gImage_sd1                               0x0801e7e4   Data       21000  ugly_ui.o(.rodata.gImage_sd1)
    gImage_tunner                            0x080239ec   Data       145920  ugly_ui.o(.rodata.gImage_tunner)
    memblksize                               0x080473ec   Data          12  malloc.o(.rodata.memblksize)
    memsize                                  0x080473f8   Data          12  malloc.o(.rodata.memsize)
    memtblsize                               0x08047404   Data          12  malloc.o(.rodata.memtblsize)
    taikongren                               0x08047410   Data       89528  ugly_ui.o(.rodata.taikongren)
    twiddleCoef_1024                         0x0805d1c8   Data        8192  arm_common_tables.o(.rodata.twiddleCoef_1024)
    twiddleCoef_128                          0x0805f1c8   Data        1024  arm_common_tables.o(.rodata.twiddleCoef_128)
    twiddleCoef_16                           0x0805f5c8   Data         128  arm_common_tables.o(.rodata.twiddleCoef_16)
    twiddleCoef_2048                         0x0805f648   Data       16384  arm_common_tables.o(.rodata.twiddleCoef_2048)
    twiddleCoef_256                          0x08063648   Data        2048  arm_common_tables.o(.rodata.twiddleCoef_256)
    twiddleCoef_32                           0x08063e48   Data         256  arm_common_tables.o(.rodata.twiddleCoef_32)
    twiddleCoef_4096                         0x08063f48   Data       32768  arm_common_tables.o(.rodata.twiddleCoef_4096)
    twiddleCoef_512                          0x0806bf48   Data        4096  arm_common_tables.o(.rodata.twiddleCoef_512)
    twiddleCoef_64                           0x0806cf48   Data         512  arm_common_tables.o(.rodata.twiddleCoef_64)
    twiddleCoef_rfft_1024                    0x0806d148   Data        4096  arm_common_tables.o(.rodata.twiddleCoef_rfft_1024)
    twiddleCoef_rfft_128                     0x0806e148   Data         512  arm_common_tables.o(.rodata.twiddleCoef_rfft_128)
    twiddleCoef_rfft_2048                    0x0806e348   Data        8192  arm_common_tables.o(.rodata.twiddleCoef_rfft_2048)
    twiddleCoef_rfft_256                     0x08070348   Data        1024  arm_common_tables.o(.rodata.twiddleCoef_rfft_256)
    twiddleCoef_rfft_32                      0x08070748   Data         128  arm_common_tables.o(.rodata.twiddleCoef_rfft_32)
    twiddleCoef_rfft_4096                    0x080707c8   Data       16384  arm_common_tables.o(.rodata.twiddleCoef_rfft_4096)
    twiddleCoef_rfft_512                     0x080747c8   Data        2048  arm_common_tables.o(.rodata.twiddleCoef_rfft_512)
    twiddleCoef_rfft_64                      0x08074fc8   Data         256  arm_common_tables.o(.rodata.twiddleCoef_rfft_64)
    Region$$Table$$Base                      0x080750c8   Number         0  anon$$obj.o(Region$$Table)
    Region$$Table$$Limit                     0x080750e8   Number         0  anon$$obj.o(Region$$Table)
    FFT_LEN                                  0x20000000   Data           4  tuner.o(.data.FFT_LEN)
    SystemCoreClock                          0x20000004   Data           4  system_stm32h7xx.o(.data.SystemCoreClock)
    SystemD2Clock                            0x20000008   Data           4  system_stm32h7xx.o(.data.SystemD2Clock)
    ap0_g                                    0x20000080   Data           4  reverb.o(.data.ap0_g)
    ap1_g                                    0x20000084   Data           4  reverb.o(.data.ap1_g)
    ap2_g                                    0x20000088   Data           4  reverb.o(.data.ap2_g)
    cf0_g                                    0x2000008c   Data           4  reverb.o(.data.cf0_g)
    cf1_g                                    0x20000090   Data           4  reverb.o(.data.cf1_g)
    cf2_g                                    0x20000094   Data           4  reverb.o(.data.cf2_g)
    cf3_g                                    0x20000098   Data           4  reverb.o(.data.cf3_g)
    freq_scale                               0x2000009c   Data           4  tuner.o(.data.freq_scale)
    g_reverb_time                            0x200000a0   Data           4  reverb.o(.data.g_reverb_time)
    i2s_init_flag                            0x200000a4   Data           1  i2s.o(.data.i2s_init_flag)
    mallco_dev                               0x200000a8   Data          36  malloc.o(.data.mallco_dev)
    uwTickFreq                               0x200000cc   Data           1  stm32h7xx_hal.o(.data.uwTickFreq)
    uwTickPrio                               0x200000d0   Data           4  stm32h7xx_hal.o(.data.uwTickPrio)
    __libspace_start                         0x200000d8   Data          96  libspace.o(.bss)
    __temporary_stack_top$libspace           0x20000138   Data           0  libspace.o(.bss)
    ap0_lim                                  0x20000158   Data           4  reverb.o(.bss.ap0_lim)
    ap0_p                                    0x2000015c   Data           4  reverb.o(.bss.ap0_p)
    ap1_lim                                  0x20000160   Data           4  reverb.o(.bss.ap1_lim)
    ap1_p                                    0x20000164   Data           4  reverb.o(.bss.ap1_p)
    ap2_lim                                  0x20000168   Data           4  reverb.o(.bss.ap2_lim)
    ap2_p                                    0x2000016c   Data           4  reverb.o(.bss.ap2_p)
    apbuf0                                   0x20000170   Data           4  reverb.o(.bss.apbuf0)
    apbuf1                                   0x20000174   Data           4  reverb.o(.bss.apbuf1)
    apbuf2                                   0x20000178   Data           4  reverb.o(.bss.apbuf2)
    array_FFT_output                         0x2000017c   Data           4  tuner.o(.bss.array_FFT_output)
    array_arm_cmplx_mag                      0x20000180   Data           4  tuner.o(.bss.array_arm_cmplx_mag)
    cf0_lim                                  0x20000188   Data           4  reverb.o(.bss.cf0_lim)
    cf0_p                                    0x2000018c   Data           4  reverb.o(.bss.cf0_p)
    cf1_lim                                  0x20000190   Data           4  reverb.o(.bss.cf1_lim)
    cf1_p                                    0x20000194   Data           4  reverb.o(.bss.cf1_p)
    cf2_lim                                  0x20000198   Data           4  reverb.o(.bss.cf2_lim)
    cf2_p                                    0x2000019c   Data           4  reverb.o(.bss.cf2_p)
    cf3_lim                                  0x200001a0   Data           4  reverb.o(.bss.cf3_lim)
    cf3_p                                    0x200001a4   Data           4  reverb.o(.bss.cf3_p)
    cfbuf0                                   0x200001a8   Data           4  reverb.o(.bss.cfbuf0)
    cfbuf1                                   0x200001ac   Data           4  reverb.o(.bss.cfbuf1)
    cfbuf2                                   0x200001b0   Data           4  reverb.o(.bss.cfbuf2)
    cfbuf3                                   0x200001b4   Data           4  reverb.o(.bss.cfbuf3)
    function_mode                            0x200001c0   Data          16  effect_chain.o(.bss.function_mode)
    g_effect_controller                      0x200001d0   Data          36  effect_chain.o(.bss.g_effect_controller)
    g_fft_buf                                0x200001f4   Data           4  tuner.o(.bss.g_fft_buf)
    g_fft_buf_temp                           0x200001f8   Data           4  tuner.o(.bss.g_fft_buf_temp)
    hadc1                                    0x200001fc   Data         100  adc.o(.bss.hadc1)
    hadc2                                    0x20000260   Data         100  adc.o(.bss.hadc2)
    hdma_adc1                                0x200002c4   Data         120  adc.o(.bss.hdma_adc1)
    hdma_adc2                                0x2000033c   Data         120  adc.o(.bss.hdma_adc2)
    hdma_spi3_rx                             0x200003b4   Data         120  i2s.o(.bss.hdma_spi3_rx)
    hdma_spi3_tx                             0x2000042c   Data         120  i2s.o(.bss.hdma_spi3_tx)
    header                                   0x200004a4   Data           4  tuner.o(.bss.header)
    hi2s3                                    0x200004a8   Data          84  i2s.o(.bss.hi2s3)
    hspi4                                    0x200004fc   Data         136  spi.o(.bss.hspi4)
    hsram2                                   0x20000584   Data          76  fmc.o(.bss.hsram2)
    huart5                                   0x200005d0   Data         148  usart.o(.bss.huart5)
    nob_list                                 0x20000664   Data          32  adc.o(.bss.nob_list)
    rxdmabuffer                              0x20000684   Data           4  effect_chain.o(.bss.rxdmabuffer)
    rxfloatbuffer                            0x20000688   Data           4  effect_chain.o(.bss.rxfloatbuffer)
    tap_list                                 0x2000069c   Data          32  adc.o(.bss.tap_list)
    temout                                   0x200006bc   Data           8  effect_chain.o(.bss.temout)
    temp_freq                                0x200006c4   Data           4  tuner.o(.bss.temp_freq)
    tempin                                   0x200006c8   Data           8  effect_chain.o(.bss.tempin)
    tuner_init_flag                          0x200006d8   Data           1  tuner.o(.bss.tuner_init_flag)
    txdmabuffer                              0x200006dc   Data           4  effect_chain.o(.bss.txdmabuffer)
    uwTick                                   0x200006e0   Data           4  stm32h7xx_hal.o(.bss.uwTick)
    mem1base                                 0x24000000   Data       491520  malloc.o(.bss.ARM.__at_0X24000000)
    mem1mapbase                              0x24078000   Data       30720  malloc.o(.bss.ARM.__at_0X24078000)
    mem3base                                 0x30000000   Data       98304  malloc.o(.bss.ARM.__at_0X30000000)
    mem3mapbase                              0x30018000   Data        6144  malloc.o(.bss.ARM.__at_0X30018000)
    adc1_dma_buf                             0x30020000   Data          32  adc.o(.bss.ARM.__at_0X30020000)
    adc2_dma_buf                             0x30020020   Data          32  adc.o(.bss.ARM.__at_0X30020020)
    mem2base                                 0x68000000   Data       983040  malloc.o(.bss.ARM.__at_0X68000000)
    mem2mapbase                              0x680f0000   Data       61440  malloc.o(.bss.ARM.__at_0X680f0000)



==============================================================================

Memory Map of the image

  Image Entry point : 0x08000299

  Load Region LR_IROM1 (Base: 0x08000000, Size: 0x000751c0, Max: 0x00200000, ABSOLUTE)

    Execution Region ER_IROM1 (Exec base: 0x08000000, Load base: 0x08000000, Size: 0x000750e8, Max: 0x00200000, ABSOLUTE)

    Exec Addr    Load Addr    Size         Type   Attr      Idx    E Section Name        Object

    0x08000000   0x08000000   0x00000298   Data   RO            3    RESET               startup_stm32h743xx.o
    0x08000298   0x08000298   0x00000008   Code   RO         2530  * !!!main             c_w.l(__main.o)
    0x080002a0   0x080002a0   0x00000034   Code   RO         2855    !!!scatter          c_w.l(__scatter.o)
    0x080002d4   0x080002d4   0x0000001a   Code   RO         2857    !!handler_copy      c_w.l(__scatter_copy.o)
    0x080002ee   0x080002ee   0x00000002   PAD
    0x080002f0   0x080002f0   0x0000001c   Code   RO         2859    !!handler_zi        c_w.l(__scatter_zi.o)
    0x0800030c   0x0800030c   0x00000002   Code   RO         2722    .ARM.Collect$$libinit$$00000000  c_w.l(libinit.o)
    0x0800030e   0x0800030e   0x00000004   Code   RO         2731    .ARM.Collect$$libinit$$00000001  c_w.l(libinit2.o)
    0x08000312   0x08000312   0x00000000   Code   RO         2734    .ARM.Collect$$libinit$$00000004  c_w.l(libinit2.o)
    0x08000312   0x08000312   0x00000000   Code   RO         2737    .ARM.Collect$$libinit$$0000000A  c_w.l(libinit2.o)
    0x08000312   0x08000312   0x00000000   Code   RO         2739    .ARM.Collect$$libinit$$0000000C  c_w.l(libinit2.o)
    0x08000312   0x08000312   0x00000000   Code   RO         2741    .ARM.Collect$$libinit$$0000000E  c_w.l(libinit2.o)
    0x08000312   0x08000312   0x00000000   Code   RO         2744    .ARM.Collect$$libinit$$00000011  c_w.l(libinit2.o)
    0x08000312   0x08000312   0x00000000   Code   RO         2746    .ARM.Collect$$libinit$$00000013  c_w.l(libinit2.o)
    0x08000312   0x08000312   0x00000000   Code   RO         2748    .ARM.Collect$$libinit$$00000015  c_w.l(libinit2.o)
    0x08000312   0x08000312   0x00000000   Code   RO         2750    .ARM.Collect$$libinit$$00000017  c_w.l(libinit2.o)
    0x08000312   0x08000312   0x00000000   Code   RO         2752    .ARM.Collect$$libinit$$00000019  c_w.l(libinit2.o)
    0x08000312   0x08000312   0x00000000   Code   RO         2754    .ARM.Collect$$libinit$$0000001B  c_w.l(libinit2.o)
    0x08000312   0x08000312   0x00000000   Code   RO         2756    .ARM.Collect$$libinit$$0000001D  c_w.l(libinit2.o)
    0x08000312   0x08000312   0x00000000   Code   RO         2758    .ARM.Collect$$libinit$$0000001F  c_w.l(libinit2.o)
    0x08000312   0x08000312   0x00000000   Code   RO         2760    .ARM.Collect$$libinit$$00000021  c_w.l(libinit2.o)
    0x08000312   0x08000312   0x00000000   Code   RO         2762    .ARM.Collect$$libinit$$00000023  c_w.l(libinit2.o)
    0x08000312   0x08000312   0x00000000   Code   RO         2764    .ARM.Collect$$libinit$$00000025  c_w.l(libinit2.o)
    0x08000312   0x08000312   0x00000000   Code   RO         2768    .ARM.Collect$$libinit$$0000002C  c_w.l(libinit2.o)
    0x08000312   0x08000312   0x00000000   Code   RO         2770    .ARM.Collect$$libinit$$0000002E  c_w.l(libinit2.o)
    0x08000312   0x08000312   0x00000000   Code   RO         2772    .ARM.Collect$$libinit$$00000030  c_w.l(libinit2.o)
    0x08000312   0x08000312   0x00000000   Code   RO         2774    .ARM.Collect$$libinit$$00000032  c_w.l(libinit2.o)
    0x08000312   0x08000312   0x00000002   Code   RO         2775    .ARM.Collect$$libinit$$00000033  c_w.l(libinit2.o)
    0x08000314   0x08000314   0x00000002   Code   RO         2810    .ARM.Collect$$libshutdown$$00000000  c_w.l(libshutdown.o)
    0x08000316   0x08000316   0x00000000   Code   RO         2838    .ARM.Collect$$libshutdown$$00000002  c_w.l(libshutdown2.o)
    0x08000316   0x08000316   0x00000000   Code   RO         2840    .ARM.Collect$$libshutdown$$00000004  c_w.l(libshutdown2.o)
    0x08000316   0x08000316   0x00000000   Code   RO         2843    .ARM.Collect$$libshutdown$$00000007  c_w.l(libshutdown2.o)
    0x08000316   0x08000316   0x00000000   Code   RO         2846    .ARM.Collect$$libshutdown$$0000000A  c_w.l(libshutdown2.o)
    0x08000316   0x08000316   0x00000000   Code   RO         2848    .ARM.Collect$$libshutdown$$0000000C  c_w.l(libshutdown2.o)
    0x08000316   0x08000316   0x00000000   Code   RO         2851    .ARM.Collect$$libshutdown$$0000000F  c_w.l(libshutdown2.o)
    0x08000316   0x08000316   0x00000002   Code   RO         2852    .ARM.Collect$$libshutdown$$00000010  c_w.l(libshutdown2.o)
    0x08000318   0x08000318   0x00000000   Code   RO         2608    .ARM.Collect$$rtentry$$00000000  c_w.l(__rtentry.o)
    0x08000318   0x08000318   0x00000000   Code   RO         2675    .ARM.Collect$$rtentry$$00000002  c_w.l(__rtentry2.o)
    0x08000318   0x08000318   0x00000006   Code   RO         2687    .ARM.Collect$$rtentry$$00000004  c_w.l(__rtentry4.o)
    0x0800031e   0x0800031e   0x00000000   Code   RO         2677    .ARM.Collect$$rtentry$$00000009  c_w.l(__rtentry2.o)
    0x0800031e   0x0800031e   0x00000004   Code   RO         2678    .ARM.Collect$$rtentry$$0000000A  c_w.l(__rtentry2.o)
    0x08000322   0x08000322   0x00000000   Code   RO         2680    .ARM.Collect$$rtentry$$0000000C  c_w.l(__rtentry2.o)
    0x08000322   0x08000322   0x00000008   Code   RO         2681    .ARM.Collect$$rtentry$$0000000D  c_w.l(__rtentry2.o)
    0x0800032a   0x0800032a   0x00000002   Code   RO         2723    .ARM.Collect$$rtexit$$00000000  c_w.l(rtexit.o)
    0x0800032c   0x0800032c   0x00000000   Code   RO         2781    .ARM.Collect$$rtexit$$00000002  c_w.l(rtexit2.o)
    0x0800032c   0x0800032c   0x00000004   Code   RO         2782    .ARM.Collect$$rtexit$$00000003  c_w.l(rtexit2.o)
    0x08000330   0x08000330   0x00000006   Code   RO         2783    .ARM.Collect$$rtexit$$00000004  c_w.l(rtexit2.o)
    0x08000336   0x08000336   0x00000002   PAD
    0x08000338   0x08000338   0x00000040   Code   RO            4    .text               startup_stm32h743xx.o
    0x08000378   0x08000378   0x000000f0   Code   RO         2518    .text               c_w.l(lludivv7m.o)
    0x08000468   0x08000468   0x0000008a   Code   RO         2520    .text               c_w.l(rt_memcpy_v6.o)
    0x080004f2   0x080004f2   0x00000064   Code   RO         2522    .text               c_w.l(rt_memcpy_w.o)
    0x08000556   0x08000556   0x00000010   Code   RO         2524    .text               c_w.l(aeabi_memset.o)
    0x08000566   0x08000566   0x0000004e   Code   RO         2526    .text               c_w.l(rt_memclr_w.o)
    0x080005b4   0x080005b4   0x00000006   Code   RO         2528    .text               c_w.l(heapauxi.o)
    0x080005ba   0x080005ba   0x00000016   Code   RO         2613    .text               c_w.l(_rserrno.o)
    0x080005d0   0x080005d0   0x00000044   Code   RO         2615    .text               c_w.l(rt_memclr.o)
    0x08000614   0x08000614   0x00000008   Code   RO         2694    .text               c_w.l(rt_errno_addr_intlibspace.o)
    0x0800061c   0x0800061c   0x00000008   Code   RO         2706    .text               c_w.l(libspace.o)
    0x08000624   0x08000624   0x0000004a   Code   RO         2709    .text               c_w.l(sys_stackheap_outer.o)
    0x0800066e   0x0800066e   0x00000012   Code   RO         2711    .text               c_w.l(exit.o)
    0x08000680   0x08000680   0x0000000c   Code   RO         2776    .text               c_w.l(sys_exit.o)
    0x0800068c   0x0800068c   0x00000002   Code   RO         2799    .text               c_w.l(use_no_semi.o)
    0x0800068e   0x0800068e   0x00000000   Code   RO         2801    .text               c_w.l(indicate_semi.o)
    0x0800068e   0x0800068e   0x00000002   PAD
    0x08000690   0x08000690   0x00000116   Code   RO          214    .text.ADC_ConfigureBoostMode  stm32h7xx_hal_adc.o
    0x080007a6   0x080007a6   0x00000002   PAD
    0x080007a8   0x080007a8   0x00000064   Code   RO          248    .text.ADC_DMAConvCplt  stm32h7xx_hal_adc.o
    0x0800080c   0x0800080c   0x00000004   PAD
    0x08000810   0x08000810   0x0000001a   Code   RO          252    .text.ADC_DMAError  stm32h7xx_hal_adc.o
    0x0800082a   0x0800082a   0x00000006   PAD
    0x08000830   0x08000830   0x0000000a   Code   RO          250    .text.ADC_DMAHalfConvCplt  stm32h7xx_hal_adc.o
    0x0800083a   0x0800083a   0x00000006   PAD
    0x08000840   0x08000840   0x000000c0   Code   RO          228    .text.ADC_Enable    stm32h7xx_hal_adc.o
    0x08000900   0x08000900   0x0000001c   Code   RO          175    .text.ADC_IRQHandler  stm32h7xx_it.o
    0x0800091c   0x0800091c   0x00000004   PAD
    0x08000920   0x08000920   0x00000002   Code   RO          155    .text.BusFault_Handler  stm32h7xx_it.o
    0x08000922   0x08000922   0x00000006   PAD
    0x08000928   0x08000928   0x00000010   Code   RO          167    .text.DMA1_Stream0_IRQHandler  stm32h7xx_it.o
    0x08000938   0x08000938   0x00000010   Code   RO          169    .text.DMA1_Stream1_IRQHandler  stm32h7xx_it.o
    0x08000948   0x08000948   0x00000010   Code   RO          171    .text.DMA1_Stream2_IRQHandler  stm32h7xx_it.o
    0x08000958   0x08000958   0x00000010   Code   RO          173    .text.DMA1_Stream3_IRQHandler  stm32h7xx_it.o
    0x08000968   0x08000968   0x00000124   Code   RO          713    .text.DMA_CalcBaseAndBitshift  stm32h7xx_hal_dma.o
    0x08000a8c   0x08000a8c   0x00000004   PAD
    0x08000a90   0x08000a90   0x000000f6   Code   RO          715    .text.DMA_CalcDMAMUXChannelBaseAndMask  stm32h7xx_hal_dma.o
    0x08000b86   0x08000b86   0x00000002   PAD
    0x08000b88   0x08000b88   0x000000c2   Code   RO          717    .text.DMA_CalcDMAMUXRequestGenBaseAndMask  stm32h7xx_hal_dma.o
    0x08000c4a   0x08000c4a   0x00000006   PAD
    0x08000c50   0x08000c50   0x0000004c   Code   RO          711    .text.DMA_CheckFifoParam  stm32h7xx_hal_dma.o
    0x08000c9c   0x08000c9c   0x00000004   PAD
    0x08000ca0   0x08000ca0   0x000002ee   Code   RO          723    .text.DMA_SetConfig  stm32h7xx_hal_dma.o
    0x08000f8e   0x08000f8e   0x00000002   PAD
    0x08000f90   0x08000f90   0x00000002   Code   RO          161    .text.DebugMon_Handler  stm32h7xx_it.o
    0x08000f92   0x08000f92   0x00000006   PAD
    0x08000f98   0x08000f98   0x0000004e   Code   RO         2110    .text.Do_Allpass0   reverb.o
    0x08000fe6   0x08000fe6   0x00000002   PAD
    0x08000fe8   0x08000fe8   0x0000004e   Code   RO         2112    .text.Do_Allpass1   reverb.o
    0x08001036   0x08001036   0x00000002   PAD
    0x08001038   0x08001038   0x0000004e   Code   RO         2114    .text.Do_Allpass2   reverb.o
    0x08001086   0x08001086   0x00000002   PAD
    0x08001088   0x08001088   0x0000004a   Code   RO         2102    .text.Do_Comb0      reverb.o
    0x080010d2   0x080010d2   0x00000006   PAD
    0x080010d8   0x080010d8   0x0000004a   Code   RO         2104    .text.Do_Comb1      reverb.o
    0x08001122   0x08001122   0x00000006   PAD
    0x08001128   0x08001128   0x0000004a   Code   RO         2106    .text.Do_Comb2      reverb.o
    0x08001172   0x08001172   0x00000006   PAD
    0x08001178   0x08001178   0x0000004a   Code   RO         2108    .text.Do_Comb3      reverb.o
    0x080011c2   0x080011c2   0x00000006   PAD
    0x080011c8   0x080011c8   0x00000180   Code   RO         2116    .text.Do_Reverb     reverb.o
    0x08001348   0x08001348   0x0000000a   Code   RO           17    .text.Error_Handler  main.o
    0x08001352   0x08001352   0x00000006   PAD
    0x08001358   0x08001358   0x00000224   Code   RO         2162    .text.FFT_Calculation  tuner.o
    0x0800157c   0x0800157c   0x00000004   PAD
    0x08001580   0x08001580   0x00000042   Code   RO         1360    .text.FMC_NORSRAM_Extended_Timing_Init  stm32h7xx_ll_fmc.o
    0x080015c2   0x080015c2   0x00000006   PAD
    0x080015c8   0x080015c8   0x0000009c   Code   RO         1354    .text.FMC_NORSRAM_Init  stm32h7xx_ll_fmc.o
    0x08001664   0x08001664   0x00000004   PAD
    0x08001668   0x08001668   0x00000064   Code   RO         1358    .text.FMC_NORSRAM_Timing_Init  stm32h7xx_ll_fmc.o
    0x080016cc   0x080016cc   0x00000004   PAD
    0x080016d0   0x080016d0   0x00000002   Code   RO          404    .text.HAL_ADCEx_EndOfSamplingCallback  stm32h7xx_hal_adc_ex.o
    0x080016d2   0x080016d2   0x00000006   PAD
    0x080016d8   0x080016d8   0x00000002   Code   RO          396    .text.HAL_ADCEx_InjectedConvCpltCallback  stm32h7xx_hal_adc_ex.o
    0x080016da   0x080016da   0x00000006   PAD
    0x080016e0   0x080016e0   0x00000002   Code   RO          398    .text.HAL_ADCEx_InjectedQueueOverflowCallback  stm32h7xx_hal_adc_ex.o
    0x080016e2   0x080016e2   0x00000006   PAD
    0x080016e8   0x080016e8   0x00000002   Code   RO          400    .text.HAL_ADCEx_LevelOutOfWindow2Callback  stm32h7xx_hal_adc_ex.o
    0x080016ea   0x080016ea   0x00000006   PAD
    0x080016f0   0x080016f0   0x00000002   Code   RO          402    .text.HAL_ADCEx_LevelOutOfWindow3Callback  stm32h7xx_hal_adc_ex.o
    0x080016f2   0x080016f2   0x00000006   PAD
    0x080016f8   0x080016f8   0x0000010a   Code   RO          430    .text.HAL_ADCEx_MultiModeConfigChannel  stm32h7xx_hal_adc_ex.o
    0x08001802   0x08001802   0x00000006   PAD
    0x08001808   0x08001808   0x000002e4   Code   RO          272    .text.HAL_ADC_ConfigChannel  stm32h7xx_hal_adc.o
    0x08001aec   0x08001aec   0x00000004   PAD
    0x08001af0   0x08001af0   0x000000ce   Code   RO           47    .text.HAL_ADC_ConvCpltCallback  adc.o
    0x08001bbe   0x08001bbe   0x00000002   PAD
    0x08001bc0   0x08001bc0   0x00000002   Code   RO          270    .text.HAL_ADC_ConvHalfCpltCallback  stm32h7xx_hal_adc.o
    0x08001bc2   0x08001bc2   0x00000006   PAD
    0x08001bc8   0x08001bc8   0x00000002   Code   RO          268    .text.HAL_ADC_ErrorCallback  stm32h7xx_hal_adc.o
    0x08001bca   0x08001bca   0x00000006   PAD
    0x08001bd0   0x08001bd0   0x00000266   Code   RO          260    .text.HAL_ADC_IRQHandler  stm32h7xx_hal_adc.o
    0x08001e36   0x08001e36   0x00000002   PAD
    0x08001e38   0x08001e38   0x0000022a   Code   RO          194    .text.HAL_ADC_Init  stm32h7xx_hal_adc.o
    0x08002062   0x08002062   0x00000006   PAD
    0x08002068   0x08002068   0x00000002   Code   RO          266    .text.HAL_ADC_LevelOutOfWindowCallback  stm32h7xx_hal_adc.o
    0x0800206a   0x0800206a   0x00000006   PAD
    0x08002070   0x08002070   0x000001ce   Code   RO           43    .text.HAL_ADC_MspInit  adc.o
    0x0800223e   0x0800223e   0x00000002   PAD
    0x08002240   0x08002240   0x00000118   Code   RO          246    .text.HAL_ADC_Start_DMA  stm32h7xx_hal_adc.o
    0x08002358   0x08002358   0x00000ba0   Code   RO          733    .text.HAL_DMA_IRQHandler  stm32h7xx_hal_dma.o
    0x08002ef8   0x08002ef8   0x00000560   Code   RO          709    .text.HAL_DMA_Init  stm32h7xx_hal_dma.o
    0x08003458   0x08003458   0x00000472   Code   RO          725    .text.HAL_DMA_Start_IT  stm32h7xx_hal_dma.o
    0x080038ca   0x080038ca   0x00000006   PAD
    0x080038d0   0x080038d0   0x00000028   Code   RO         1051    .text.HAL_Delay     stm32h7xx_hal.o
    0x080038f8   0x080038f8   0x000000da   Code   RO           84    .text.HAL_FMC_MspInit  fmc.o
    0x080039d2   0x080039d2   0x00000006   PAD
    0x080039d8   0x080039d8   0x000001a0   Code   RO          655    .text.HAL_GPIO_Init  stm32h7xx_hal_gpio.o
    0x08003b78   0x08003b78   0x0000000a   Code   RO          661    .text.HAL_GPIO_WritePin  stm32h7xx_hal_gpio.o
    0x08003b82   0x08003b82   0x00000006   PAD
    0x08003b88   0x08003b88   0x0000000e   Code   RO         1059    .text.HAL_GetREVID  stm32h7xx_hal.o
    0x08003b96   0x08003b96   0x00000002   PAD
    0x08003b98   0x08003b98   0x0000000c   Code   RO         1043    .text.HAL_GetTick   stm32h7xx_hal.o
    0x08003ba4   0x08003ba4   0x00000004   PAD
    0x08003ba8   0x08003ba8   0x00000106   Code   RO         1498    .text.HAL_I2SEx_TransmitReceive_DMA  stm32h7xx_hal_i2s.o
    0x08003cae   0x08003cae   0x00000002   PAD
    0x08003cb0   0x08003cb0   0x00000012   Code   RO         2080    .text.HAL_I2SEx_TxRxCpltCallback  effect_chain.o
    0x08003cc2   0x08003cc2   0x00000006   PAD
    0x08003cc8   0x08003cc8   0x00000012   Code   RO         2076    .text.HAL_I2SEx_TxRxHalfCpltCallback  effect_chain.o
    0x08003cda   0x08003cda   0x00000006   PAD
    0x08003ce0   0x08003ce0   0x00000002   Code   RO         1512    .text.HAL_I2S_ErrorCallback  stm32h7xx_hal_i2s.o
    0x08003ce2   0x08003ce2   0x00000006   PAD
    0x08003ce8   0x08003ce8   0x00000124   Code   RO         1510    .text.HAL_I2S_IRQHandler  stm32h7xx_hal_i2s.o
    0x08003e0c   0x08003e0c   0x00000004   PAD
    0x08003e10   0x08003e10   0x00000170   Code   RO         1454    .text.HAL_I2S_Init  stm32h7xx_hal_i2s.o
    0x08003f80   0x08003f80   0x00000338   Code   RO          103    .text.HAL_I2S_MspInit  i2s.o
    0x080042b8   0x080042b8   0x0000001a   Code   RO         1041    .text.HAL_IncTick   stm32h7xx_hal.o
    0x080042d2   0x080042d2   0x00000006   PAD
    0x080042d8   0x080042d8   0x00000064   Code   RO         1031    .text.HAL_Init      stm32h7xx_hal.o
    0x0800433c   0x0800433c   0x00000004   PAD
    0x08004340   0x08004340   0x00000054   Code   RO         1033    .text.HAL_InitTick  stm32h7xx_hal.o
    0x08004394   0x08004394   0x00000004   PAD
    0x08004398   0x08004398   0x00000020   Code   RO          186    .text.HAL_MspInit   stm32h7xx_hal_msp.o
    0x080043b8   0x080043b8   0x00000008   Code   RO          969    .text.HAL_NVIC_EnableIRQ  stm32h7xx_hal_cortex.o
    0x080043c0   0x080043c0   0x0000001e   Code   RO          961    .text.HAL_NVIC_SetPriority  stm32h7xx_hal_cortex.o
    0x080043de   0x080043de   0x00000002   PAD
    0x080043e0   0x080043e0   0x00000008   Code   RO          957    .text.HAL_NVIC_SetPriorityGrouping  stm32h7xx_hal_cortex.o
    0x080043e8   0x080043e8   0x00000048   Code   RO          869    .text.HAL_PWREx_ConfigSupply  stm32h7xx_hal_pwr_ex.o
    0x08004430   0x08004430   0x00000026   Code   RO          506    .text.HAL_RCCEx_GetD3PCLK1Freq  stm32h7xx_hal_rcc_ex.o
    0x08004456   0x08004456   0x00000002   PAD
    0x08004458   0x08004458   0x0000012c   Code   RO          500    .text.HAL_RCCEx_GetPLL1ClockFreq  stm32h7xx_hal_rcc_ex.o
    0x08004584   0x08004584   0x00000004   PAD
    0x08004588   0x08004588   0x00000128   Code   RO          502    .text.HAL_RCCEx_GetPLL2ClockFreq  stm32h7xx_hal_rcc_ex.o
    0x080046b0   0x080046b0   0x00000128   Code   RO          504    .text.HAL_RCCEx_GetPLL3ClockFreq  stm32h7xx_hal_rcc_ex.o
    0x080047d8   0x080047d8   0x00000352   Code   RO          498    .text.HAL_RCCEx_GetPeriphCLKFreq  stm32h7xx_hal_rcc_ex.o
    0x08004b2a   0x08004b2a   0x00000006   PAD
    0x08004b30   0x08004b30   0x00000a10   Code   RO          490    .text.HAL_RCCEx_PeriphCLKConfig  stm32h7xx_hal_rcc_ex.o
    0x08005540   0x08005540   0x00000250   Code   RO          458    .text.HAL_RCC_ClockConfig  stm32h7xx_hal_rcc.o
    0x08005790   0x08005790   0x0000004c   Code   RO          468    .text.HAL_RCC_GetHCLKFreq  stm32h7xx_hal_rcc.o
    0x080057dc   0x080057dc   0x00000004   PAD
    0x080057e0   0x080057e0   0x00000026   Code   RO          470    .text.HAL_RCC_GetPCLK1Freq  stm32h7xx_hal_rcc.o
    0x08005806   0x08005806   0x00000002   PAD
    0x08005808   0x08005808   0x00000026   Code   RO          472    .text.HAL_RCC_GetPCLK2Freq  stm32h7xx_hal_rcc.o
    0x0800582e   0x0800582e   0x00000002   PAD
    0x08005830   0x08005830   0x00000108   Code   RO          460    .text.HAL_RCC_GetSysClockFreq  stm32h7xx_hal_rcc.o
    0x08005938   0x08005938   0x00000532   Code   RO          456    .text.HAL_RCC_OscConfig  stm32h7xx_hal_rcc.o
    0x08005e6a   0x08005e6a   0x00000006   PAD
    0x08005e70   0x08005e70   0x00000188   Code   RO         1539    .text.HAL_SPI_Init  stm32h7xx_hal_spi.o
    0x08005ff8   0x08005ff8   0x00000094   Code   RO          121    .text.HAL_SPI_MspInit  spi.o
    0x0800608c   0x0800608c   0x00000004   PAD
    0x08006090   0x08006090   0x00000258   Code   RO         1549    .text.HAL_SPI_Transmit  stm32h7xx_hal_spi.o
    0x080062e8   0x080062e8   0x0000006a   Code   RO         1406    .text.HAL_SRAM_Init  stm32h7xx_hal_sram.o
    0x08006352   0x08006352   0x00000006   PAD
    0x08006358   0x08006358   0x00000008   Code   RO           82    .text.HAL_SRAM_MspInit  fmc.o
    0x08006360   0x08006360   0x00000008   Code   RO          981    .text.HAL_SYSTICK_Config  stm32h7xx_hal_cortex.o
    0x08006368   0x08006368   0x00000036   Code   RO         1834    .text.HAL_UARTEx_DisableFifoMode  stm32h7xx_hal_uart_ex.o
    0x0800639e   0x0800639e   0x00000002   PAD
    0x080063a0   0x080063a0   0x0000004a   Code   RO         1838    .text.HAL_UARTEx_SetRxFifoThreshold  stm32h7xx_hal_uart_ex.o
    0x080063ea   0x080063ea   0x00000006   PAD
    0x080063f0   0x080063f0   0x0000004a   Code   RO         1836    .text.HAL_UARTEx_SetTxFifoThreshold  stm32h7xx_hal_uart_ex.o
    0x0800643a   0x0800643a   0x00000006   PAD
    0x08006440   0x08006440   0x00000062   Code   RO         1663    .text.HAL_UART_Init  stm32h7xx_hal_uart.o
    0x080064a2   0x080064a2   0x00000006   PAD
    0x080064a8   0x080064a8   0x00000090   Code   RO          136    .text.HAL_UART_MspInit  usart.o
    0x08006538   0x08006538   0x00000002   Code   RO          151    .text.HardFault_Handler  stm32h7xx_it.o
    0x0800653a   0x0800653a   0x00000006   PAD
    0x08006540   0x08006540   0x00000032   Code   RO         1502    .text.I2SEx_DMATxRxCplt  stm32h7xx_hal_i2s.o
    0x08006572   0x08006572   0x00000006   PAD
    0x08006578   0x08006578   0x0000000a   Code   RO         1500    .text.I2SEx_DMATxRxHalfCplt  stm32h7xx_hal_i2s.o
    0x08006582   0x08006582   0x00000006   PAD
    0x08006588   0x08006588   0x00000028   Code   RO         1490    .text.I2S_DMAError  stm32h7xx_hal_i2s.o
    0x080065b0   0x080065b0   0x00000052   Code   RO         1993    .text.IIC_Init      myiic.o
    0x08006602   0x08006602   0x00000006   PAD
    0x08006608   0x08006608   0x00000014   Code   RO         1987    .text.IIC_SCL       myiic.o
    0x0800661c   0x0800661c   0x00000004   PAD
    0x08006620   0x08006620   0x00000014   Code   RO         1989    .text.IIC_SDA       myiic.o
    0x08006634   0x08006634   0x00000004   PAD
    0x08006638   0x08006638   0x00000042   Code   RO         2005    .text.IIC_Send_Byte  myiic.o
    0x0800667a   0x0800667a   0x00000006   PAD
    0x08006680   0x08006680   0x0000002c   Code   RO         1995    .text.IIC_Start     myiic.o
    0x080066ac   0x080066ac   0x00000004   PAD
    0x080066b0   0x080066b0   0x0000002c   Code   RO         1997    .text.IIC_Stop      myiic.o
    0x080066dc   0x080066dc   0x00000004   PAD
    0x080066e0   0x080066e0   0x00000028   Code   RO         1999    .text.IIC_Wait_Ack  myiic.o
    0x08006708   0x08006708   0x0000003a   Code   RO         1934    .text.LCD_Address_Set  lcd_init.o
    0x08006742   0x08006742   0x00000006   PAD
    0x08006748   0x08006748   0x00000098   Code   RO         1876    .text.LCD_DrawLine  lcd.o
    0x080067e0   0x080067e0   0x00000014   Code   RO         1874    .text.LCD_DrawPoint  lcd.o
    0x080067f4   0x080067f4   0x00000004   PAD
    0x080067f8   0x080067f8   0x0000004e   Code   RO         1872    .text.LCD_Fill      lcd.o
    0x08006846   0x08006846   0x00000002   PAD
    0x08006848   0x08006848   0x0000014e   Code   RO         1892    .text.LCD_ShowChar  lcd.o
    0x08006996   0x08006996   0x00000002   PAD
    0x08006998   0x08006998   0x000000b2   Code   RO         1898    .text.LCD_ShowIntNum  lcd.o
    0x08006a4a   0x08006a4a   0x00000006   PAD
    0x08006a50   0x08006a50   0x00000066   Code   RO         1902    .text.LCD_ShowPicture  lcd.o
    0x08006ab6   0x08006ab6   0x00000002   PAD
    0x08006ab8   0x08006ab8   0x000000aa   Code   RO         1904    .text.LCD_ShowPictureBinary  lcd.o
    0x08006b62   0x08006b62   0x00000006   PAD
    0x08006b68   0x08006b68   0x00000044   Code   RO         1894    .text.LCD_ShowString  lcd.o
    0x08006bac   0x08006bac   0x00000004   PAD
    0x08006bb0   0x08006bb0   0x0000003e   Code   RO         1928    .text.LCD_WR_DATA   lcd_init.o
    0x08006bee   0x08006bee   0x00000002   PAD
    0x08006bf0   0x08006bf0   0x00000008   Code   RO         1926    .text.LCD_WR_DATA8  lcd_init.o
    0x08006bf8   0x08006bf8   0x00000028   Code   RO         1932    .text.LCD_WR_REG    lcd_init.o
    0x08006c20   0x08006c20   0x0000003c   Code   RO         1922    .text.LCD_Writ_Bus  lcd_init.o
    0x08006c5c   0x08006c5c   0x00000004   PAD
    0x08006c60   0x08006c60   0x00000010   Code   RO          200    .text.LL_ADC_DisableDeepPowerDown  stm32h7xx_hal_adc.o
    0x08006c70   0x08006c70   0x00000012   Code   RO          322    .text.LL_ADC_Enable  stm32h7xx_hal_adc.o
    0x08006c82   0x08006c82   0x00000006   PAD
    0x08006c88   0x08006c88   0x00000014   Code   RO          204    .text.LL_ADC_EnableInternalRegulator  stm32h7xx_hal_adc.o
    0x08006c9c   0x08006c9c   0x00000004   PAD
    0x08006ca0   0x08006ca0   0x00000008   Code   RO          286    .text.LL_ADC_GetCommonPathInternalCh  stm32h7xx_hal_adc.o
    0x08006ca8   0x08006ca8   0x00000008   Code   RO          236    .text.LL_ADC_GetMultiDMATransfer  stm32h7xx_hal_adc.o
    0x08006cb0   0x08006cb0   0x00000008   Code   RO          226    .text.LL_ADC_GetMultimode  stm32h7xx_hal_adc.o
    0x08006cb8   0x08006cb8   0x00000008   Code   RO          212    .text.LL_ADC_INJ_IsConversionOngoing  stm32h7xx_hal_adc.o
    0x08006cc0   0x08006cc0   0x0000000e   Code   RO          264    .text.LL_ADC_INJ_IsTriggerSourceSWStart  stm32h7xx_hal_adc.o
    0x08006cce   0x08006cce   0x00000002   PAD
    0x08006cd0   0x08006cd0   0x00000008   Code   RO          198    .text.LL_ADC_IsDeepPowerDownEnabled  stm32h7xx_hal_adc.o
    0x08006cd8   0x08006cd8   0x00000008   Code   RO          208    .text.LL_ADC_IsEnabled  stm32h7xx_hal_adc.o
    0x08006ce0   0x08006ce0   0x00000008   Code   RO          346    .text.LL_ADC_IsEnabled  stm32h7xx_hal_adc_ex.o
    0x08006ce8   0x08006ce8   0x00000008   Code   RO          202    .text.LL_ADC_IsInternalRegulatorEnabled  stm32h7xx_hal_adc.o
    0x08006cf0   0x08006cf0   0x00000008   Code   RO          206    .text.LL_ADC_REG_IsConversionOngoing  stm32h7xx_hal_adc.o
    0x08006cf8   0x08006cf8   0x00000008   Code   RO          348    .text.LL_ADC_REG_IsConversionOngoing  stm32h7xx_hal_adc_ex.o
    0x08006d00   0x08006d00   0x0000000e   Code   RO          238    .text.LL_ADC_REG_IsTriggerSourceSWStart  stm32h7xx_hal_adc.o
    0x08006d0e   0x08006d0e   0x00000002   PAD
    0x08006d10   0x08006d10   0x0000000c   Code   RO          254    .text.LL_ADC_REG_SetDataTransferMode  stm32h7xx_hal_adc.o
    0x08006d1c   0x08006d1c   0x00000004   PAD
    0x08006d20   0x08006d20   0x0000002c   Code   RO          274    .text.LL_ADC_REG_SetSequencerRanks  stm32h7xx_hal_adc.o
    0x08006d4c   0x08006d4c   0x00000004   PAD
    0x08006d50   0x08006d50   0x00000012   Code   RO          230    .text.LL_ADC_REG_StartConversion  stm32h7xx_hal_adc.o
    0x08006d62   0x08006d62   0x00000006   PAD
    0x08006d68   0x08006d68   0x00000028   Code   RO          276    .text.LL_ADC_SetChannelSamplingTime  stm32h7xx_hal_adc.o
    0x08006d90   0x08006d90   0x00000024   Code   RO          284    .text.LL_ADC_SetChannelSingleDiff  stm32h7xx_hal_adc.o
    0x08006db4   0x08006db4   0x00000004   PAD
    0x08006db8   0x08006db8   0x0000000c   Code   RO          210    .text.LL_ADC_SetCommonClock  stm32h7xx_hal_adc.o
    0x08006dc4   0x08006dc4   0x00000004   PAD
    0x08006dc8   0x08006dc8   0x0000000c   Code   RO          288    .text.LL_ADC_SetCommonPathInternalCh  stm32h7xx_hal_adc.o
    0x08006dd4   0x08006dd4   0x00000004   PAD
    0x08006dd8   0x08006dd8   0x00000014   Code   RO          282    .text.LL_ADC_SetDataRightShift  stm32h7xx_hal_adc.o
    0x08006dec   0x08006dec   0x00000004   PAD
    0x08006df0   0x08006df0   0x00000016   Code   RO          278    .text.LL_ADC_SetOffset  stm32h7xx_hal_adc.o
    0x08006e06   0x08006e06   0x00000002   PAD
    0x08006e08   0x08006e08   0x00000010   Code   RO          280    .text.LL_ADC_SetOffsetSignedSaturation  stm32h7xx_hal_adc.o
    0x08006e18   0x08006e18   0x000000b2   Code   RO           39    .text.MX_ADC1_Init  adc.o
    0x08006eca   0x08006eca   0x00000006   PAD
    0x08006ed0   0x08006ed0   0x00000092   Code   RO           41    .text.MX_ADC2_Init  adc.o
    0x08006f62   0x08006f62   0x00000006   PAD
    0x08006f68   0x08006f68   0x00000062   Code   RO           71    .text.MX_DMA_Init   dma.o
    0x08006fca   0x08006fca   0x00000006   PAD
    0x08006fd0   0x08006fd0   0x00000074   Code   RO           80    .text.MX_FMC_Init   fmc.o
    0x08007044   0x08007044   0x00000004   PAD
    0x08007048   0x08007048   0x000001f8   Code   RO           28    .text.MX_GPIO_Init  gpio.o
    0x08007240   0x08007240   0x0000007a   Code   RO          101    .text.MX_I2S3_Init  i2s.o
    0x080072ba   0x080072ba   0x00000006   PAD
    0x080072c0   0x080072c0   0x00000052   Code   RO          119    .text.MX_SPI4_Init  spi.o
    0x08007312   0x08007312   0x00000006   PAD
    0x08007318   0x08007318   0x0000007a   Code   RO          134    .text.MX_UART5_Init  usart.o
    0x08007392   0x08007392   0x00000006   PAD
    0x08007398   0x08007398   0x00000002   Code   RO          153    .text.MemManage_Handler  stm32h7xx_it.o
    0x0800739a   0x0800739a   0x00000006   PAD
    0x080073a0   0x080073a0   0x00000002   Code   RO          149    .text.NMI_Handler   stm32h7xx_it.o
    0x080073a2   0x080073a2   0x00000006   PAD
    0x080073a8   0x080073a8   0x0000002e   Code   RO          967    .text.NVIC_EncodePriority  stm32h7xx_hal_cortex.o
    0x080073d6   0x080073d6   0x00000002   PAD
    0x080073d8   0x080073d8   0x00000002   Code   RO          163    .text.PendSV_Handler  stm32h7xx_it.o
    0x080073da   0x080073da   0x00000006   PAD
    0x080073e0   0x080073e0   0x0000002c   Code   RO           15    .text.PeriphCommonClock_Config  main.o
    0x0800740c   0x0800740c   0x00000004   PAD
    0x08007410   0x08007410   0x0000011e   Code   RO          492    .text.RCCEx_PLL2_Config  stm32h7xx_hal_rcc_ex.o
    0x0800752e   0x0800752e   0x00000002   PAD
    0x08007530   0x08007530   0x0000011e   Code   RO          494    .text.RCCEx_PLL3_Config  stm32h7xx_hal_rcc_ex.o
    0x0800764e   0x0800764e   0x00000002   PAD
    0x08007650   0x08007650   0x00000024   Code   RO         1983    .text.SDA_IN        myiic.o
    0x08007674   0x08007674   0x00000004   PAD
    0x08007678   0x08007678   0x00000026   Code   RO         1985    .text.SDA_OUT       myiic.o
    0x0800769e   0x0800769e   0x00000002   PAD
    0x080076a0   0x080076a0   0x00000010   Code   RO          177    .text.SPI3_IRQHandler  stm32h7xx_it.o
    0x080076b0   0x080076b0   0x000000b6   Code   RO         1551    .text.SPI_CloseTransfer  stm32h7xx_hal_spi.o
    0x08007766   0x08007766   0x00000002   PAD
    0x08007768   0x08007768   0x00000012   Code   RO         1541    .text.SPI_GetPacketSize  stm32h7xx_hal_spi.o
    0x0800777a   0x0800777a   0x00000006   PAD
    0x08007780   0x08007780   0x000001c4   Code   RO         1936    .text.SPI_LCD_Init  lcd_init.o
    0x08007944   0x08007944   0x00000004   PAD
    0x08007948   0x08007948   0x0000002e   Code   RO         1553    .text.SPI_WaitOnFlagUntilTimeout  stm32h7xx_hal_spi.o
    0x08007976   0x08007976   0x00000002   PAD
    0x08007978   0x08007978   0x00000002   Code   RO          159    .text.SVC_Handler   stm32h7xx_it.o
    0x0800797a   0x0800797a   0x00000006   PAD
    0x08007980   0x08007980   0x0000002e   Code   RO          983    .text.SysTick_Config  stm32h7xx_hal_cortex.o
    0x080079ae   0x080079ae   0x00000002   PAD
    0x080079b0   0x080079b0   0x00000008   Code   RO          165    .text.SysTick_Handler  stm32h7xx_it.o
    0x080079b8   0x080079b8   0x00000106   Code   RO           13    .text.SystemClock_Config  main.o
    0x08007abe   0x08007abe   0x00000002   PAD
    0x08007ac0   0x08007ac0   0x000000cc   Code   RO         1857    .text.SystemInit    system_stm32h7xx.o
    0x08007b8c   0x08007b8c   0x00000004   PAD
    0x08007b90   0x08007b90   0x00000054   Code   RO         1832    .text.UARTEx_SetNbDataToProcess  stm32h7xx_hal_uart_ex.o
    0x08007be4   0x08007be4   0x00000004   PAD
    0x08007be8   0x08007be8   0x000000e0   Code   RO         1669    .text.UART_AdvFeatureConfig  stm32h7xx_hal_uart.o
    0x08007cc8   0x08007cc8   0x000000b8   Code   RO         1671    .text.UART_CheckIdleState  stm32h7xx_hal_uart.o
    0x08007d80   0x08007d80   0x0000005a   Code   RO         1723    .text.UART_EndRxTransfer  stm32h7xx_hal_uart.o
    0x08007dda   0x08007dda   0x00000006   PAD
    0x08007de0   0x08007de0   0x00000582   Code   RO         1667    .text.UART_SetConfig  stm32h7xx_hal_uart.o
    0x08008362   0x08008362   0x00000006   PAD
    0x08008368   0x08008368   0x000000ba   Code   RO         1685    .text.UART_WaitOnFlagUntilTimeout  stm32h7xx_hal_uart.o
    0x08008422   0x08008422   0x00000006   PAD
    0x08008428   0x08008428   0x00000002   Code   RO          157    .text.UsageFault_Handler  stm32h7xx_it.o
    0x0800842a   0x0800842a   0x00000006   PAD
    0x08008430   0x08008430   0x00000038   Code   RO         2023    .text.WM8978_ADDA_Cfg  wm8978.o
    0x08008468   0x08008468   0x0000002a   Code   RO         2029    .text.WM8978_AUX_Gain  wm8978.o
    0x08008492   0x08008492   0x00000006   PAD
    0x08008498   0x08008498   0x00000028   Code   RO         2037    .text.WM8978_HPvol_Set  wm8978.o
    0x080084c0   0x080084c0   0x00000016   Code   RO         2035    .text.WM8978_I2S_Cfg  wm8978.o
    0x080084d6   0x080084d6   0x00000002   PAD
    0x080084d8   0x080084d8   0x00000084   Code   RO         2017    .text.WM8978_Init   wm8978.o
    0x0800855c   0x0800855c   0x00000004   PAD
    0x08008560   0x08008560   0x00000052   Code   RO         2025    .text.WM8978_Input_Cfg  wm8978.o
    0x080085b2   0x080085b2   0x00000006   PAD
    0x080085b8   0x080085b8   0x00000032   Code   RO         2027    .text.WM8978_LINEIN_Gain  wm8978.o
    0x080085ea   0x080085ea   0x00000006   PAD
    0x080085f0   0x080085f0   0x0000001a   Code   RO         2033    .text.WM8978_MIC_Gain  wm8978.o
    0x0800860a   0x0800860a   0x00000006   PAD
    0x08008610   0x08008610   0x00000024   Code   RO         2031    .text.WM8978_Output_Cfg  wm8978.o
    0x08008634   0x08008634   0x00000004   PAD
    0x08008638   0x08008638   0x0000000e   Code   RO         2021    .text.WM8978_Read_Reg  wm8978.o
    0x08008646   0x08008646   0x00000002   PAD
    0x08008648   0x08008648   0x00000020   Code   RO         2039    .text.WM8978_SPKvol_Set  wm8978.o
    0x08008668   0x08008668   0x0000005c   Code   RO         2019    .text.WM8978_Write_Reg  wm8978.o
    0x080086c4   0x080086c4   0x00000004   PAD
    0x080086c8   0x080086c8   0x00000020   Code   RO          971    .text.__NVIC_EnableIRQ  stm32h7xx_hal_cortex.o
    0x080086e8   0x080086e8   0x00000010   Code   RO          963    .text.__NVIC_GetPriorityGrouping  stm32h7xx_hal_cortex.o
    0x080086f8   0x080086f8   0x00000022   Code   RO          965    .text.__NVIC_SetPriority  stm32h7xx_hal_cortex.o
    0x0800871a   0x0800871a   0x00000006   PAD
    0x08008720   0x08008720   0x00000020   Code   RO          959    .text.__NVIC_SetPriorityGrouping  stm32h7xx_hal_cortex.o
    0x08008740   0x08008740   0x00000048   Code   RO         2421    .text.arm_bitreversal_32  arm_cortexM7lfsp_math.lib(arm_bitreversal2.o)
    0x08008788   0x08008788   0x000000e0   Code   RO         2280    .text.arm_cfft_f32  arm_cortexM7lfsp_math.lib(arm_cfft_f32.o)
    0x08008868   0x08008868   0x000000b4   Code   RO         2290    .text.arm_cfft_init_f32  arm_cortexM7lfsp_math.lib(arm_cfft_init_f32.o)
    0x0800891c   0x0800891c   0x00000170   Code   RO         2276    .text.arm_cfft_radix8by2_f32  arm_cortexM7lfsp_math.lib(arm_cfft_f32.o)
    0x08008a8c   0x08008a8c   0x000003bc   Code   RO         2278    .text.arm_cfft_radix8by4_f32  arm_cortexM7lfsp_math.lib(arm_cfft_f32.o)
    0x08008e48   0x08008e48   0x00000140   Code   RO         2226    .text.arm_cmplx_mag_f32  arm_cortexM7lfsp_math.lib(arm_cmplx_mag_f32.o)
    0x08008f88   0x08008f88   0x00000524   Code   RO         2433    .text.arm_radix8_butterfly_f32  arm_cortexM7lfsp_math.lib(arm_cfft_radix8_f32.o)
    0x080094ac   0x080094ac   0x0000002a   Code   RO         2256    .text.arm_rfft_1024_fast_init_f32  arm_cortexM7lfsp_math.lib(arm_rfft_fast_init_f32.o)
    0x080094d6   0x080094d6   0x00000026   Code   RO         2262    .text.arm_rfft_128_fast_init_f32  arm_cortexM7lfsp_math.lib(arm_rfft_fast_init_f32.o)
    0x080094fc   0x080094fc   0x0000002a   Code   RO         2254    .text.arm_rfft_2048_fast_init_f32  arm_cortexM7lfsp_math.lib(arm_rfft_fast_init_f32.o)
    0x08009526   0x08009526   0x00000028   Code   RO         2260    .text.arm_rfft_256_fast_init_f32  arm_cortexM7lfsp_math.lib(arm_rfft_fast_init_f32.o)
    0x0800954e   0x0800954e   0x00000026   Code   RO         2266    .text.arm_rfft_32_fast_init_f32  arm_cortexM7lfsp_math.lib(arm_rfft_fast_init_f32.o)
    0x08009574   0x08009574   0x0000002a   Code   RO         2252    .text.arm_rfft_4096_fast_init_f32  arm_cortexM7lfsp_math.lib(arm_rfft_fast_init_f32.o)
    0x0800959e   0x0800959e   0x0000002a   Code   RO         2258    .text.arm_rfft_512_fast_init_f32  arm_cortexM7lfsp_math.lib(arm_rfft_fast_init_f32.o)
    0x080095c8   0x080095c8   0x00000026   Code   RO         2264    .text.arm_rfft_64_fast_init_f32  arm_cortexM7lfsp_math.lib(arm_rfft_fast_init_f32.o)
    0x080095ee   0x080095ee   0x00000046   Code   RO         2240    .text.arm_rfft_fast_f32  arm_cortexM7lfsp_math.lib(arm_rfft_fast_f32.o)
    0x08009634   0x08009634   0x00000090   Code   RO         2250    .text.arm_rfft_fast_init_f32  arm_cortexM7lfsp_math.lib(arm_rfft_fast_init_f32.o)
    0x080096c4   0x080096c4   0x00000022   Code   RO         2217    .text.arm_vexp_f32  arm_cortexM7lfsp_math.lib(arm_vexp_f32.o)
    0x080096e6   0x080096e6   0x00000002   PAD
    0x080096e8   0x080096e8   0x0000004c   Code   RO         2166    .text.check_witch_string  tuner.o
    0x08009734   0x08009734   0x00000004   PAD
    0x08009738   0x08009738   0x0000006c   Code   RO         2064    .text.delay_us      delay.o
    0x080097a4   0x080097a4   0x00000004   PAD
    0x080097a8   0x080097a8   0x0000018c   Code   RO         2078    .text.effect_process  effect_chain.o
    0x08009934   0x08009934   0x00000004   PAD
    0x08009938   0x08009938   0x000000d2   Code   RO         2164    .text.fft_tuner_buffer_keeper  tuner.o
    0x08009a0a   0x08009a0a   0x00000006   PAD
    0x08009a10   0x08009a10   0x00000030   Code   RO           49    .text.init_adc_dma  adc.o
    0x08009a40   0x08009a40   0x00000058   Code   RO         2082    .text.init_input_output_confit  effect_chain.o
    0x08009a98   0x08009a98   0x0000008e   Code   RO         2158    .text.init_tuner    tuner.o
    0x08009b26   0x08009b26   0x00000002   PAD
    0x08009b28   0x08009b28   0x000000ce   Code   RO           11    .text.main          main.o
    0x08009bf6   0x08009bf6   0x00000002   PAD
    0x08009bf8   0x08009bf8   0x000000a4   Code   RO         2238    .text.merge_rfft_f32  arm_cortexM7lfsp_math.lib(arm_rfft_fast_f32.o)
    0x08009c9c   0x08009c9c   0x00000004   PAD
    0x08009ca0   0x08009ca0   0x00000066   Code   RO         1957    .text.my_mem_free   malloc.o
    0x08009d06   0x08009d06   0x00000002   PAD
    0x08009d08   0x08009d08   0x00000054   Code   RO         1947    .text.my_mem_init   malloc.o
    0x08009d5c   0x08009d5c   0x00000004   PAD
    0x08009d60   0x08009d60   0x0000009e   Code   RO         1955    .text.my_mem_malloc  malloc.o
    0x08009dfe   0x08009dfe   0x00000002   PAD
    0x08009e00   0x08009e00   0x0000003c   Code   RO         1949    .text.my_mem_perused  malloc.o
    0x08009e3c   0x08009e3c   0x00000004   PAD
    0x08009e40   0x08009e40   0x00000022   Code   RO         1959    .text.myfree        malloc.o
    0x08009e62   0x08009e62   0x00000006   PAD
    0x08009e68   0x08009e68   0x00000022   Code   RO         1961    .text.mymalloc      malloc.o
    0x08009e8a   0x08009e8a   0x00000006   PAD
    0x08009e90   0x08009e90   0x00000018   Code   RO         1953    .text.mymemset      malloc.o
    0x08009ea8   0x08009ea8   0x00000016   Code   RO         1896    .text.mypow         lcd.o
    0x08009ebe   0x08009ebe   0x00000002   PAD
    0x08009ec0   0x08009ec0   0x0000017c   Code   RO         2118    .text.reverb_init   reverb.o
    0x0800a03c   0x0800a03c   0x00000004   PAD
    0x0800a040   0x0800a040   0x000004dc   Code   RO         2194    .text.spi_lcd_handle  ugly_ui.o
    0x0800a51c   0x0800a51c   0x000000ac   Code   RO         2236    .text.stage_rfft_f32  arm_cortexM7lfsp_math.lib(arm_rfft_fast_f32.o)
    0x0800a5c8   0x0800a5c8   0x00000100   Code   RO         2168    .text.tuner_function  tuner.o
    0x0800a6c8   0x0800a6c8   0x0000007e   Code   RO         2160    .text.uninit_tuner  tuner.o
    0x0800a746   0x0800a746   0x00000002   PAD
    0x0800a748   0x0800a748   0x00000174   Code   RO           37    .text.update_controller  adc.o
    0x0800a8bc   0x0800a8bc   0x00000030   Code   RO         2702    i.__ARM_fpclassify  m_wm.l(fpclassify.o)
    0x0800a8ec   0x0800a8ec   0x00000026   Code   RO         2647    i.__ARM_fpclassifyf  m_wm.l(fpclassifyf.o)
    0x0800a912   0x0800a912   0x00000006   PAD
    0x0800a918   0x0800a918   0x000000c8   Code   RO         2558    i.__hardfp_cos      m_wm.l(cos.o)
    0x0800a9e0   0x0800a9e0   0x000001ec   Code   RO         2570    i.__hardfp_expf     m_wm.l(expf.o)
    0x0800abcc   0x0800abcc   0x00000004   PAD
    0x0800abd0   0x0800abd0   0x000000c8   Code   RO         2584    i.__hardfp_sin      m_wm.l(sin.o)
    0x0800ac98   0x0800ac98   0x0000003a   Code   RO         2596    i.__hardfp_sqrtf    m_wm.l(sqrtf.o)
    0x0800acd2   0x0800acd2   0x00000006   PAD
    0x0800acd8   0x0800acd8   0x00000438   Code   RO         2663    i.__ieee754_rem_pio2  m_wm.l(rred.o)
    0x0800b110   0x0800b110   0x00000170   Code   RO         2630    i.__kernel_cos      m_wm.l(cos_i.o)
    0x0800b280   0x0800b280   0x000000f8   Code   RO         2704    i.__kernel_poly     m_wm.l(poly.o)
    0x0800b378   0x0800b378   0x00000130   Code   RO         2668    i.__kernel_sin      m_wm.l(sin_i.o)
    0x0800b4a8   0x0800b4a8   0x00000014   Code   RO         2634    i.__mathlib_dbl_infnan  m_wm.l(dunder.o)
    0x0800b4bc   0x0800b4bc   0x00000004   PAD
    0x0800b4c0   0x0800b4c0   0x00000020   Code   RO         2636    i.__mathlib_dbl_invalid  m_wm.l(dunder.o)
    0x0800b4e0   0x0800b4e0   0x00000020   Code   RO         2639    i.__mathlib_dbl_underflow  m_wm.l(dunder.o)
    0x0800b500   0x0800b500   0x00000006   Code   RO         2650    i.__mathlib_flt_infnan  m_wm.l(funder.o)
    0x0800b506   0x0800b506   0x00000002   PAD
    0x0800b508   0x0800b508   0x00000010   Code   RO         2653    i.__mathlib_flt_overflow  m_wm.l(funder.o)
    0x0800b518   0x0800b518   0x00000010   Code   RO         2655    i.__mathlib_flt_underflow  m_wm.l(funder.o)
    0x0800b528   0x0800b528   0x00000018   Code   RO         2698    i.fabs              m_wm.l(fabs.o)
    0x0800b540   0x0800b540   0x00000018   Code   RO         2617    x$fpl$basic         fz_wm.l(basic.o)
    0x0800b558   0x0800b558   0x00000062   Code   RO         2532    x$fpl$d2f           fz_wm.l(d2f.o)
    0x0800b5ba   0x0800b5ba   0x00000002   PAD
    0x0800b5bc   0x0800b5bc   0x00000150   Code   RO         2534    x$fpl$dadd          fz_wm.l(daddsub_clz.o)
    0x0800b70c   0x0800b70c   0x000002b0   Code   RO         2541    x$fpl$ddiv          fz_wm.l(ddiv.o)
    0x0800b9bc   0x0800b9bc   0x0000005e   Code   RO         2544    x$fpl$dfix          fz_wm.l(dfix.o)
    0x0800ba1a   0x0800ba1a   0x0000002e   Code   RO         2549    x$fpl$dflt          fz_wm.l(dflt_clz.o)
    0x0800ba48   0x0800ba48   0x00000026   Code   RO         2548    x$fpl$dfltu         fz_wm.l(dflt_clz.o)
    0x0800ba6e   0x0800ba6e   0x00000002   PAD
    0x0800ba70   0x0800ba70   0x00000154   Code   RO         2554    x$fpl$dmul          fz_wm.l(dmul.o)
    0x0800bbc4   0x0800bbc4   0x0000009c   Code   RO         2619    x$fpl$dnaninf       fz_wm.l(dnaninf.o)
    0x0800bc60   0x0800bc60   0x0000000c   Code   RO         2621    x$fpl$dretinf       fz_wm.l(dretinf.o)
    0x0800bc6c   0x0800bc6c   0x00000016   Code   RO         2535    x$fpl$drsb          fz_wm.l(daddsub_clz.o)
    0x0800bc82   0x0800bc82   0x00000002   PAD
    0x0800bc84   0x0800bc84   0x000001d4   Code   RO         2536    x$fpl$dsub          fz_wm.l(daddsub_clz.o)
    0x0800be58   0x0800be58   0x00000056   Code   RO         2556    x$fpl$f2d           fz_wm.l(f2d.o)
    0x0800beae   0x0800beae   0x0000008c   Code   RO         2623    x$fpl$fnaninf       fz_wm.l(fnaninf.o)
    0x0800bf3a   0x0800bf3a   0x0000001a   Code   RO         2793    x$fpl$fpinit        fz_wm.l(fpinit.o)
    0x0800bf54   0x0800bf54   0x0000000a   Code   RO         2625    x$fpl$fretinf       fz_wm.l(fretinf.o)
    0x0800bf5e   0x0800bf5e   0x00000000   Code   RO         2629    x$fpl$usenofp       fz_wm.l(usenofp.o)
    0x0800bf5e   0x0800bf5e   0x00000002   PAD
    0x0800bf60   0x0800bf60   0x00000030   Data   RO         2573    .constdata          m_wm.l(expf.o)
    0x0800bf90   0x0800bf90   0x00000030   Data   RO         2631    .constdata          m_wm.l(cos_i.o)
    0x0800bfc0   0x0800bfc0   0x000000cc   Data   RO         2665    .constdata          m_wm.l(rred.o)
    0x0800c08c   0x0800c08c   0x00000004   PAD
    0x0800c090   0x0800c090   0x00000028   Data   RO         2669    .constdata          m_wm.l(sin_i.o)
    0x0800c0b8   0x0800c0b8   0x00000018   Data   RO         2184    .rodata..L__const.tuner_function.freq_list  tuner.o
    0x0800c0d0   0x0800c0d0   0x00000010   Data   RO         1863    .rodata.D1CorePrescTable  system_stm32h7xx.o
    0x0800c0e0   0x0800c0e0   0x00000018   Data   RO         1803    .rodata.UARTPrescTable  stm32h7xx_hal_uart.o
    0x0800c0f8   0x0800c0f8   0x00000e10   Data   RO         2351    .rodata.armBitRevIndexTable1024  arm_cortexM7lfsp_math.lib(arm_common_tables.o)
    0x0800cf08   0x0800cf08   0x000001a0   Data   RO         2348    .rodata.armBitRevIndexTable128  arm_cortexM7lfsp_math.lib(arm_common_tables.o)
    0x0800d0a8   0x0800d0a8   0x00000028   Data   RO         2345    .rodata.armBitRevIndexTable16  arm_cortexM7lfsp_math.lib(arm_common_tables.o)
    0x0800d0d0   0x0800d0d0   0x00001dc0   Data   RO         2352    .rodata.armBitRevIndexTable2048  arm_cortexM7lfsp_math.lib(arm_common_tables.o)
    0x0800ee90   0x0800ee90   0x00000370   Data   RO         2349    .rodata.armBitRevIndexTable256  arm_cortexM7lfsp_math.lib(arm_common_tables.o)
    0x0800f200   0x0800f200   0x00000060   Data   RO         2346    .rodata.armBitRevIndexTable32  arm_cortexM7lfsp_math.lib(arm_common_tables.o)
    0x0800f260   0x0800f260   0x00001f80   Data   RO         2353    .rodata.armBitRevIndexTable4096  arm_cortexM7lfsp_math.lib(arm_common_tables.o)
    0x080111e0   0x080111e0   0x00000380   Data   RO         2350    .rodata.armBitRevIndexTable512  arm_cortexM7lfsp_math.lib(arm_common_tables.o)
    0x08011560   0x08011560   0x00000070   Data   RO         2347    .rodata.armBitRevIndexTable64  arm_cortexM7lfsp_math.lib(arm_common_tables.o)
    0x080115d0   0x080115d0   0x00000010   Data   RO         2457    .rodata.arm_cfft_sR_f32_len1024  arm_cortexM7lfsp_math.lib(arm_const_structs.o)
    0x080115e0   0x080115e0   0x00000010   Data   RO         2454    .rodata.arm_cfft_sR_f32_len128  arm_cortexM7lfsp_math.lib(arm_const_structs.o)
    0x080115f0   0x080115f0   0x00000010   Data   RO         2451    .rodata.arm_cfft_sR_f32_len16  arm_cortexM7lfsp_math.lib(arm_const_structs.o)
    0x08011600   0x08011600   0x00000010   Data   RO         2458    .rodata.arm_cfft_sR_f32_len2048  arm_cortexM7lfsp_math.lib(arm_const_structs.o)
    0x08011610   0x08011610   0x00000010   Data   RO         2455    .rodata.arm_cfft_sR_f32_len256  arm_cortexM7lfsp_math.lib(arm_const_structs.o)
    0x08011620   0x08011620   0x00000010   Data   RO         2452    .rodata.arm_cfft_sR_f32_len32  arm_cortexM7lfsp_math.lib(arm_const_structs.o)
    0x08011630   0x08011630   0x00000010   Data   RO         2459    .rodata.arm_cfft_sR_f32_len4096  arm_cortexM7lfsp_math.lib(arm_const_structs.o)
    0x08011640   0x08011640   0x00000010   Data   RO         2456    .rodata.arm_cfft_sR_f32_len512  arm_cortexM7lfsp_math.lib(arm_const_structs.o)
    0x08011650   0x08011650   0x00000010   Data   RO         2453    .rodata.arm_cfft_sR_f32_len64  arm_cortexM7lfsp_math.lib(arm_const_structs.o)
    0x08011660   0x08011660   0x00000474   Data   RO         1906    .rodata.ascii_1206  lcd.o
    0x08011ad4   0x08011ad4   0x000005f0   Data   RO         1907    .rodata.ascii_1608  lcd.o
    0x080120c4   0x080120c4   0x000011d0   Data   RO         1908    .rodata.ascii_2412  lcd.o
    0x08013294   0x08013294   0x000017c0   Data   RO         1909    .rodata.ascii_3216  lcd.o
    0x08014a54   0x08014a54   0x00000010   Data   RO         1848    .rodata.cst8        stm32h7xx_hal_uart_ex.o
    0x08014a64   0x08014a64   0x00004ec0   Data   RO         2197    .rodata.gImage_boost  ugly_ui.o
    0x08019924   0x08019924   0x00004ec0   Data   RO         2199    .rodata.gImage_reverb  ugly_ui.o
    0x0801e7e4   0x0801e7e4   0x00005208   Data   RO         2198    .rodata.gImage_sd1  ugly_ui.o
    0x080239ec   0x080239ec   0x00023a00   Data   RO         2200    .rodata.gImage_tunner  ugly_ui.o
    0x080473ec   0x080473ec   0x0000000c   Data   RO         1966    .rodata.memblksize  malloc.o
    0x080473f8   0x080473f8   0x0000000c   Data   RO         1967    .rodata.memsize     malloc.o
    0x08047404   0x08047404   0x0000000c   Data   RO         1965    .rodata.memtblsize  malloc.o
    0x08047410   0x08047410   0x00015db8   Data   RO         2196    .rodata.taikongren  ugly_ui.o
    0x0805d1c8   0x0805d1c8   0x00002000   Data   RO         2315    .rodata.twiddleCoef_1024  arm_cortexM7lfsp_math.lib(arm_common_tables.o)
    0x0805f1c8   0x0805f1c8   0x00000400   Data   RO         2312    .rodata.twiddleCoef_128  arm_cortexM7lfsp_math.lib(arm_common_tables.o)
    0x0805f5c8   0x0805f5c8   0x00000080   Data   RO         2309    .rodata.twiddleCoef_16  arm_cortexM7lfsp_math.lib(arm_common_tables.o)
    0x0805f648   0x0805f648   0x00004000   Data   RO         2316    .rodata.twiddleCoef_2048  arm_cortexM7lfsp_math.lib(arm_common_tables.o)
    0x08063648   0x08063648   0x00000800   Data   RO         2313    .rodata.twiddleCoef_256  arm_cortexM7lfsp_math.lib(arm_common_tables.o)
    0x08063e48   0x08063e48   0x00000100   Data   RO         2310    .rodata.twiddleCoef_32  arm_cortexM7lfsp_math.lib(arm_common_tables.o)
    0x08063f48   0x08063f48   0x00008000   Data   RO         2317    .rodata.twiddleCoef_4096  arm_cortexM7lfsp_math.lib(arm_common_tables.o)
    0x0806bf48   0x0806bf48   0x00001000   Data   RO         2314    .rodata.twiddleCoef_512  arm_cortexM7lfsp_math.lib(arm_common_tables.o)
    0x0806cf48   0x0806cf48   0x00000200   Data   RO         2311    .rodata.twiddleCoef_64  arm_cortexM7lfsp_math.lib(arm_common_tables.o)
    0x0806d148   0x0806d148   0x00001000   Data   RO         2376    .rodata.twiddleCoef_rfft_1024  arm_cortexM7lfsp_math.lib(arm_common_tables.o)
    0x0806e148   0x0806e148   0x00000200   Data   RO         2373    .rodata.twiddleCoef_rfft_128  arm_cortexM7lfsp_math.lib(arm_common_tables.o)
    0x0806e348   0x0806e348   0x00002000   Data   RO         2377    .rodata.twiddleCoef_rfft_2048  arm_cortexM7lfsp_math.lib(arm_common_tables.o)
    0x08070348   0x08070348   0x00000400   Data   RO         2374    .rodata.twiddleCoef_rfft_256  arm_cortexM7lfsp_math.lib(arm_common_tables.o)
    0x08070748   0x08070748   0x00000080   Data   RO         2371    .rodata.twiddleCoef_rfft_32  arm_cortexM7lfsp_math.lib(arm_common_tables.o)
    0x080707c8   0x080707c8   0x00004000   Data   RO         2378    .rodata.twiddleCoef_rfft_4096  arm_cortexM7lfsp_math.lib(arm_common_tables.o)
    0x080747c8   0x080747c8   0x00000800   Data   RO         2375    .rodata.twiddleCoef_rfft_512  arm_cortexM7lfsp_math.lib(arm_common_tables.o)
    0x08074fc8   0x08074fc8   0x00000100   Data   RO         2372    .rodata.twiddleCoef_rfft_64  arm_cortexM7lfsp_math.lib(arm_common_tables.o)
    0x080750c8   0x080750c8   0x00000020   Data   RO         2854    Region$$Table       anon$$obj.o


    Execution Region RW_IRAM1 (Exec base: 0x20000000, Load base: 0x080750e8, Size: 0x000046e8, Max: 0x00020000, ABSOLUTE)

    Exec Addr    Load Addr    Size         Type   Attr      Idx    E Section Name        Object

    0x20000000   0x080750e8   0x00000004   Data   RW         2170    .data.FFT_LEN       tuner.o
    0x20000004   0x080750ec   0x00000004   Data   RW         1861    .data.SystemCoreClock  system_stm32h7xx.o
    0x20000008   0x080750f0   0x00000004   Data   RW         1862    .data.SystemD2Clock  system_stm32h7xx.o
    0x2000000c   0x080750f4   0x00000074   Data   RW         2055    .data.WM8978_REGVAL_TBL  wm8978.o
    0x20000080   0x08075168   0x00000004   Data   RW         2126    .data.ap0_g         reverb.o
    0x20000084   0x0807516c   0x00000004   Data   RW         2127    .data.ap1_g         reverb.o
    0x20000088   0x08075170   0x00000004   Data   RW         2128    .data.ap2_g         reverb.o
    0x2000008c   0x08075174   0x00000004   Data   RW         2122    .data.cf0_g         reverb.o
    0x20000090   0x08075178   0x00000004   Data   RW         2123    .data.cf1_g         reverb.o
    0x20000094   0x0807517c   0x00000004   Data   RW         2124    .data.cf2_g         reverb.o
    0x20000098   0x08075180   0x00000004   Data   RW         2125    .data.cf3_g         reverb.o
    0x2000009c   0x08075184   0x00000004   Data   RW         2171    .data.freq_scale    tuner.o
    0x200000a0   0x08075188   0x00000004   Data   RW         2121    .data.g_reverb_time  reverb.o
    0x200000a4   0x0807518c   0x00000001   Data   RW          107    .data.i2s_init_flag  i2s.o
    0x200000a5   0x0807518d   0x00000003   PAD
    0x200000a8   0x08075190   0x00000024   Data   RW         1974    .data.mallco_dev    malloc.o
    0x200000cc   0x080751b4   0x00000001   Data   RW         1128    .data.uwTickFreq    stm32h7xx_hal.o
    0x200000cd   0x080751b5   0x00000003   PAD
    0x200000d0   0x080751b8   0x00000004   Data   RW         1127    .data.uwTickPrio    stm32h7xx_hal.o
    0x200000d4   0x080751bc   0x00000004   PAD
    0x200000d8        -       0x00000060   Zero   RW         2707    .bss                c_w.l(libspace.o)
    0x20000138        -       0x00000018   Zero   RW         2178    .bss.FFT_Calculation.S  tuner.o
    0x20000150        -       0x00000001   Zero   RW           91    .bss.FMC_Initialized  fmc.o
    0x20000151        -       0x00000001   Zero   RW           59    .bss.HAL_ADC_ConvCpltCallback.adc1_flag  adc.o
    0x20000152        -       0x00000001   Zero   RW           60    .bss.HAL_ADC_ConvCpltCallback.adc2_flag  adc.o
    0x20000153        -       0x00000001   Zero   RW           58    .bss.HAL_ADC_ConvCpltCallback.sele  adc.o
    0x20000154        -       0x00000004   Zero   RW           55    .bss.HAL_RCC_ADC12_CLK_ENABLED  adc.o
    0x20000158        -       0x00000004   Zero   RW         2145    .bss.ap0_lim        reverb.o
    0x2000015c        -       0x00000004   Zero   RW         2133    .bss.ap0_p          reverb.o
    0x20000160        -       0x00000004   Zero   RW         2147    .bss.ap1_lim        reverb.o
    0x20000164        -       0x00000004   Zero   RW         2134    .bss.ap1_p          reverb.o
    0x20000168        -       0x00000004   Zero   RW         2149    .bss.ap2_lim        reverb.o
    0x2000016c        -       0x00000004   Zero   RW         2135    .bss.ap2_p          reverb.o
    0x20000170        -       0x00000004   Zero   RW         2144    .bss.apbuf0         reverb.o
    0x20000174        -       0x00000004   Zero   RW         2146    .bss.apbuf1         reverb.o
    0x20000178        -       0x00000004   Zero   RW         2148    .bss.apbuf2         reverb.o
    0x2000017c        -       0x00000004   Zero   RW         2175    .bss.array_FFT_output  tuner.o
    0x20000180        -       0x00000004   Zero   RW         2176    .bss.array_arm_cmplx_mag  tuner.o
    0x20000184        -       0x00000004   Zero   RW         2180    .bss.caller_cnt     tuner.o
    0x20000188        -       0x00000004   Zero   RW         2137    .bss.cf0_lim        reverb.o
    0x2000018c        -       0x00000004   Zero   RW         2129    .bss.cf0_p          reverb.o
    0x20000190        -       0x00000004   Zero   RW         2139    .bss.cf1_lim        reverb.o
    0x20000194        -       0x00000004   Zero   RW         2130    .bss.cf1_p          reverb.o
    0x20000198        -       0x00000004   Zero   RW         2141    .bss.cf2_lim        reverb.o
    0x2000019c        -       0x00000004   Zero   RW         2131    .bss.cf2_p          reverb.o
    0x200001a0        -       0x00000004   Zero   RW         2143    .bss.cf3_lim        reverb.o
    0x200001a4        -       0x00000004   Zero   RW         2132    .bss.cf3_p          reverb.o
    0x200001a8        -       0x00000004   Zero   RW         2136    .bss.cfbuf0         reverb.o
    0x200001ac        -       0x00000004   Zero   RW         2138    .bss.cfbuf1         reverb.o
    0x200001b0        -       0x00000004   Zero   RW         2140    .bss.cfbuf2         reverb.o
    0x200001b4        -       0x00000004   Zero   RW         2142    .bss.cfbuf3         reverb.o
    0x200001b8        -       0x00000004   Zero   RW         2182    .bss.fft_buffer_idx  tuner.o
    0x200001bc        -       0x00000004   Zero   RW         2181    .bss.fft_cnt        tuner.o
    0x200001c0        -       0x00000010   Zero   RW         2084    .bss.function_mode  effect_chain.o
    0x200001d0        -       0x00000024   Zero   RW         2091    .bss.g_effect_controller  effect_chain.o
    0x200001f4        -       0x00000004   Zero   RW         2173    .bss.g_fft_buf      tuner.o
    0x200001f8        -       0x00000004   Zero   RW         2174    .bss.g_fft_buf_temp  tuner.o
    0x200001fc        -       0x00000064   Zero   RW           53    .bss.hadc1          adc.o
    0x20000260        -       0x00000064   Zero   RW           54    .bss.hadc2          adc.o
    0x200002c4        -       0x00000078   Zero   RW           56    .bss.hdma_adc1      adc.o
    0x2000033c        -       0x00000078   Zero   RW           57    .bss.hdma_adc2      adc.o
    0x200003b4        -       0x00000078   Zero   RW          110    .bss.hdma_spi3_rx   i2s.o
    0x2000042c        -       0x00000078   Zero   RW          109    .bss.hdma_spi3_tx   i2s.o
    0x200004a4        -       0x00000004   Zero   RW         2177    .bss.header         tuner.o
    0x200004a8        -       0x00000054   Zero   RW          108    .bss.hi2s3          i2s.o
    0x200004fc        -       0x00000088   Zero   RW          125    .bss.hspi4          spi.o
    0x20000584        -       0x0000004c   Zero   RW           90    .bss.hsram2         fmc.o
    0x200005d0        -       0x00000094   Zero   RW          140    .bss.huart5         usart.o
    0x20000664        -       0x00000020   Zero   RW           51    .bss.nob_list       adc.o
    0x20000684        -       0x00000004   Zero   RW         2088    .bss.rxdmabuffer    effect_chain.o
    0x20000688        -       0x00000004   Zero   RW         2090    .bss.rxfloatbuffer  effect_chain.o
    0x2000068c        -       0x00000001   Zero   RW         2203    .bss.spi_lcd_handle.boost_disp_sts  ugly_ui.o
    0x2000068d        -       0x00000001   Zero   RW         2202    .bss.spi_lcd_handle.frameid  ugly_ui.o
    0x2000068e        -       0x00000002   Zero   RW         2206    .bss.spi_lcd_handle.line_endx  ugly_ui.o
    0x20000690        -       0x00000002   Zero   RW         2207    .bss.spi_lcd_handle.line_endy  ugly_ui.o
    0x20000692        -       0x00000002   Zero   RW         2208    .bss.spi_lcd_handle.line_startx  ugly_ui.o
    0x20000694        -       0x00000002   Zero   RW         2209    .bss.spi_lcd_handle.line_starty  ugly_ui.o
    0x20000696        -       0x00000001   Zero   RW         2204    .bss.spi_lcd_handle.od_disp_sts  ugly_ui.o
    0x20000697        -       0x00000001   Zero   RW         2205    .bss.spi_lcd_handle.reverb_disp_sts  ugly_ui.o
    0x20000698        -       0x00000001   Zero   RW         2201    .bss.spi_lcd_handle.statenow  ugly_ui.o
    0x20000699   0x080751bc   0x00000003   PAD
    0x2000069c        -       0x00000020   Zero   RW           52    .bss.tap_list       adc.o
    0x200006bc        -       0x00000008   Zero   RW         2093    .bss.temout         effect_chain.o
    0x200006c4        -       0x00000004   Zero   RW         2179    .bss.temp_freq      tuner.o
    0x200006c8        -       0x00000008   Zero   RW         2092    .bss.tempin         effect_chain.o
    0x200006d0        -       0x00000004   Zero   RW         2183    .bss.tuner_function.fftcnt  tuner.o
    0x200006d4        -       0x00000004   Zero   RW         2185    .bss.tuner_function.freq  tuner.o
    0x200006d8        -       0x00000001   Zero   RW         2172    .bss.tuner_init_flag  tuner.o
    0x200006d9   0x080751bc   0x00000003   PAD
    0x200006dc        -       0x00000004   Zero   RW         2089    .bss.txdmabuffer    effect_chain.o
    0x200006e0        -       0x00000004   Zero   RW         1129    .bss.uwTick         stm32h7xx_hal.o
    0x200006e4   0x080751bc   0x00000004   PAD
    0x200006e8        -       0x00002000   Zero   RW            2    HEAP                startup_stm32h743xx.o
    0x200026e8        -       0x00002000   Zero   RW            1    STACK               startup_stm32h743xx.o



  Load Region LR$$.bss.ARM.__at_0X24000000 (Base: 0x24000000, Size: 0x00000000, Max: 0x00078000, ABSOLUTE)

    Execution Region ER$$.bss.ARM.__at_0X24000000 (Exec base: 0x24000000, Load base: 0x24000000, Size: 0x00078000, Max: 0x00078000, ABSOLUTE, UNINIT)

    Exec Addr    Load Addr    Size         Type   Attr      Idx    E Section Name        Object

    0x24000000        -       0x00078000   Zero   RW         1968    .bss.ARM.__at_0X24000000  malloc.o



  Load Region LR$$.bss.ARM.__at_0X24078000 (Base: 0x24078000, Size: 0x00000000, Max: 0x00007800, ABSOLUTE)

    Execution Region ER$$.bss.ARM.__at_0X24078000 (Exec base: 0x24078000, Load base: 0x24078000, Size: 0x00007800, Max: 0x00007800, ABSOLUTE, UNINIT)

    Exec Addr    Load Addr    Size         Type   Attr      Idx    E Section Name        Object

    0x24078000        -       0x00007800   Zero   RW         1971    .bss.ARM.__at_0X24078000  malloc.o



  Load Region LR$$.bss.ARM.__at_0X30000000 (Base: 0x30000000, Size: 0x00000000, Max: 0x00018000, ABSOLUTE)

    Execution Region ER$$.bss.ARM.__at_0X30000000 (Exec base: 0x30000000, Load base: 0x30000000, Size: 0x00018000, Max: 0x00018000, ABSOLUTE, UNINIT)

    Exec Addr    Load Addr    Size         Type   Attr      Idx    E Section Name        Object

    0x30000000        -       0x00018000   Zero   RW         1970    .bss.ARM.__at_0X30000000  malloc.o



  Load Region LR$$.bss.ARM.__at_0X30018000 (Base: 0x30018000, Size: 0x00000000, Max: 0x00001800, ABSOLUTE)

    Execution Region ER$$.bss.ARM.__at_0X30018000 (Exec base: 0x30018000, Load base: 0x30018000, Size: 0x00001800, Max: 0x00001800, ABSOLUTE, UNINIT)

    Exec Addr    Load Addr    Size         Type   Attr      Idx    E Section Name        Object

    0x30018000        -       0x00001800   Zero   RW         1973    .bss.ARM.__at_0X30018000  malloc.o



  Load Region LR$$.bss.ARM.__at_0X30020000 (Base: 0x30020000, Size: 0x00000000, Max: 0x00000020, ABSOLUTE)

    Execution Region ER$$.bss.ARM.__at_0X30020000 (Exec base: 0x30020000, Load base: 0x30020000, Size: 0x00000020, Max: 0x00000020, ABSOLUTE, UNINIT)

    Exec Addr    Load Addr    Size         Type   Attr      Idx    E Section Name        Object

    0x30020000        -       0x00000020   Zero   RW           61    .bss.ARM.__at_0X30020000  adc.o



  Load Region LR$$.bss.ARM.__at_0X30020020 (Base: 0x30020020, Size: 0x00000000, Max: 0x00000020, ABSOLUTE)

    Execution Region ER$$.bss.ARM.__at_0X30020020 (Exec base: 0x30020020, Load base: 0x30020020, Size: 0x00000020, Max: 0x00000020, ABSOLUTE, UNINIT)

    Exec Addr    Load Addr    Size         Type   Attr      Idx    E Section Name        Object

    0x30020020        -       0x00000020   Zero   RW           62    .bss.ARM.__at_0X30020020  adc.o



  Load Region LR$$.bss.ARM.__at_0X68000000 (Base: 0x68000000, Size: 0x00000000, Max: 0x000f0000, ABSOLUTE)

    Execution Region ER$$.bss.ARM.__at_0X68000000 (Exec base: 0x68000000, Load base: 0x68000000, Size: 0x000f0000, Max: 0x000f0000, ABSOLUTE, UNINIT)

    Exec Addr    Load Addr    Size         Type   Attr      Idx    E Section Name        Object

    0x68000000        -       0x000f0000   Zero   RW         1969    .bss.ARM.__at_0X68000000  malloc.o



  Load Region LR$$.bss.ARM.__at_0X680f0000 (Base: 0x680f0000, Size: 0x00000000, Max: 0x0000f000, ABSOLUTE)

    Execution Region ER$$.bss.ARM.__at_0X680f0000 (Exec base: 0x680f0000, Load base: 0x680f0000, Size: 0x0000f000, Max: 0x0000f000, ABSOLUTE, UNINIT)

    Exec Addr    Load Addr    Size         Type   Attr      Idx    E Section Name        Object

    0x680f0000        -       0x0000f000   Zero   RW         1972    .bss.ARM.__at_0X680f0000  malloc.o


==============================================================================

Image component sizes


      Code (inc. data)   RO Data    RW Data    ZI Data      Debug   Object Name

      1412         52          0          0        575      13569   adc.o
       108          0          0          0          0       1039   delay.o
        98          0          0          0          0       5299   dma.o
       520         20          0          0         80       6607   effect_chain.o
       342          0          0          0         77       8286   fmc.o
       504          0          0          0          0       3242   gpio.o
       946          0          0          1        324      11790   i2s.o
      1124          6      13300          0          0      14188   lcd.o
       680          0          0          0          0       2774   lcd_init.o
       522          0          0          0          0       6619   main.o
       496          0         36         36    1671168       4342   malloc.o
       390          0          0          0          0       2965   myiic.o
      1294         52          0         32         84       3515   reverb.o
       230          0          0          0        136       8128   spi.o
        64         26        664          0      16384        840   startup_stm32h743xx.o
       276          0          0          5          4      14647   stm32h7xx_hal.o
      3178         12          0          0          0      23074   stm32h7xx_hal_adc.o
       292          0          0          0          0      22757   stm32h7xx_hal_adc_ex.o
       260          0          0          0          0      12253   stm32h7xx_hal_cortex.o
      7048         12          0          0          0      17639   stm32h7xx_hal_dma.o
       426          0          0          0          0       6851   stm32h7xx_hal_gpio.o
      1024          0          0          0          0      15319   stm32h7xx_hal_i2s.o
        32          0          0          0          0       2206   stm32h7xx_hal_msp.o
        72          0          0          0          0      10386   stm32h7xx_hal_pwr_ex.o
      2338         16          0          0          0      11292   stm32h7xx_hal_rcc.o
      4928        192          0          0          0      17314   stm32h7xx_hal_rcc_ex.o
      1238          0          0          0          0      20812   stm32h7xx_hal_spi.o
       106          0          0          0          0      10561   stm32h7xx_hal_sram.o
      2192        382         24          0          0      35300   stm32h7xx_hal_uart.o
       286          0         16          0          0      10344   stm32h7xx_hal_uart_ex.o
       132          0          0          0          0       1621   stm32h7xx_it.o
       322          0          0          0          0       8688   stm32h7xx_ll_fmc.o
       204          0         16          8          0       5808   system_stm32h7xx.o
      1358         40         24          8         69       5445   tuner.o
      1244         60     296768          0         13       2264   ugly_ui.o
       266          0          0          0        148       8056   usart.o
       624          0          0        116          0       4764   wm8978.o

    ----------------------------------------------------------------------
     37232        894     310880        212    1689076     360604   Object Totals
         0          0         32          0          0          0   (incl. Generated)
       656         24          0          6         14          0   (incl. Padding)

    ----------------------------------------------------------------------

      Code (inc. data)   RO Data    RW Data    ZI Data      Debug   Library Member Name

        72          0          0          0          0       1893   arm_bitreversal2.o
      1548          0          0          0          0       7099   arm_cfft_f32.o
       180          0          0          0          0       1283   arm_cfft_init_f32.o
      1316          8          0          0          0       5097   arm_cfft_radix8_f32.o
       320          0          0          0          0       2234   arm_cmplx_mag_f32.o
         0          0     119768          0          0       6294   arm_common_tables.o
         0          0        144          0          0       4820   arm_const_structs.o
       406          0          0          0          0       3049   arm_rfft_fast_f32.o
       466          0          0          0          0       3844   arm_rfft_fast_init_f32.o
        34          0          0          0          0        953   arm_vexp_f32.o
         8          0          0          0          0         68   __main.o
         0          0          0          0          0          0   __rtentry.o
        12          0          0          0          0          0   __rtentry2.o
         6          0          0          0          0          0   __rtentry4.o
        52          8          0          0          0          0   __scatter.o
        26          0          0          0          0          0   __scatter_copy.o
        28          0          0          0          0          0   __scatter_zi.o
        22          0          0          0          0        100   _rserrno.o
        16          0          0          0          0         68   aeabi_memset.o
        18          0          0          0          0         80   exit.o
         6          0          0          0          0        152   heapauxi.o
         0          0          0          0          0          0   indicate_semi.o
         2          0          0          0          0          0   libinit.o
         6          0          0          0          0          0   libinit2.o
         2          0          0          0          0          0   libshutdown.o
         2          0          0          0          0          0   libshutdown2.o
         8          4          0          0         96         68   libspace.o
       240          0          0          0          0        100   lludivv7m.o
         8          4          0          0          0         68   rt_errno_addr_intlibspace.o
        68          0          0          0          0         68   rt_memclr.o
        78          0          0          0          0         80   rt_memclr_w.o
       138          0          0          0          0         68   rt_memcpy_v6.o
       100          0          0          0          0         80   rt_memcpy_w.o
         2          0          0          0          0          0   rtexit.o
        10          0          0          0          0          0   rtexit2.o
        12          4          0          0          0         68   sys_exit.o
        74          0          0          0          0         80   sys_stackheap_outer.o
         2          0          0          0          0         68   use_no_semi.o
        24          0          0          0          0        164   basic.o
        98          4          0          0          0        140   d2f.o
       826         16          0          0          0        500   daddsub_clz.o
       688        140          0          0          0        264   ddiv.o
        94          4          0          0          0        140   dfix.o
        84          0          0          0          0        232   dflt_clz.o
       340         12          0          0          0        152   dmul.o
       156          4          0          0          0        140   dnaninf.o
        12          0          0          0          0        116   dretinf.o
        86          4          0          0          0        132   f2d.o
       140          4          0          0          0        132   fnaninf.o
        26          0          0          0          0        116   fpinit.o
        10          0          0          0          0        116   fretinf.o
         0          0          0          0          0          0   usenofp.o
       200         20          0          0          0        164   cos.o
       368         46         48          0          0        200   cos_i.o
        84         16          0          0          0        372   dunder.o
       492         62         48          0          0        236   expf.o
        24          0          0          0          0        124   fabs.o
        48          0          0          0          0        124   fpclassify.o
        38          0          0          0          0        116   fpclassifyf.o
        38         12          0          0          0        348   funder.o
       248          0          0          0          0        152   poly.o
      1080        142        204          0          0        188   rred.o
       200         20          0          0          0        164   sin.o
       304         24         40          0          0        208   sin_i.o
        58          0          0          0          0        136   sqrtf.o

    ----------------------------------------------------------------------
     11096        562     120256          0         96      42658   Library Totals
        42          4          4          0          0          0   (incl. Padding)

    ----------------------------------------------------------------------

      Code (inc. data)   RO Data    RW Data    ZI Data      Debug   Library Name

      4342          8     119912          0          0      36566   arm_cortexM7lfsp_math.lib
       946         20          0          0         96       1216   c_w.l
      2584        188          0          0          0       2344   fz_wm.l
      3182        342        340          0          0       2532   m_wm.l

    ----------------------------------------------------------------------
     11096        562     120256          0         96      42658   Library Totals

    ----------------------------------------------------------------------

==============================================================================


      Code (inc. data)   RO Data    RW Data    ZI Data      Debug   

     48328       1456     431136        212    1689172     398902   Grand Totals
     48328       1456     431136        212    1689172     398902   ELF Image Totals
     48328       1456     431136        212          0          0   ROM Totals

==============================================================================

    Total RO  Size (Code + RO Data)               479464 ( 468.23kB)
    Total RW  Size (RW Data + ZI Data)           1689384 (1649.79kB)
    Total ROM Size (Code + RO Data + RW Data)     479676 ( 468.43kB)

==============================================================================

