<html>
<body>
<pre>
<h1>µVision Build Log</h1>
<h2>Tool Versions:</h2>
IDE-Version: ¦ÌVision V5.32.0.0
Copyright (C) 2020 ARM Ltd and ARM Germany GmbH. All rights reserved.
License Information: RAO SIYUE, NULL, LIC=21E4T-R8YDZ-DY3V3-AKYAJ-Y3STA-PIMD4
 
Tool Versions:
Toolchain:       MDK-ARM Plus  Version: 5.32.0.0
Toolchain Path:  C:\Keil_v5\ARM\ARMCLANG\Bin
C Compiler:      ArmClang.exe V6.14.1
Assembler:       Armasm.exe V6.14.1
Linker/Locator:  ArmLink.exe V6.14.1
Library Manager: ArmAr.exe V6.14.1
Hex Converter:   FromElf.exe V6.14.1
CPU DLL:         SARMCM3.DLL V5.32.0.0
Dialog DLL:      DCM.DLL V1.17.3.0
Target DLL:      STLink\ST-LINKIII-KEIL_SWO.dll V3.0.8.0
Dialog DLL:      TCM.DLL V1.46.0.0
 
<h2>Project:</h2>
F:\geneffetct\guitar-effector\software\geneffect\MDK-ARM\geneffect.uvprojx
Project File Date:  01/18/2024

<h2>Output:</h2>
*** Using Compiler 'V6.14.1', folder: 'C:\Keil_v5\ARM\ARMCLANG\Bin'
Build target 'geneffect'
../audio_process/reverb.c(1): warning: In file included from...
../audio_process/effect_chain.h(4): warning: In file included from...
../Middlewares/ST/ARM/DSP/Inc\arm_math.h(319): warning: In file included from...
../Drivers/CMSIS/Include\core_cm7.h(93): warning: "Compiler generates FPU instructions for a device without an FPU (check __FPU_PRESENT)" [-W#warnings]
      #warning "Compiler generates FPU instructions for a device without an FPU (check __FPU_PRESENT)"
       ^
../audio_process/reverb.c(8): warning: implicit declaration of function 'mymalloc' is invalid in C99 [-Wimplicit-function-declaration]
        filter->delay_buffer = (float*)mymalloc(0, sizeof(float) *delaylenmax);
                                       ^
../audio_process/reverb.c(206): warning: implicit declaration of function 'mymalloc' is invalid in C99 [-Wimplicit-function-declaration]
        cfbuf0 = (float*)mymalloc(0, sizeof(float) *l_CB0);
                         ^
3 warnings generated.
compiling reverb.c...
compiling adc.c...
linking...
Program Size: Code=49472 RO-data=431232 RW-data=456 ZI-data=1689080  
FromELF: creating hex file...
"geneffect\geneffect.axf" - 0 Error(s), 3 Warning(s).

<h2>Software Packages used:</h2>

Package Vendor: ARM
                http://www.keil.com/pack/ARM.CMSIS.5.7.0.pack
                ARM.CMSIS.5.7.0
                CMSIS (Cortex Microcontroller Software Interface Standard)
   * Component: CORE Version: 5.4.0
   * Component: DSP Variant: Library Version: 1.8.0

Package Vendor: Keil
                https://www.keil.com/pack/Keil.STM32H7xx_DFP.3.1.1.pack
                Keil.STM32H7xx_DFP.3.1.1
                STMicroelectronics STM32H7 Series Device Support and Examples

<h2>Collection of Component include folders:</h2>
  .\RTE\_geneffect
  C:\Users\Thinkpad\AppData\Local\Arm\Packs\ARM\CMSIS\5.7.0\CMSIS\Core\Include
  C:\Users\Thinkpad\AppData\Local\Arm\Packs\ARM\CMSIS\5.7.0\CMSIS\DSP\Include
  C:\Users\Thinkpad\AppData\Local\Arm\Packs\Keil\STM32H7xx_DFP\3.1.1\Drivers\CMSIS\Device\ST\STM32H7xx\Include

<h2>Collection of Component Files used:</h2>

   * Component: ARM::CMSIS:CORE:5.4.0
      Include file:  CMSIS\Core\Include\tz_context.h

   * Component: ARM::CMSIS:DSP:Library:1.8.0
      Library file:  CMSIS\DSP\Lib\ARM\arm_cortexM7lfsp_math.lib
      Include file:  CMSIS\DSP\Include\arm_math.h
Build Time Elapsed:  00:00:06
</pre>
</body>
</html>
