Component: ARM Compiler 6.14.1 Tool: armlink [5db06d00]

==============================================================================

Section Cross References

    startup_stm32h743xx.o(STACK) refers (Special) to heapauxi.o(.text) for __use_two_region_memory
    startup_stm32h743xx.o(HEAP) refers (Special) to heapauxi.o(.text) for __use_two_region_memory
    startup_stm32h743xx.o(RESET) refers (Special) to heapauxi.o(.text) for __use_two_region_memory
    startup_stm32h743xx.o(RESET) refers to startup_stm32h743xx.o(STACK) for __initial_sp
    startup_stm32h743xx.o(RESET) refers to startup_stm32h743xx.o(.text) for Reset_Handler
    startup_stm32h743xx.o(RESET) refers to stm32h7xx_it.o(.text.NMI_Handler) for NMI_Handler
    startup_stm32h743xx.o(RESET) refers to stm32h7xx_it.o(.text.HardFault_Handler) for HardFault_Handler
    startup_stm32h743xx.o(RESET) refers to stm32h7xx_it.o(.text.MemManage_Handler) for MemManage_Handler
    startup_stm32h743xx.o(RESET) refers to stm32h7xx_it.o(.text.BusFault_Handler) for BusFault_Handler
    startup_stm32h743xx.o(RESET) refers to stm32h7xx_it.o(.text.UsageFault_Handler) for UsageFault_Handler
    startup_stm32h743xx.o(RESET) refers to stm32h7xx_it.o(.text.SVC_Handler) for SVC_Handler
    startup_stm32h743xx.o(RESET) refers to stm32h7xx_it.o(.text.DebugMon_Handler) for DebugMon_Handler
    startup_stm32h743xx.o(RESET) refers to stm32h7xx_it.o(.text.PendSV_Handler) for PendSV_Handler
    startup_stm32h743xx.o(RESET) refers to stm32h7xx_it.o(.text.SysTick_Handler) for SysTick_Handler
    startup_stm32h743xx.o(RESET) refers to stm32h7xx_it.o(.text.DMA1_Stream0_IRQHandler) for DMA1_Stream0_IRQHandler
    startup_stm32h743xx.o(RESET) refers to stm32h7xx_it.o(.text.DMA1_Stream1_IRQHandler) for DMA1_Stream1_IRQHandler
    startup_stm32h743xx.o(RESET) refers to stm32h7xx_it.o(.text.DMA1_Stream2_IRQHandler) for DMA1_Stream2_IRQHandler
    startup_stm32h743xx.o(RESET) refers to stm32h7xx_it.o(.text.ADC_IRQHandler) for ADC_IRQHandler
    startup_stm32h743xx.o(RESET) refers to stm32h7xx_it.o(.text.SPI1_IRQHandler) for SPI1_IRQHandler
    startup_stm32h743xx.o(RESET) refers to stm32h7xx_it.o(.text.EXTI15_10_IRQHandler) for EXTI15_10_IRQHandler
    startup_stm32h743xx.o(RESET) refers to stm32h7xx_it.o(.text.ADC3_IRQHandler) for ADC3_IRQHandler
    startup_stm32h743xx.o(RESET) refers to stm32h7xx_it.o(.text.BDMA_Channel0_IRQHandler) for BDMA_Channel0_IRQHandler
    startup_stm32h743xx.o(.text) refers (Special) to heapauxi.o(.text) for __use_two_region_memory
    startup_stm32h743xx.o(.text) refers to system_stm32h7xx.o(.text.SystemInit) for SystemInit
    startup_stm32h743xx.o(.text) refers to __main.o(!!!main) for __main
    startup_stm32h743xx.o(.text) refers to startup_stm32h743xx.o(HEAP) for Heap_Mem
    startup_stm32h743xx.o(.text) refers to startup_stm32h743xx.o(STACK) for Stack_Mem
    main.o(.text.main) refers to stm32h7xx_hal.o(.text.HAL_Init) for HAL_Init
    main.o(.text.main) refers to main.o(.text.SystemClock_Config) for SystemClock_Config
    main.o(.text.main) refers to rt_memclr_w.o(.text) for __aeabi_memclr8
    main.o(.text.main) refers to stm32h7xx_hal_rcc_ex.o(.text.HAL_RCCEx_PeriphCLKConfig) for HAL_RCCEx_PeriphCLKConfig
    main.o(.text.main) refers to stm32h7xx_hal.o(.text.HAL_Delay) for HAL_Delay
    main.o(.text.main) refers to gpio.o(.text.MX_GPIO_Init) for MX_GPIO_Init
    main.o(.text.main) refers to dma.o(.text.MX_DMA_Init) for MX_DMA_Init
    main.o(.text.main) refers to bdma.o(.text.MX_BDMA_Init) for MX_BDMA_Init
    main.o(.text.main) refers to adc.o(.text.MX_ADC3_Init) for MX_ADC3_Init
    main.o(.text.main) refers to i2s.o(.text.MX_I2S1_Init) for MX_I2S1_Init
    main.o(.text.main) refers to adc.o(.text.MX_ADC1_Init) for MX_ADC1_Init
    main.o(.text.main) refers to usart.o(.text.MX_UART5_Init) for MX_UART5_Init
    main.o(.text.main) refers to spi.o(.text.MX_SPI4_Init) for MX_SPI4_Init
    main.o(.text.main) refers to lcd_init.o(.text.SPI_LCD_Init) for SPI_LCD_Init
    main.o(.text.main) refers to lcd.o(.text.LCD_Fill) for LCD_Fill
    main.o(.text.main) refers to malloc.o(.text.my_mem_init) for my_mem_init
    main.o(.text.main) refers to adc.o(.text.init_adc_dma) for init_adc_dma
    main.o(.text.main) refers to wm8978.o(.text.WM8978_Init) for WM8978_Init
    main.o(.text.main) refers to wm8978.o(.text.WM8978_HPvol_Set) for WM8978_HPvol_Set
    main.o(.text.main) refers to wm8978.o(.text.WM8978_SPKvol_Set) for WM8978_SPKvol_Set
    main.o(.text.main) refers to wm8978.o(.text.WM8978_ADDA_Cfg) for WM8978_ADDA_Cfg
    main.o(.text.main) refers to wm8978.o(.text.WM8978_Input_Cfg) for WM8978_Input_Cfg
    main.o(.text.main) refers to wm8978.o(.text.WM8978_Output_Cfg) for WM8978_Output_Cfg
    main.o(.text.main) refers to wm8978.o(.text.WM8978_MIC_Gain) for WM8978_MIC_Gain
    main.o(.text.main) refers to wm8978.o(.text.WM8978_I2S_Cfg) for WM8978_I2S_Cfg
[...]
    HAL_DMA_IRQHandler                       0x08001fa9   Thumb Code  2034  stm32h7xx_hal_dma.o(.text.HAL_DMA_IRQHandler)
    HAL_DMA_Init                             0x080027a1   Thumb Code  1596  stm32h7xx_hal_dma.o(.text.HAL_DMA_Init)
    HAL_DMA_Start_IT                         0x08002de1   Thumb Code   910  stm32h7xx_hal_dma.o(.text.HAL_DMA_Start_IT)
    HAL_Delay                                0x08003171   Thumb Code    40  stm32h7xx_hal.o(.text.HAL_Delay)
    HAL_GPIO_EXTI_Callback                   0x08003199   Thumb Code   100  gpio.o(.text.HAL_GPIO_EXTI_Callback)
    HAL_GPIO_EXTI_IRQHandler                 0x08003201   Thumb Code    20  stm32h7xx_hal_gpio.o(.text.HAL_GPIO_EXTI_IRQHandler)
    HAL_GPIO_Init                            0x08003219   Thumb Code   482  stm32h7xx_hal_gpio.o(.text.HAL_GPIO_Init)
    HAL_GPIO_ReadPin                         0x08003401   Thumb Code    10  stm32h7xx_hal_gpio.o(.text.HAL_GPIO_ReadPin)
    HAL_GPIO_WritePin                        0x08003411   Thumb Code    10  stm32h7xx_hal_gpio.o(.text.HAL_GPIO_WritePin)
    HAL_GetREVID                             0x08003421   Thumb Code    14  stm32h7xx_hal.o(.text.HAL_GetREVID)
    HAL_GetTick                              0x08003431   Thumb Code    12  stm32h7xx_hal.o(.text.HAL_GetTick)
    HAL_I2SEx_TransmitReceive_DMA            0x08003441   Thumb Code   262  stm32h7xx_hal_i2s.o(.text.HAL_I2SEx_TransmitReceive_DMA)
    HAL_I2SEx_TxRxCpltCallback               0x08003549   Thumb Code   720  effect_chain.o(.text.HAL_I2SEx_TxRxCpltCallback)
    HAL_I2SEx_TxRxHalfCpltCallback           0x08003819   Thumb Code   680  effect_chain.o(.text.HAL_I2SEx_TxRxHalfCpltCallback)
    HAL_I2S_ErrorCallback                    0x08003ac1   Thumb Code     2  stm32h7xx_hal_i2s.o(.text.HAL_I2S_ErrorCallback)
    HAL_I2S_IRQHandler                       0x08003ac9   Thumb Code   318  stm32h7xx_hal_i2s.o(.text.HAL_I2S_IRQHandler)
    HAL_I2S_Init                             0x08003c09   Thumb Code   356  stm32h7xx_hal_i2s.o(.text.HAL_I2S_Init)
    HAL_I2S_MspInit                          0x08003d71   Thumb Code   374  i2s.o(.text.HAL_I2S_MspInit)
    HAL_IncTick                              0x08003ee9   Thumb Code    26  stm32h7xx_hal.o(.text.HAL_IncTick)
    HAL_Init                                 0x08003f09   Thumb Code   100  stm32h7xx_hal.o(.text.HAL_Init)
    HAL_InitTick                             0x08003f71   Thumb Code    76  stm32h7xx_hal.o(.text.HAL_InitTick)
    HAL_MspInit                              0x08003fc1   Thumb Code    32  stm32h7xx_hal_msp.o(.text.HAL_MspInit)
    HAL_NVIC_EnableIRQ                       0x08003fe1   Thumb Code    32  stm32h7xx_hal_cortex.o(.text.HAL_NVIC_EnableIRQ)
    HAL_NVIC_SetPriority                     0x08004001   Thumb Code    94  stm32h7xx_hal_cortex.o(.text.HAL_NVIC_SetPriority)
    HAL_NVIC_SetPriorityGrouping             0x08004061   Thumb Code    32  stm32h7xx_hal_cortex.o(.text.HAL_NVIC_SetPriorityGrouping)
    HAL_PWREx_ConfigSupply                   0x08004081   Thumb Code    72  stm32h7xx_hal_pwr_ex.o(.text.HAL_PWREx_ConfigSupply)
    HAL_RCCEx_GetD3PCLK1Freq                 0x080040c9   Thumb Code    38  stm32h7xx_hal_rcc_ex.o(.text.HAL_RCCEx_GetD3PCLK1Freq)
    HAL_RCCEx_GetPLL1ClockFreq               0x080040f1   Thumb Code   408  stm32h7xx_hal_rcc_ex.o(.text.HAL_RCCEx_GetPLL1ClockFreq)
    HAL_RCCEx_GetPLL2ClockFreq               0x08004289   Thumb Code   408  stm32h7xx_hal_rcc_ex.o(.text.HAL_RCCEx_GetPLL2ClockFreq)
    HAL_RCCEx_GetPLL3ClockFreq               0x08004421   Thumb Code   408  stm32h7xx_hal_rcc_ex.o(.text.HAL_RCCEx_GetPLL3ClockFreq)
    HAL_RCCEx_GetPeriphCLKFreq               0x080045b9   Thumb Code  1216  stm32h7xx_hal_rcc_ex.o(.text.HAL_RCCEx_GetPeriphCLKFreq)
    HAL_RCCEx_PeriphCLKConfig                0x08004a79   Thumb Code  2856  stm32h7xx_hal_rcc_ex.o(.text.HAL_RCCEx_PeriphCLKConfig)
    HAL_RCC_ClockConfig                      0x080055a1   Thumb Code   608  stm32h7xx_hal_rcc.o(.text.HAL_RCC_ClockConfig)
    HAL_RCC_GetHCLKFreq                      0x08005801   Thumb Code    76  stm32h7xx_hal_rcc.o(.text.HAL_RCC_GetHCLKFreq)
    HAL_RCC_GetPCLK1Freq                     0x08005851   Thumb Code    96  stm32h7xx_hal_rcc.o(.text.HAL_RCC_GetPCLK1Freq)
    HAL_RCC_GetPCLK2Freq                     0x080058b1   Thumb Code    96  stm32h7xx_hal_rcc.o(.text.HAL_RCC_GetPCLK2Freq)
    HAL_RCC_GetSysClockFreq                  0x08005911   Thumb Code   384  stm32h7xx_hal_rcc.o(.text.HAL_RCC_GetSysClockFreq)
    HAL_RCC_OscConfig                        0x08005a91   Thumb Code  1342  stm32h7xx_hal_rcc.o(.text.HAL_RCC_OscConfig)
    HAL_SPI_Init                             0x08005fd1   Thumb Code   420  stm32h7xx_hal_spi.o(.text.HAL_SPI_Init)
    HAL_SPI_MspInit                          0x08006179   Thumb Code   146  spi.o(.text.HAL_SPI_MspInit)
    HAL_SPI_Transmit                         0x08006211   Thumb Code   876  stm32h7xx_hal_spi.o(.text.HAL_SPI_Transmit)
    HAL_SYSCFG_AnalogSwitchConfig            0x08006581   Thumb Code    20  stm32h7xx_hal.o(.text.HAL_SYSCFG_AnalogSwitchConfig)
    HAL_SYSTICK_Config                       0x08006599   Thumb Code    44  stm32h7xx_hal_cortex.o(.text.HAL_SYSTICK_Config)
    HAL_UARTEx_DisableFifoMode               0x080065c9   Thumb Code    54  stm32h7xx_hal_uart_ex.o(.text.HAL_UARTEx_DisableFifoMode)
    HAL_UARTEx_SetRxFifoThreshold            0x08006601   Thumb Code   144  stm32h7xx_hal_uart_ex.o(.text.HAL_UARTEx_SetRxFifoThreshold)
    HAL_UARTEx_SetTxFifoThreshold            0x08006691   Thumb Code   144  stm32h7xx_hal_uart_ex.o(.text.HAL_UARTEx_SetTxFifoThreshold)
    HAL_UART_Init                            0x08006721   Thumb Code   100  stm32h7xx_hal_uart.o(.text.HAL_UART_Init)
    HAL_UART_MspInit                         0x08006789   Thumb Code   144  usart.o(.text.HAL_UART_MspInit)
    HardFault_Handler                        0x08006819   Thumb Code     2  stm32h7xx_it.o(.text.HardFault_Handler)
    IIC_Init                                 0x08006881   Thumb Code    92  myiic.o(.text.IIC_Init)
    IIC_Send_Byte                            0x080068e1   Thumb Code   454  myiic.o(.text.IIC_Send_Byte)
    IIC_Start                                0x08006aa9   Thumb Code    96  myiic.o(.text.IIC_Start)
    IIC_Stop                                 0x08006b09   Thumb Code    96  myiic.o(.text.IIC_Stop)
    IIC_Wait_Ack                             0x08006b69   Thumb Code    86  myiic.o(.text.IIC_Wait_Ack)
    LCD_Address_Set                          0x08006bc1   Thumb Code   386  lcd_init.o(.text.LCD_Address_Set)
    LCD_DrawLine                             0x08006d49   Thumb Code   152  lcd.o(.text.LCD_DrawLine)
    LCD_Fill                                 0x08006de1   Thumb Code    72  lcd.o(.text.LCD_Fill)
    LCD_ShowChar                             0x08006e29   Thumb Code  1482  lcd.o(.text.LCD_ShowChar)
    LCD_ShowIntNum                           0x080073f9   Thumb Code   264  lcd.o(.text.LCD_ShowIntNum)
    LCD_ShowPicture                          0x08007501   Thumb Code    90  lcd.o(.text.LCD_ShowPicture)
    LCD_ShowPictureBinary                    0x08007561   Thumb Code   170  lcd.o(.text.LCD_ShowPictureBinary)
    LCD_ShowString                           0x08007611   Thumb Code    68  lcd.o(.text.LCD_ShowString)
    LCD_WR_DATA                              0x08007659   Thumb Code    62  lcd_init.o(.text.LCD_WR_DATA)
    LCD_WR_DATA8                             0x08007699   Thumb Code    60  lcd_init.o(.text.LCD_WR_DATA8)
    MX_ADC1_Init                             0x080076d9   Thumb Code   398  adc.o(.text.MX_ADC1_Init)
    MX_ADC3_Init                             0x08007869   Thumb Code   444  adc.o(.text.MX_ADC3_Init)
    MX_BDMA_Init                             0x08007a29   Thumb Code    52  bdma.o(.text.MX_BDMA_Init)
    MX_DMA_Init                              0x08007a61   Thumb Code    84  dma.o(.text.MX_DMA_Init)
    MX_GPIO_Init                             0x08007ab9   Thumb Code   480  gpio.o(.text.MX_GPIO_Init)
    MX_I2S1_Init                             0x08007c99   Thumb Code    70  i2s.o(.text.MX_I2S1_Init)
    MX_SPI4_Init                             0x08007ce1   Thumb Code    94  spi.o(.text.MX_SPI4_Init)
    MX_UART5_Init                            0x08007d41   Thumb Code   124  usart.o(.text.MX_UART5_Init)
    MemManage_Handler                        0x08007dc1   Thumb Code     2  stm32h7xx_it.o(.text.MemManage_Handler)
    NMI_Handler                              0x08007dc9   Thumb Code     2  stm32h7xx_it.o(.text.NMI_Handler)
    PendSV_Handler                           0x08007dd1   Thumb Code     2  stm32h7xx_it.o(.text.PendSV_Handler)
    SPI1_IRQHandler                          0x08008019   Thumb Code    12  stm32h7xx_it.o(.text.SPI1_IRQHandler)
    SPI_LCD_Init                             0x080080f1   Thumb Code  5804  lcd_init.o(.text.SPI_LCD_Init)
    SVC_Handler                              0x080097a1   Thumb Code     2  stm32h7xx_it.o(.text.SVC_Handler)
    SysTick_Handler                          0x080097a9   Thumb Code     4  stm32h7xx_it.o(.text.SysTick_Handler)
    SystemClock_Config                       0x080097b1   Thumb Code   314  main.o(.text.SystemClock_Config)
    SystemInit                               0x080098f1   Thumb Code   204  system_stm32h7xx.o(.text.SystemInit)
    UART_AdvFeatureConfig                    0x080099c1   Thumb Code   224  stm32h7xx_hal_uart.o(.text.UART_AdvFeatureConfig)
    UART_CheckIdleState                      0x08009aa1   Thumb Code   374  stm32h7xx_hal_uart.o(.text.UART_CheckIdleState)
    UART_SetConfig                           0x08009c19   Thumb Code  1472  stm32h7xx_hal_uart.o(.text.UART_SetConfig)
    UART_WaitOnFlagUntilTimeout              0x0800a1d9   Thumb Code   752  stm32h7xx_hal_uart.o(.text.UART_WaitOnFlagUntilTimeout)
    UsageFault_Handler                       0x0800a4c9   Thumb Code     2  stm32h7xx_it.o(.text.UsageFault_Handler)
    WM8978_ADDA_Cfg                          0x0800a4d1   Thumb Code    60  wm8978.o(.text.WM8978_ADDA_Cfg)
    WM8978_HPvol_Set                         0x0800a511   Thumb Code    42  wm8978.o(.text.WM8978_HPvol_Set)
    WM8978_I2S_Cfg                           0x0800a541   Thumb Code    18  wm8978.o(.text.WM8978_I2S_Cfg)
    WM8978_Init                              0x0800a559   Thumb Code   132  wm8978.o(.text.WM8978_Init)
    WM8978_Input_Cfg                         0x0800a5e1   Thumb Code   186  wm8978.o(.text.WM8978_Input_Cfg)
    WM8978_MIC_Gain                          0x0800a6a1   Thumb Code    28  wm8978.o(.text.WM8978_MIC_Gain)
    WM8978_Output_Cfg                        0x0800a6c1   Thumb Code    38  wm8978.o(.text.WM8978_Output_Cfg)
    WM8978_SPKvol_Set                        0x0800a6e9   Thumb Code    34  wm8978.o(.text.WM8978_SPKvol_Set)
    WM8978_Write_Reg                         0x0800a711   Thumb Code    92  wm8978.o(.text.WM8978_Write_Reg)
    arm_bitreversal_32                       0x0800a76d   Thumb Code    72  arm_bitreversal2.o(.text.arm_bitreversal_32)
    arm_cfft_f32                             0x0800a7b5   Thumb Code   224  arm_cfft_f32.o(.text.arm_cfft_f32)
    arm_cfft_init_f32                        0x0800a895   Thumb Code   180  arm_cfft_init_f32.o(.text.arm_cfft_init_f32)
    arm_cfft_radix8by2_f32                   0x0800a949   Thumb Code   368  arm_cfft_f32.o(.text.arm_cfft_radix8by2_f32)
    arm_cfft_radix8by4_f32                   0x0800aab9   Thumb Code   956  arm_cfft_f32.o(.text.arm_cfft_radix8by4_f32)
    arm_cmplx_mag_f32                        0x0800ae75   Thumb Code   320  arm_cmplx_mag_f32.o(.text.arm_cmplx_mag_f32)
    arm_radix8_butterfly_f32                 0x0800afb5   Thumb Code  1316  arm_cfft_radix8_f32.o(.text.arm_radix8_butterfly_f32)
    arm_rfft_fast_f32                        0x0800b61b   Thumb Code    70  arm_rfft_fast_f32.o(.text.arm_rfft_fast_f32)
    arm_rfft_fast_init_f32                   0x0800b661   Thumb Code   144  arm_rfft_fast_init_f32.o(.text.arm_rfft_fast_init_f32)
    calculate_ap_filter                      0x0800b6f1   Thumb Code    60  reverb.o(.text.calculate_ap_filter)
    calculate_comb_filter                    0x0800b731   Thumb Code    56  reverb.o(.text.calculate_comb_filter)
    calculate_lpf                            0x0800b769   Thumb Code    82  lowpass_filter.o(.text.calculate_lpf)
    delay_us                                 0x0800b7c1   Thumb Code   174  delay.o(.text.delay_us)
    init_adc_dma                             0x0800ba01   Thumb Code    52  adc.o(.text.init_adc_dma)
    init_func                                0x0800ba39   Thumb Code    22  reverb.o(.text.init_func)
    init_input_output_confit                 0x0800ba51   Thumb Code   122  effect_chain.o(.text.init_input_output_confit)
    init_tuner                               0x0800bad1   Thumb Code   102  tuner.o(.text.init_tuner)
    main                                     0x0800bb39   Thumb Code   270  main.o(.text.main)
    merge_rfft_f32                           0x0800bc49   Thumb Code   164  arm_rfft_fast_f32.o(.text.merge_rfft_f32)
    my_mem_init                              0x0800bcf1   Thumb Code    96  malloc.o(.text.my_mem_init)
    my_mem_perused                           0x0800bd51   Thumb Code   112  malloc.o(.text.my_mem_perused)
    myfree                                   0x0800bdc1   Thumb Code   200  malloc.o(.text.myfree)
    mymalloc                                 0x0800be89   Thumb Code   290  malloc.o(.text.mymalloc)
    reverb_init_new                          0x0800bfb1   Thumb Code   168  reverb.o(.text.reverb_init_new)
    spi_lcd_handle                           0x0800c059   Thumb Code  1012  ugly_ui.o(.text.spi_lcd_handle)
    stage_rfft_f32                           0x0800c44d   Thumb Code   172  arm_rfft_fast_f32.o(.text.stage_rfft_f32)
    tuner_function                           0x0800c4f9   Thumb Code   540  tuner.o(.text.tuner_function)
    uninit_tuner                             0x0800c719   Thumb Code    84  tuner.o(.text.uninit_tuner)
    update_controller                        0x0800c771   Thumb Code   648  adc.o(.text.update_controller)
    update_para                              0x0800c9f9   Thumb Code     8  reverb.o(.text.update_para)
    update_para_lpf                          0x0800ca01   Thumb Code   296  lowpass_filter.o(.text.update_para_lpf)
    update_tremolo                           0x0800cb29   Thumb Code   436  tremolo.o(.text.update_tremolo)
    __ARM_fpclassify                         0x0800ccdd   Thumb Code    48  fpclassify.o(i.__ARM_fpclassify)
    __hardfp_asin                            0x0800cd11   Thumb Code   770  asin.o(i.__hardfp_asin)
    __hardfp_cos                             0x0800d071   Thumb Code   180  cos.o(i.__hardfp_cos)
    __hardfp_sin                             0x0800d139   Thumb Code   180  sin.o(i.__hardfp_sin)
    __hardfp_sqrtf                           0x0800d201   Thumb Code    58  sqrtf.o(i.__hardfp_sqrtf)
    __hardfp_tan                             0x0800d241   Thumb Code   108  tan.o(i.__hardfp_tan)
    __ieee754_rem_pio2                       0x0800d2c1   Thumb Code   938  rred.o(i.__ieee754_rem_pio2)
    __kernel_cos                             0x0800d6f9   Thumb Code   322  cos_i.o(i.__kernel_cos)
    __kernel_poly                            0x0800d869   Thumb Code   248  poly.o(i.__kernel_poly)
    __kernel_sin                             0x0800d961   Thumb Code   280  sin_i.o(i.__kernel_sin)
    __kernel_tan                             0x0800da91   Thumb Code   764  tan_i.o(i.__kernel_tan)
    __mathlib_dbl_infnan                     0x0800dde1   Thumb Code    20  dunder.o(i.__mathlib_dbl_infnan)
    __mathlib_dbl_invalid                    0x0800ddf9   Thumb Code    24  dunder.o(i.__mathlib_dbl_invalid)
    __mathlib_dbl_underflow                  0x0800de19   Thumb Code    24  dunder.o(i.__mathlib_dbl_underflow)
    fabs                                     0x0800de39   Thumb Code    24  fabs.o(i.fabs)
    sqrt                                     0x0800de51   Thumb Code   110  sqrt.o(i.sqrt)
    __aeabi_dneg                             0x0800debf   Thumb Code     0  basic.o(x$fpl$basic)
    _dneg                                    0x0800debf   Thumb Code     6  basic.o(x$fpl$basic)
    __aeabi_fneg                             0x0800dec5   Thumb Code     0  basic.o(x$fpl$basic)
    _fneg                                    0x0800dec5   Thumb Code     6  basic.o(x$fpl$basic)
    _dabs                                    0x0800decb   Thumb Code     6  basic.o(x$fpl$basic)
    _fabs                                    0x0800ded1   Thumb Code     6  basic.o(x$fpl$basic)
    __aeabi_d2f                              0x0800ded9   Thumb Code     0  d2f.o(x$fpl$d2f)
    _d2f                                     0x0800ded9   Thumb Code    98  d2f.o(x$fpl$d2f)
    __aeabi_dadd                             0x0800df3d   Thumb Code     0  daddsub_clz.o(x$fpl$dadd)
    _dadd                                    0x0800df3d   Thumb Code   332  daddsub_clz.o(x$fpl$dadd)
    __aeabi_ddiv                             0x0800e08d   Thumb Code     0  ddiv.o(x$fpl$ddiv)
    _ddiv                                    0x0800e08d   Thumb Code   552  ddiv.o(x$fpl$ddiv)
    __aeabi_d2iz                             0x0800e33d   Thumb Code     0  dfix.o(x$fpl$dfix)
    _dfix                                    0x0800e33d   Thumb Code    94  dfix.o(x$fpl$dfix)
    __aeabi_i2d                              0x0800e39b   Thumb Code     0  dflt_clz.o(x$fpl$dflt)
    _dflt                                    0x0800e39b   Thumb Code    46  dflt_clz.o(x$fpl$dflt)
    __aeabi_ui2d                             0x0800e3c9   Thumb Code     0  dflt_clz.o(x$fpl$dfltu)
    _dfltu                                   0x0800e3c9   Thumb Code    38  dflt_clz.o(x$fpl$dfltu)
    __aeabi_dmul                             0x0800e3f1   Thumb Code     0  dmul.o(x$fpl$dmul)
    _dmul                                    0x0800e3f1   Thumb Code   332  dmul.o(x$fpl$dmul)
    __fpl_dnaninf                            0x0800e545   Thumb Code   156  dnaninf.o(x$fpl$dnaninf)
    __fpl_dretinf                            0x0800e5e1   Thumb Code    12  dretinf.o(x$fpl$dretinf)
    __aeabi_drsub                            0x0800e5ed   Thumb Code     0  daddsub_clz.o(x$fpl$drsb)
    _drsb                                    0x0800e5ed   Thumb Code    22  daddsub_clz.o(x$fpl$drsb)
    _dsqrt                                   0x0800e605   Thumb Code   404  dsqrt_umaal.o(x$fpl$dsqrt)
    __aeabi_dsub                             0x0800e79d   Thumb Code     0  daddsub_clz.o(x$fpl$dsub)
    _dsub                                    0x0800e79d   Thumb Code   464  daddsub_clz.o(x$fpl$dsub)
    __aeabi_f2d                              0x0800e971   Thumb Code     0  f2d.o(x$fpl$f2d)
    _f2d                                     0x0800e971   Thumb Code    86  f2d.o(x$fpl$f2d)
    __fpl_fnaninf                            0x0800e9c7   Thumb Code   140  fnaninf.o(x$fpl$fnaninf)
    _fp_init                                 0x0800ea53   Thumb Code    26  fpinit.o(x$fpl$fpinit)
    __fplib_config_fpu_vfp                   0x0800ea6b   Thumb Code     0  fpinit.o(x$fpl$fpinit)
    __fplib_config_pureend_doubles           0x0800ea6b   Thumb Code     0  fpinit.o(x$fpl$fpinit)
    __fpl_fretinf                            0x0800ea6d   Thumb Code    10  fretinf.o(x$fpl$fretinf)
    __I$use$fp                               0x0800ea76   Number         0  usenofp.o(x$fpl$usenofp)
    D1CorePrescTable                         0x0800ec68   Data          16  system_stm32h7xx.o(.rodata.D1CorePrescTable)
    UARTPrescTable                           0x0800ec78   Data          24  stm32h7xx_hal_uart.o(.rodata.UARTPrescTable)
    armBitRevIndexTable1024                  0x0800ec90   Data        3600  arm_common_tables.o(.rodata.armBitRevIndexTable1024)
    armBitRevIndexTable128                   0x0800faa0   Data         416  arm_common_tables.o(.rodata.armBitRevIndexTable128)
    armBitRevIndexTable16                    0x0800fc40   Data          40  arm_common_tables.o(.rodata.armBitRevIndexTable16)
    armBitRevIndexTable2048                  0x0800fc68   Data        7616  arm_common_tables.o(.rodata.armBitRevIndexTable2048)
    armBitRevIndexTable256                   0x08011a28   Data         880  arm_common_tables.o(.rodata.armBitRevIndexTable256)
    armBitRevIndexTable32                    0x08011d98   Data          96  arm_common_tables.o(.rodata.armBitRevIndexTable32)
    armBitRevIndexTable4096                  0x08011df8   Data        8064  arm_common_tables.o(.rodata.armBitRevIndexTable4096)
    armBitRevIndexTable512                   0x08013d78   Data         896  arm_common_tables.o(.rodata.armBitRevIndexTable512)
    armBitRevIndexTable64                    0x080140f8   Data         112  arm_common_tables.o(.rodata.armBitRevIndexTable64)
    arm_cfft_sR_f32_len1024                  0x08014168   Data          16  arm_const_structs.o(.rodata.arm_cfft_sR_f32_len1024)
    arm_cfft_sR_f32_len128                   0x08014178   Data          16  arm_const_structs.o(.rodata.arm_cfft_sR_f32_len128)
    arm_cfft_sR_f32_len16                    0x08014188   Data          16  arm_const_structs.o(.rodata.arm_cfft_sR_f32_len16)
    arm_cfft_sR_f32_len2048                  0x08014198   Data          16  arm_const_structs.o(.rodata.arm_cfft_sR_f32_len2048)
    arm_cfft_sR_f32_len256                   0x080141a8   Data          16  arm_const_structs.o(.rodata.arm_cfft_sR_f32_len256)
    arm_cfft_sR_f32_len32                    0x080141b8   Data          16  arm_const_structs.o(.rodata.arm_cfft_sR_f32_len32)
    arm_cfft_sR_f32_len4096                  0x080141c8   Data          16  arm_const_structs.o(.rodata.arm_cfft_sR_f32_len4096)
    arm_cfft_sR_f32_len512                   0x080141d8   Data          16  arm_const_structs.o(.rodata.arm_cfft_sR_f32_len512)
    arm_cfft_sR_f32_len64                    0x080141e8   Data          16  arm_const_structs.o(.rodata.arm_cfft_sR_f32_len64)
    ascii_1206                               0x080141f8   Data        1140  lcd.o(.rodata.ascii_1206)
    ascii_1608                               0x0801466c   Data        1520  lcd.o(.rodata.ascii_1608)
    ascii_2412                               0x08014c5c   Data        4560  lcd.o(.rodata.ascii_2412)
    ascii_3216                               0x08015e2c   Data        6080  lcd.o(.rodata.ascii_3216)
    gImage_boost                             0x080175fc   Data       14880  ugly_ui.o(.rodata.gImage_boost)
    gImage_reverb                            0x0801b01c   Data       14640  ugly_ui.o(.rodata.gImage_reverb)
    gImage_sd1                               0x0801e94c   Data       15360  ugly_ui.o(.rodata.gImage_sd1)
    gImage_tunner                            0x0802254c   Data       145920  ugly_ui.o(.rodata.gImage_tunner)
    memblksize                               0x08045f4c   Data          12  malloc.o(.rodata.memblksize)
    memsize                                  0x08045f58   Data          12  malloc.o(.rodata.memsize)
    memtblsize                               0x08045f64   Data          12  malloc.o(.rodata.memtblsize)
    taikongren                               0x08045f70   Data       89528  ugly_ui.o(.rodata.taikongren)
    twiddleCoef_1024                         0x0805bd28   Data        8192  arm_common_tables.o(.rodata.twiddleCoef_1024)
    twiddleCoef_128                          0x0805dd28   Data        1024  arm_common_tables.o(.rodata.twiddleCoef_128)
    twiddleCoef_16                           0x0805e128   Data         128  arm_common_tables.o(.rodata.twiddleCoef_16)
    twiddleCoef_2048                         0x0805e1a8   Data       16384  arm_common_tables.o(.rodata.twiddleCoef_2048)
    twiddleCoef_256                          0x080621a8   Data        2048  arm_common_tables.o(.rodata.twiddleCoef_256)
    twiddleCoef_32                           0x080629a8   Data         256  arm_common_tables.o(.rodata.twiddleCoef_32)
    twiddleCoef_4096                         0x08062aa8   Data       32768  arm_common_tables.o(.rodata.twiddleCoef_4096)
    twiddleCoef_512                          0x0806aaa8   Data        4096  arm_common_tables.o(.rodata.twiddleCoef_512)
    twiddleCoef_64                           0x0806baa8   Data         512  arm_common_tables.o(.rodata.twiddleCoef_64)
    twiddleCoef_rfft_1024                    0x0806bca8   Data        4096  arm_common_tables.o(.rodata.twiddleCoef_rfft_1024)
    twiddleCoef_rfft_128                     0x0806cca8   Data         512  arm_common_tables.o(.rodata.twiddleCoef_rfft_128)
    twiddleCoef_rfft_2048                    0x0806cea8   Data        8192  arm_common_tables.o(.rodata.twiddleCoef_rfft_2048)
    twiddleCoef_rfft_256                     0x0806eea8   Data        1024  arm_common_tables.o(.rodata.twiddleCoef_rfft_256)
    twiddleCoef_rfft_32                      0x0806f2a8   Data         128  arm_common_tables.o(.rodata.twiddleCoef_rfft_32)
    twiddleCoef_rfft_4096                    0x0806f328   Data       16384  arm_common_tables.o(.rodata.twiddleCoef_rfft_4096)
    twiddleCoef_rfft_512                     0x08073328   Data        2048  arm_common_tables.o(.rodata.twiddleCoef_rfft_512)
    twiddleCoef_rfft_64                      0x08073b28   Data         256  arm_common_tables.o(.rodata.twiddleCoef_rfft_64)
    Region$$Table$$Base                      0x08073c28   Number         0  anon$$obj.o(Region$$Table)
    Region$$Table$$Limit                     0x08073c48   Number         0  anon$$obj.o(Region$$Table)
    uwTickFreq                               0x20000000   Data           1  stm32h7xx_hal.o(.data..L_MergedGlobals)
    uwTickPrio                               0x20000004   Data           4  stm32h7xx_hal.o(.data..L_MergedGlobals)
    SystemCoreClock                          0x20000008   Data           4  system_stm32h7xx.o(.data..L_MergedGlobals)
    SystemD2Clock                            0x2000000c   Data           4  system_stm32h7xx.o(.data..L_MergedGlobals)
    cf0_g                                    0x20000010   Data           4  reverb.o(.data..L_MergedGlobals)
    cf1_g                                    0x20000014   Data           4  reverb.o(.data..L_MergedGlobals)
    cf2_g                                    0x20000018   Data           4  reverb.o(.data..L_MergedGlobals)
    cf3_g                                    0x2000001c   Data           4  reverb.o(.data..L_MergedGlobals)
    ap0_g                                    0x20000020   Data           4  reverb.o(.data..L_MergedGlobals)
    ap1_g                                    0x20000024   Data           4  reverb.o(.data..L_MergedGlobals)
    ap2_g                                    0x20000028   Data           4  reverb.o(.data..L_MergedGlobals)
    ap1                                      0x2000002c   Data          32  reverb.o(.data..L_MergedGlobals)
    ap2                                      0x2000004c   Data          32  reverb.o(.data..L_MergedGlobals)
    ap3                                      0x2000006c   Data          32  reverb.o(.data..L_MergedGlobals)
    FFT_LEN                                  0x2000008c   Data           4  tuner.o(.data..L_MergedGlobals)
    freq_scale                               0x20000090   Data           4  tuner.o(.data..L_MergedGlobals)
    fbcf1                                    0x20000094   Data          32  reverb.o(.data..L_MergedGlobals.1)
    fbcf2                                    0x200000b4   Data          32  reverb.o(.data..L_MergedGlobals.1)
    fbcf3                                    0x200000d4   Data          32  reverb.o(.data..L_MergedGlobals.1)
    channela_y                               0x20000168   Data          84  effect_chain.o(.data.channela_y)
    channelb_y                               0x200001bc   Data          84  effect_chain.o(.data.channelb_y)
    fbcf4                                    0x20000210   Data          32  reverb.o(.data.fbcf4)
    mallco_dev                               0x20000230   Data          36  malloc.o(.data.mallco_dev)
    odlpf                                    0x20000254   Data          52  lowpass_filter.o(.data.odlpf)
    tremolo                                  0x20000288   Data          16  tremolo.o(.data.tremolo)
    __libspace_start                         0x20000298   Data          96  libspace.o(.bss)
    __temporary_stack_top$libspace           0x200002f8   Data           0  libspace.o(.bss)
    tap0_state                               0x200002f8   Data           1  gpio.o(.bss..L_MergedGlobals)
    tap1_state                               0x200002f9   Data           1  gpio.o(.bss..L_MergedGlobals)
    tap2_state                               0x200002fa   Data           1  gpio.o(.bss..L_MergedGlobals)
    tap_tunner                               0x200002fb   Data           1  gpio.o(.bss..L_MergedGlobals)
    current_adc                              0x200002fc   Data           1  adc.o(.bss..L_MergedGlobals)
    hadc1                                    0x20000300   Data         100  adc.o(.bss..L_MergedGlobals)
    rxfloatbuffer                            0x20000364   Data           4  effect_chain.o(.bss..L_MergedGlobals)
    txdmabuffer                              0x20000368   Data           4  effect_chain.o(.bss..L_MergedGlobals)
    rxdmabuffer                              0x2000036c   Data           4  effect_chain.o(.bss..L_MergedGlobals)
    channel_a                                0x20000370   Data          16  effect_chain.o(.bss..L_MergedGlobals)
    channel_b                                0x20000380   Data          16  effect_chain.o(.bss..L_MergedGlobals)
    g_effect_controller                      0x20000390   Data          68  effect_chain.o(.bss..L_MergedGlobals)
    tuner_init_flag                          0x200003e4   Data           1  tuner.o(.bss..L_MergedGlobals.1)
    g_fft_buf                                0x200003e8   Data           4  tuner.o(.bss..L_MergedGlobals.1)
    g_fft_buf_temp                           0x200003ec   Data           4  tuner.o(.bss..L_MergedGlobals.1)
    array_FFT_output                         0x200003f0   Data           4  tuner.o(.bss..L_MergedGlobals.1)
    array_arm_cmplx_mag                      0x200003f4   Data           4  tuner.o(.bss..L_MergedGlobals.1)
    header                                   0x200003f8   Data           4  tuner.o(.bss..L_MergedGlobals.1)
    temp_freq                                0x200003fc   Data           4  tuner.o(.bss..L_MergedGlobals.1)
    function_mode                            0x2000042c   Data          16  effect_chain.o(.bss.function_mode)
    hadc3                                    0x2000043c   Data         100  adc.o(.bss.hadc3)
    hdma_adc1                                0x200004a0   Data         120  adc.o(.bss.hdma_adc1)
    hdma_adc3                                0x20000518   Data         120  adc.o(.bss.hdma_adc3)
    hdma_spi1_rx                             0x20000590   Data         120  i2s.o(.bss.hdma_spi1_rx)
    hdma_spi1_tx                             0x20000608   Data         120  i2s.o(.bss.hdma_spi1_tx)
    hi2s1                                    0x20000680   Data          84  i2s.o(.bss.hi2s1)
    hspi4                                    0x200006d4   Data         136  spi.o(.bss.hspi4)
    huart5                                   0x2000075c   Data         148  usart.o(.bss.huart5)
    uwTick                                   0x200007f4   Data           4  stm32h7xx_hal.o(.bss.uwTick)
    mem1base                                 0x24000000   Data       491520  malloc.o(.bss.ARM.__at_0X24000000)
    mem1mapbase                              0x24078000   Data       30720  malloc.o(.bss.ARM.__at_0X24078000)
    mem3base                                 0x30000000   Data       98304  malloc.o(.bss.ARM.__at_0X30000000)
    mem3mapbase                              0x30018000   Data        6144  malloc.o(.bss.ARM.__at_0X30018000)
    adc1_dma_buf                             0x38000000   Data          32  adc.o(.bss.ARM.__at_0X38000000)
    adc2_dma_buf                             0x38000020   Data          32  adc.o(.bss.ARM.__at_0X38000020)
    mem2base                                 0x68000000   Data       983040  malloc.o(.bss.ARM.__at_0X68000000)
    mem2mapbase                              0x680f0000   Data       61440  malloc.o(.bss.ARM.__at_0X680f0000)



==============================================================================

Memory Map of the image

  Image Entry point : 0x08000299

  Load Region LR_IROM1 (Base: 0x08000000, Size: 0x00073ee0, Max: 0x00200000, ABSOLUTE, COMPRESSED[0x00073da8])

    Execution Region ER_IROM1 (Exec base: 0x08000000, Load base: 0x08000000, Size: 0x00073c48, Max: 0x00200000, ABSOLUTE)

    Exec Addr    Load Addr    Size         Type   Attr      Idx    E Section Name        Object

    0x08000000   0x08000000   0x00000298   Data   RO            3    RESET               startup_stm32h743xx.o
    0x08000298   0x08000298   0x00000008   Code   RO         2201  * !!!main             c_w.l(__main.o)
    0x080002a0   0x080002a0   0x00000034   Code   RO         2540    !!!scatter          c_w.l(__scatter.o)
    0x080002d4   0x080002d4   0x0000005a   Code   RO         2538    !!dczerorl2         c_w.l(__dczerorl2.o)
    0x0800032e   0x0800032e   0x00000002   PAD
    0x08000330   0x08000330   0x0000001c   Code   RO         2542    !!handler_zi        c_w.l(__scatter_zi.o)
    0x0800034c   0x0800034c   0x00000002   Code   RO         2407    .ARM.Collect$$libinit$$00000000  c_w.l(libinit.o)
    0x0800034e   0x0800034e   0x00000004   Code   RO         2418    .ARM.Collect$$libinit$$00000001  c_w.l(libinit2.o)
    0x08000352   0x08000352   0x00000000   Code   RO         2421    .ARM.Collect$$libinit$$00000004  c_w.l(libinit2.o)
    0x08000352   0x08000352   0x00000000   Code   RO         2424    .ARM.Collect$$libinit$$0000000A  c_w.l(libinit2.o)
    0x08000352   0x08000352   0x00000000   Code   RO         2426    .ARM.Collect$$libinit$$0000000C  c_w.l(libinit2.o)
    0x08000352   0x08000352   0x00000000   Code   RO         2428    .ARM.Collect$$libinit$$0000000E  c_w.l(libinit2.o)
    0x08000352   0x08000352   0x00000000   Code   RO         2431    .ARM.Collect$$libinit$$00000011  c_w.l(libinit2.o)
    0x08000352   0x08000352   0x00000000   Code   RO         2433    .ARM.Collect$$libinit$$00000013  c_w.l(libinit2.o)
    0x08000352   0x08000352   0x00000000   Code   RO         2435    .ARM.Collect$$libinit$$00000015  c_w.l(libinit2.o)
    0x08000352   0x08000352   0x00000000   Code   RO         2437    .ARM.Collect$$libinit$$00000017  c_w.l(libinit2.o)
    0x08000352   0x08000352   0x00000000   Code   RO         2439    .ARM.Collect$$libinit$$00000019  c_w.l(libinit2.o)
    0x08000352   0x08000352   0x00000000   Code   RO         2441    .ARM.Collect$$libinit$$0000001B  c_w.l(libinit2.o)
    0x08000352   0x08000352   0x00000000   Code   RO         2443    .ARM.Collect$$libinit$$0000001D  c_w.l(libinit2.o)
    0x08000352   0x08000352   0x00000000   Code   RO         2445    .ARM.Collect$$libinit$$0000001F  c_w.l(libinit2.o)
    0x08000352   0x08000352   0x00000000   Code   RO         2447    .ARM.Collect$$libinit$$00000021  c_w.l(libinit2.o)
    0x08000352   0x08000352   0x00000000   Code   RO         2449    .ARM.Collect$$libinit$$00000023  c_w.l(libinit2.o)
    0x08000352   0x08000352   0x00000000   Code   RO         2451    .ARM.Collect$$libinit$$00000025  c_w.l(libinit2.o)
    0x08000352   0x08000352   0x00000000   Code   RO         2455    .ARM.Collect$$libinit$$0000002C  c_w.l(libinit2.o)
    0x08000352   0x08000352   0x00000000   Code   RO         2457    .ARM.Collect$$libinit$$0000002E  c_w.l(libinit2.o)
    0x08000352   0x08000352   0x00000000   Code   RO         2459    .ARM.Collect$$libinit$$00000030  c_w.l(libinit2.o)
    0x08000352   0x08000352   0x00000000   Code   RO         2461    .ARM.Collect$$libinit$$00000032  c_w.l(libinit2.o)
    0x08000352   0x08000352   0x00000002   Code   RO         2462    .ARM.Collect$$libinit$$00000033  c_w.l(libinit2.o)
    0x08000354   0x08000354   0x00000002   Code   RO         2493    .ARM.Collect$$libshutdown$$00000000  c_w.l(libshutdown.o)
    0x08000356   0x08000356   0x00000000   Code   RO         2521    .ARM.Collect$$libshutdown$$00000002  c_w.l(libshutdown2.o)
    0x08000356   0x08000356   0x00000000   Code   RO         2523    .ARM.Collect$$libshutdown$$00000004  c_w.l(libshutdown2.o)
    0x08000356   0x08000356   0x00000000   Code   RO         2526    .ARM.Collect$$libshutdown$$00000007  c_w.l(libshutdown2.o)
    0x08000356   0x08000356   0x00000000   Code   RO         2529    .ARM.Collect$$libshutdown$$0000000A  c_w.l(libshutdown2.o)
    0x08000356   0x08000356   0x00000000   Code   RO         2531    .ARM.Collect$$libshutdown$$0000000C  c_w.l(libshutdown2.o)
    0x08000356   0x08000356   0x00000000   Code   RO         2534    .ARM.Collect$$libshutdown$$0000000F  c_w.l(libshutdown2.o)
    0x08000356   0x08000356   0x00000002   Code   RO         2535    .ARM.Collect$$libshutdown$$00000010  c_w.l(libshutdown2.o)
    0x08000358   0x08000358   0x00000000   Code   RO         2291    .ARM.Collect$$rtentry$$00000000  c_w.l(__rtentry.o)
    0x08000358   0x08000358   0x00000000   Code   RO         2366    .ARM.Collect$$rtentry$$00000002  c_w.l(__rtentry2.o)
    0x08000358   0x08000358   0x00000006   Code   RO         2378    .ARM.Collect$$rtentry$$00000004  c_w.l(__rtentry4.o)
    0x0800035e   0x0800035e   0x00000000   Code   RO         2368    .ARM.Collect$$rtentry$$00000009  c_w.l(__rtentry2.o)
    0x0800035e   0x0800035e   0x00000004   Code   RO         2369    .ARM.Collect$$rtentry$$0000000A  c_w.l(__rtentry2.o)
    0x08000362   0x08000362   0x00000000   Code   RO         2371    .ARM.Collect$$rtentry$$0000000C  c_w.l(__rtentry2.o)
    0x08000362   0x08000362   0x00000008   Code   RO         2372    .ARM.Collect$$rtentry$$0000000D  c_w.l(__rtentry2.o)
    0x0800036a   0x0800036a   0x00000002   Code   RO         2410    .ARM.Collect$$rtexit$$00000000  c_w.l(rtexit.o)
    0x0800036c   0x0800036c   0x00000000   Code   RO         2468    .ARM.Collect$$rtexit$$00000002  c_w.l(rtexit2.o)
    0x0800036c   0x0800036c   0x00000004   Code   RO         2469    .ARM.Collect$$rtexit$$00000003  c_w.l(rtexit2.o)
    0x08000370   0x08000370   0x00000006   Code   RO         2470    .ARM.Collect$$rtexit$$00000004  c_w.l(rtexit2.o)
    0x08000376   0x08000376   0x00000002   PAD
    0x08000378   0x08000378   0x00000040   Code   RO            4    .text               startup_stm32h743xx.o
    0x080003b8   0x080003b8   0x000000f0   Code   RO         2185    .text               c_w.l(lludivv7m.o)
    0x080004a8   0x080004a8   0x0000008a   Code   RO         2187    .text               c_w.l(rt_memcpy_v6.o)
    0x08000532   0x08000532   0x00000064   Code   RO         2189    .text               c_w.l(rt_memcpy_w.o)
    0x08000596   0x08000596   0x00000010   Code   RO         2191    .text               c_w.l(aeabi_memset.o)
    0x080005a6   0x080005a6   0x00000044   Code   RO         2193    .text               c_w.l(rt_memclr.o)
    0x080005ea   0x080005ea   0x0000004e   Code   RO         2195    .text               c_w.l(rt_memclr_w.o)
    0x08000638   0x08000638   0x00000006   Code   RO         2199    .text               c_w.l(heapauxi.o)
    0x0800063e   0x0800063e   0x00000016   Code   RO         2296    .text               c_w.l(_rserrno.o)
    0x08000654   0x08000654   0x00000008   Code   RO         2385    .text               c_w.l(rt_errno_addr_intlibspace.o)
    0x0800065c   0x0800065c   0x00000008   Code   RO         2391    .text               c_w.l(libspace.o)
    0x08000664   0x08000664   0x0000004a   Code   RO         2394    .text               c_w.l(sys_stackheap_outer.o)
    0x080006ae   0x080006ae   0x00000012   Code   RO         2396    .text               c_w.l(exit.o)
    0x080006c0   0x080006c0   0x0000000c   Code   RO         2463    .text               c_w.l(sys_exit.o)
    0x080006cc   0x080006cc   0x00000002   Code   RO         2482    .text               c_w.l(use_no_semi.o)
    0x080006ce   0x080006ce   0x00000000   Code   RO         2484    .text               c_w.l(indicate_semi.o)
    0x080006ce   0x080006ce   0x00000002   PAD
    0x080006d0   0x080006d0   0x0000000c   Code   RO          169    .text.ADC3_IRQHandler  stm32h7xx_it.o
    0x080006dc   0x080006dc   0x00000004   PAD
    0x080006e0   0x080006e0   0x00000122   Code   RO          192    .text.ADC_ConfigureBoostMode  stm32h7xx_hal_adc.o
    0x08000802   0x08000802   0x00000006   PAD
    0x08000808   0x08000808   0x00000076   Code   RO          218    .text.ADC_DMAConvCplt  stm32h7xx_hal_adc.o
    0x0800087e   0x0800087e   0x00000002   PAD
    0x08000880   0x08000880   0x00000016   Code   RO          222    .text.ADC_DMAError  stm32h7xx_hal_adc.o
    0x08000896   0x08000896   0x00000002   PAD
    0x08000898   0x08000898   0x00000006   Code   RO          220    .text.ADC_DMAHalfConvCplt  stm32h7xx_hal_adc.o
    0x0800089e   0x0800089e   0x00000002   PAD
    0x080008a0   0x080008a0   0x000000b8   Code   RO          204    .text.ADC_Enable    stm32h7xx_hal_adc.o
    0x08000958   0x08000958   0x0000000c   Code   RO          163    .text.ADC_IRQHandler  stm32h7xx_it.o
    0x08000964   0x08000964   0x00000004   PAD
    0x08000968   0x08000968   0x0000000c   Code   RO          171    .text.BDMA_Channel0_IRQHandler  stm32h7xx_it.o
    0x08000974   0x08000974   0x00000004   PAD
    0x08000978   0x08000978   0x00000002   Code   RO          145    .text.BusFault_Handler  stm32h7xx_it.o
    0x0800097a   0x0800097a   0x00000006   PAD
    0x08000980   0x08000980   0x0000000c   Code   RO          157    .text.DMA1_Stream0_IRQHandler  stm32h7xx_it.o
    0x0800098c   0x0800098c   0x00000004   PAD
    0x08000990   0x08000990   0x0000000c   Code   RO          159    .text.DMA1_Stream1_IRQHandler  stm32h7xx_it.o
    0x0800099c   0x0800099c   0x00000004   PAD
    0x080009a0   0x080009a0   0x0000000c   Code   RO          161    .text.DMA1_Stream2_IRQHandler  stm32h7xx_it.o
    0x080009ac   0x080009ac   0x00000004   PAD
    0x080009b0   0x080009b0   0x0000011c   Code   RO          543    .text.DMA_CalcBaseAndBitshift  stm32h7xx_hal_dma.o
    0x08000acc   0x08000acc   0x00000004   PAD
    0x08000ad0   0x08000ad0   0x000002fe   Code   RO          549    .text.DMA_SetConfig  stm32h7xx_hal_dma.o
    0x08000dce   0x08000dce   0x00000002   PAD
    0x08000dd0   0x08000dd0   0x00000002   Code   RO          151    .text.DebugMon_Handler  stm32h7xx_it.o
    0x08000dd2   0x08000dd2   0x00000006   PAD
    0x08000dd8   0x08000dd8   0x0000001e   Code   RO          167    .text.EXTI15_10_IRQHandler  stm32h7xx_it.o
    0x08000df6   0x08000df6   0x00000002   PAD
    0x08000df8   0x08000df8   0x0000000a   Code   RO           17    .text.Error_Handler  main.o
    0x08000e02   0x08000e02   0x00000006   PAD
    0x08000e08   0x08000e08   0x00000468   Code   RO         1808    .text.FFT_Calculation  tuner.o
    0x08001270   0x08001270   0x00000002   Code   RO          292    .text.HAL_ADCEx_EndOfSamplingCallback  stm32h7xx_hal_adc_ex.o
    0x08001272   0x08001272   0x00000006   PAD
    0x08001278   0x08001278   0x00000002   Code   RO          284    .text.HAL_ADCEx_InjectedConvCpltCallback  stm32h7xx_hal_adc_ex.o
    0x0800127a   0x0800127a   0x00000006   PAD
    0x08001280   0x08001280   0x00000002   Code   RO          286    .text.HAL_ADCEx_InjectedQueueOverflowCallback  stm32h7xx_hal_adc_ex.o
    0x08001282   0x08001282   0x00000006   PAD
    0x08001288   0x08001288   0x00000002   Code   RO          288    .text.HAL_ADCEx_LevelOutOfWindow2Callback  stm32h7xx_hal_adc_ex.o
    0x0800128a   0x0800128a   0x00000006   PAD
    0x08001290   0x08001290   0x00000002   Code   RO          290    .text.HAL_ADCEx_LevelOutOfWindow3Callback  stm32h7xx_hal_adc_ex.o
    0x08001292   0x08001292   0x00000006   PAD
    0x08001298   0x08001298   0x000000bc   Code   RO          304    .text.HAL_ADCEx_MultiModeConfigChannel  stm32h7xx_hal_adc_ex.o
    0x08001354   0x08001354   0x00000004   PAD
    0x08001358   0x08001358   0x000003e0   Code   RO          238    .text.HAL_ADC_ConfigChannel  stm32h7xx_hal_adc.o
    0x08001738   0x08001738   0x00000016   Code   RO           53    .text.HAL_ADC_ConvCpltCallback  adc.o
    0x0800174e   0x0800174e   0x00000002   PAD
    0x08001750   0x08001750   0x00000002   Code   RO          236    .text.HAL_ADC_ConvHalfCpltCallback  stm32h7xx_hal_adc.o
    0x08001752   0x08001752   0x00000006   PAD
    0x08001758   0x08001758   0x00000002   Code   RO           51    .text.HAL_ADC_ErrorCallback  adc.o
    0x0800175a   0x0800175a   0x00000006   PAD
    0x08001760   0x08001760   0x00000250   Code   RO          228    .text.HAL_ADC_IRQHandler  stm32h7xx_hal_adc.o
    0x080019b0   0x080019b0   0x00000272   Code   RO          188    .text.HAL_ADC_Init  stm32h7xx_hal_adc.o
    0x08001c22   0x08001c22   0x00000006   PAD
    0x08001c28   0x08001c28   0x00000002   Code   RO          232    .text.HAL_ADC_LevelOutOfWindowCallback  stm32h7xx_hal_adc.o
    0x08001c2a   0x08001c2a   0x00000006   PAD
    0x08001c30   0x08001c30   0x00000252   Code   RO           47    .text.HAL_ADC_MspInit  adc.o
    0x08001e82   0x08001e82   0x00000006   PAD
    0x08001e88   0x08001e88   0x0000011e   Code   RO          216    .text.HAL_ADC_Start_DMA  stm32h7xx_hal_adc.o
    0x08001fa6   0x08001fa6   0x00000002   PAD
    0x08001fa8   0x08001fa8   0x000007f2   Code   RO          559    .text.HAL_DMA_IRQHandler  stm32h7xx_hal_dma.o
    0x0800279a   0x0800279a   0x00000006   PAD
    0x080027a0   0x080027a0   0x0000063c   Code   RO          541    .text.HAL_DMA_Init  stm32h7xx_hal_dma.o
    0x08002ddc   0x08002ddc   0x00000004   PAD
    0x08002de0   0x08002de0   0x0000038e   Code   RO          551    .text.HAL_DMA_Start_IT  stm32h7xx_hal_dma.o
    0x0800316e   0x0800316e   0x00000002   PAD
    0x08003170   0x08003170   0x00000028   Code   RO          847    .text.HAL_Delay     stm32h7xx_hal.o
    0x08003198   0x08003198   0x00000064   Code   RO           30    .text.HAL_GPIO_EXTI_Callback  gpio.o
    0x080031fc   0x080031fc   0x00000004   PAD
    0x08003200   0x08003200   0x00000014   Code   RO          499    .text.HAL_GPIO_EXTI_IRQHandler  stm32h7xx_hal_gpio.o
    0x08003214   0x08003214   0x00000004   PAD
    0x08003218   0x08003218   0x000001e2   Code   RO          487    .text.HAL_GPIO_Init  stm32h7xx_hal_gpio.o
    0x080033fa   0x080033fa   0x00000006   PAD
    0x08003400   0x08003400   0x0000000a   Code   RO          491    .text.HAL_GPIO_ReadPin  stm32h7xx_hal_gpio.o
    0x0800340a   0x0800340a   0x00000006   PAD
    0x08003410   0x08003410   0x0000000a   Code   RO          493    .text.HAL_GPIO_WritePin  stm32h7xx_hal_gpio.o
    0x0800341a   0x0800341a   0x00000006   PAD
    0x08003420   0x08003420   0x0000000e   Code   RO          855    .text.HAL_GetREVID  stm32h7xx_hal.o
    0x0800342e   0x0800342e   0x00000002   PAD
    0x08003430   0x08003430   0x0000000c   Code   RO          839    .text.HAL_GetTick   stm32h7xx_hal.o
    0x0800343c   0x0800343c   0x00000004   PAD
    0x08003440   0x08003440   0x00000106   Code   RO         1170    .text.HAL_I2SEx_TransmitReceive_DMA  stm32h7xx_hal_i2s.o
    0x08003546   0x08003546   0x00000002   PAD
    0x08003548   0x08003548   0x000002d0   Code   RO         1735    .text.HAL_I2SEx_TxRxCpltCallback  effect_chain.o
    0x08003818   0x08003818   0x000002a8   Code   RO         1731    .text.HAL_I2SEx_TxRxHalfCpltCallback  effect_chain.o
    0x08003ac0   0x08003ac0   0x00000002   Code   RO         1184    .text.HAL_I2S_ErrorCallback  stm32h7xx_hal_i2s.o
    0x08003ac2   0x08003ac2   0x00000006   PAD
    0x08003ac8   0x08003ac8   0x0000013e   Code   RO         1182    .text.HAL_I2S_IRQHandler  stm32h7xx_hal_i2s.o
    0x08003c06   0x08003c06   0x00000002   PAD
    0x08003c08   0x08003c08   0x00000164   Code   RO         1128    .text.HAL_I2S_Init  stm32h7xx_hal_i2s.o
    0x08003d6c   0x08003d6c   0x00000004   PAD
    0x08003d70   0x08003d70   0x00000176   Code   RO           93    .text.HAL_I2S_MspInit  i2s.o
    0x08003ee6   0x08003ee6   0x00000002   PAD
    0x08003ee8   0x08003ee8   0x0000001a   Code   RO          837    .text.HAL_IncTick   stm32h7xx_hal.o
    0x08003f02   0x08003f02   0x00000006   PAD
    0x08003f08   0x08003f08   0x00000064   Code   RO          827    .text.HAL_Init      stm32h7xx_hal.o
    0x08003f6c   0x08003f6c   0x00000004   PAD
    0x08003f70   0x08003f70   0x0000004c   Code   RO          829    .text.HAL_InitTick  stm32h7xx_hal.o
    0x08003fbc   0x08003fbc   0x00000004   PAD
    0x08003fc0   0x08003fc0   0x00000020   Code   RO          180    .text.HAL_MspInit   stm32h7xx_hal_msp.o
    0x08003fe0   0x08003fe0   0x00000020   Code   RO          783    .text.HAL_NVIC_EnableIRQ  stm32h7xx_hal_cortex.o
    0x08004000   0x08004000   0x0000005e   Code   RO          781    .text.HAL_NVIC_SetPriority  stm32h7xx_hal_cortex.o
    0x0800405e   0x0800405e   0x00000002   PAD
    0x08004060   0x08004060   0x00000020   Code   RO          779    .text.HAL_NVIC_SetPriorityGrouping  stm32h7xx_hal_cortex.o
    0x08004080   0x08004080   0x00000048   Code   RO          691    .text.HAL_PWREx_ConfigSupply  stm32h7xx_hal_pwr_ex.o
    0x080040c8   0x080040c8   0x00000026   Code   RO          374    .text.HAL_RCCEx_GetD3PCLK1Freq  stm32h7xx_hal_rcc_ex.o
    0x080040ee   0x080040ee   0x00000002   PAD
    0x080040f0   0x080040f0   0x00000198   Code   RO          368    .text.HAL_RCCEx_GetPLL1ClockFreq  stm32h7xx_hal_rcc_ex.o
    0x08004288   0x08004288   0x00000198   Code   RO          370    .text.HAL_RCCEx_GetPLL2ClockFreq  stm32h7xx_hal_rcc_ex.o
    0x08004420   0x08004420   0x00000198   Code   RO          372    .text.HAL_RCCEx_GetPLL3ClockFreq  stm32h7xx_hal_rcc_ex.o
    0x080045b8   0x080045b8   0x000004c0   Code   RO          366    .text.HAL_RCCEx_GetPeriphCLKFreq  stm32h7xx_hal_rcc_ex.o
    0x08004a78   0x08004a78   0x00000b28   Code   RO          358    .text.HAL_RCCEx_PeriphCLKConfig  stm32h7xx_hal_rcc_ex.o
    0x080055a0   0x080055a0   0x00000260   Code   RO          326    .text.HAL_RCC_ClockConfig  stm32h7xx_hal_rcc.o
    0x08005800   0x08005800   0x0000004c   Code   RO          336    .text.HAL_RCC_GetHCLKFreq  stm32h7xx_hal_rcc.o
    0x0800584c   0x0800584c   0x00000004   PAD
    0x08005850   0x08005850   0x00000060   Code   RO          338    .text.HAL_RCC_GetPCLK1Freq  stm32h7xx_hal_rcc.o
    0x080058b0   0x080058b0   0x00000060   Code   RO          340    .text.HAL_RCC_GetPCLK2Freq  stm32h7xx_hal_rcc.o
    0x08005910   0x08005910   0x00000180   Code   RO          328    .text.HAL_RCC_GetSysClockFreq  stm32h7xx_hal_rcc.o
    0x08005a90   0x08005a90   0x0000053e   Code   RO          324    .text.HAL_RCC_OscConfig  stm32h7xx_hal_rcc.o
    0x08005fce   0x08005fce   0x00000002   PAD
    0x08005fd0   0x08005fd0   0x000001a4   Code   RO         1211    .text.HAL_SPI_Init  stm32h7xx_hal_spi.o
    0x08006174   0x08006174   0x00000004   PAD
    0x08006178   0x08006178   0x00000092   Code   RO          111    .text.HAL_SPI_MspInit  spi.o
    0x0800620a   0x0800620a   0x00000006   PAD
    0x08006210   0x08006210   0x0000036c   Code   RO         1219    .text.HAL_SPI_Transmit  stm32h7xx_hal_spi.o
    0x0800657c   0x0800657c   0x00000004   PAD
    0x08006580   0x08006580   0x00000014   Code   RO          877    .text.HAL_SYSCFG_AnalogSwitchConfig  stm32h7xx_hal.o
    0x08006594   0x08006594   0x00000004   PAD
    0x08006598   0x08006598   0x0000002c   Code   RO          791    .text.HAL_SYSTICK_Config  stm32h7xx_hal_cortex.o
    0x080065c4   0x080065c4   0x00000004   PAD
    0x080065c8   0x080065c8   0x00000036   Code   RO         1490    .text.HAL_UARTEx_DisableFifoMode  stm32h7xx_hal_uart_ex.o
    0x080065fe   0x080065fe   0x00000002   PAD
    0x08006600   0x08006600   0x00000090   Code   RO         1494    .text.HAL_UARTEx_SetRxFifoThreshold  stm32h7xx_hal_uart_ex.o
    0x08006690   0x08006690   0x00000090   Code   RO         1492    .text.HAL_UARTEx_SetTxFifoThreshold  stm32h7xx_hal_uart_ex.o
    0x08006720   0x08006720   0x00000064   Code   RO         1329    .text.HAL_UART_Init  stm32h7xx_hal_uart.o
    0x08006784   0x08006784   0x00000004   PAD
    0x08006788   0x08006788   0x00000090   Code   RO          126    .text.HAL_UART_MspInit  usart.o
    0x08006818   0x08006818   0x00000002   Code   RO          141    .text.HardFault_Handler  stm32h7xx_it.o
    0x0800681a   0x0800681a   0x00000006   PAD
    0x08006820   0x08006820   0x0000002c   Code   RO         1174    .text.I2SEx_DMATxRxCplt  stm32h7xx_hal_i2s.o
    0x0800684c   0x0800684c   0x00000004   PAD
    0x08006850   0x08006850   0x00000006   Code   RO         1172    .text.I2SEx_DMATxRxHalfCplt  stm32h7xx_hal_i2s.o
    0x08006856   0x08006856   0x00000002   PAD
    0x08006858   0x08006858   0x00000024   Code   RO         1162    .text.I2S_DMAError  stm32h7xx_hal_i2s.o
    0x0800687c   0x0800687c   0x00000004   PAD
    0x08006880   0x08006880   0x0000005c   Code   RO         1648    .text.IIC_Init      myiic.o
    0x080068dc   0x080068dc   0x00000004   PAD
    0x080068e0   0x080068e0   0x000001c6   Code   RO         1660    .text.IIC_Send_Byte  myiic.o
    0x08006aa6   0x08006aa6   0x00000002   PAD
    0x08006aa8   0x08006aa8   0x00000060   Code   RO         1650    .text.IIC_Start     myiic.o
    0x08006b08   0x08006b08   0x00000060   Code   RO         1652    .text.IIC_Stop      myiic.o
    0x08006b68   0x08006b68   0x00000056   Code   RO         1654    .text.IIC_Wait_Ack  myiic.o
    0x08006bbe   0x08006bbe   0x00000002   PAD
    0x08006bc0   0x08006bc0   0x00000182   Code   RO         1589    .text.LCD_Address_Set  lcd_init.o
    0x08006d42   0x08006d42   0x00000006   PAD
    0x08006d48   0x08006d48   0x00000098   Code   RO         1531    .text.LCD_DrawLine  lcd.o
    0x08006de0   0x08006de0   0x00000048   Code   RO         1527    .text.LCD_Fill      lcd.o
    0x08006e28   0x08006e28   0x000005ca   Code   RO         1547    .text.LCD_ShowChar  lcd.o
    0x080073f2   0x080073f2   0x00000006   PAD
    0x080073f8   0x080073f8   0x00000108   Code   RO         1553    .text.LCD_ShowIntNum  lcd.o
    0x08007500   0x08007500   0x0000005a   Code   RO         1557    .text.LCD_ShowPicture  lcd.o
    0x0800755a   0x0800755a   0x00000006   PAD
    0x08007560   0x08007560   0x000000aa   Code   RO         1559    .text.LCD_ShowPictureBinary  lcd.o
    0x0800760a   0x0800760a   0x00000006   PAD
    0x08007610   0x08007610   0x00000044   Code   RO         1549    .text.LCD_ShowString  lcd.o
    0x08007654   0x08007654   0x00000004   PAD
    0x08007658   0x08007658   0x0000003e   Code   RO         1583    .text.LCD_WR_DATA   lcd_init.o
    0x08007696   0x08007696   0x00000002   PAD
    0x08007698   0x08007698   0x0000003c   Code   RO         1581    .text.LCD_WR_DATA8  lcd_init.o
    0x080076d4   0x080076d4   0x00000004   PAD
    0x080076d8   0x080076d8   0x0000018e   Code   RO           43    .text.MX_ADC1_Init  adc.o
    0x08007866   0x08007866   0x00000002   PAD
    0x08007868   0x08007868   0x000001bc   Code   RO           45    .text.MX_ADC3_Init  adc.o
    0x08007a24   0x08007a24   0x00000004   PAD
    0x08007a28   0x08007a28   0x00000034   Code   RO           73    .text.MX_BDMA_Init  bdma.o
    0x08007a5c   0x08007a5c   0x00000004   PAD
    0x08007a60   0x08007a60   0x00000054   Code   RO           82    .text.MX_DMA_Init   dma.o
    0x08007ab4   0x08007ab4   0x00000004   PAD
    0x08007ab8   0x08007ab8   0x000001e0   Code   RO           28    .text.MX_GPIO_Init  gpio.o
    0x08007c98   0x08007c98   0x00000046   Code   RO           91    .text.MX_I2S1_Init  i2s.o
    0x08007cde   0x08007cde   0x00000002   PAD
    0x08007ce0   0x08007ce0   0x0000005e   Code   RO          109    .text.MX_SPI4_Init  spi.o
    0x08007d3e   0x08007d3e   0x00000002   PAD
    0x08007d40   0x08007d40   0x0000007c   Code   RO          124    .text.MX_UART5_Init  usart.o
    0x08007dbc   0x08007dbc   0x00000004   PAD
    0x08007dc0   0x08007dc0   0x00000002   Code   RO          143    .text.MemManage_Handler  stm32h7xx_it.o
    0x08007dc2   0x08007dc2   0x00000006   PAD
    0x08007dc8   0x08007dc8   0x00000002   Code   RO          139    .text.NMI_Handler   stm32h7xx_it.o
    0x08007dca   0x08007dca   0x00000006   PAD
    0x08007dd0   0x08007dd0   0x00000002   Code   RO          153    .text.PendSV_Handler  stm32h7xx_it.o
    0x08007dd2   0x08007dd2   0x00000006   PAD
    0x08007dd8   0x08007dd8   0x0000011e   Code   RO          360    .text.RCCEx_PLL2_Config  stm32h7xx_hal_rcc_ex.o
    0x08007ef6   0x08007ef6   0x00000002   PAD
    0x08007ef8   0x08007ef8   0x0000011e   Code   RO          362    .text.RCCEx_PLL3_Config  stm32h7xx_hal_rcc_ex.o
    0x08008016   0x08008016   0x00000002   PAD
    0x08008018   0x08008018   0x0000000c   Code   RO          165    .text.SPI1_IRQHandler  stm32h7xx_it.o
    0x08008024   0x08008024   0x00000004   PAD
    0x08008028   0x08008028   0x000000c8   Code   RO         1221    .text.SPI_CloseTransfer  stm32h7xx_hal_spi.o
    0x080080f0   0x080080f0   0x000016ac   Code   RO         1591    .text.SPI_LCD_Init  lcd_init.o
    0x0800979c   0x0800979c   0x00000004   PAD
    0x080097a0   0x080097a0   0x00000002   Code   RO          149    .text.SVC_Handler   stm32h7xx_it.o
    0x080097a2   0x080097a2   0x00000006   PAD
    0x080097a8   0x080097a8   0x00000004   Code   RO          155    .text.SysTick_Handler  stm32h7xx_it.o
    0x080097ac   0x080097ac   0x00000004   PAD
    0x080097b0   0x080097b0   0x0000013a   Code   RO           13    .text.SystemClock_Config  main.o
    0x080098ea   0x080098ea   0x00000006   PAD
    0x080098f0   0x080098f0   0x000000cc   Code   RO         1513    .text.SystemInit    system_stm32h7xx.o
    0x080099bc   0x080099bc   0x00000004   PAD
    0x080099c0   0x080099c0   0x000000e0   Code   RO         1335    .text.UART_AdvFeatureConfig  stm32h7xx_hal_uart.o
    0x08009aa0   0x08009aa0   0x00000176   Code   RO         1337    .text.UART_CheckIdleState  stm32h7xx_hal_uart.o
    0x08009c16   0x08009c16   0x00000002   PAD
    0x08009c18   0x08009c18   0x000005c0   Code   RO         1333    .text.UART_SetConfig  stm32h7xx_hal_uart.o
    0x0800a1d8   0x0800a1d8   0x000002f0   Code   RO         1351    .text.UART_WaitOnFlagUntilTimeout  stm32h7xx_hal_uart.o
    0x0800a4c8   0x0800a4c8   0x00000002   Code   RO          147    .text.UsageFault_Handler  stm32h7xx_it.o
    0x0800a4ca   0x0800a4ca   0x00000006   PAD
    0x0800a4d0   0x0800a4d0   0x0000003c   Code   RO         1678    .text.WM8978_ADDA_Cfg  wm8978.o
    0x0800a50c   0x0800a50c   0x00000004   PAD
    0x0800a510   0x0800a510   0x0000002a   Code   RO         1692    .text.WM8978_HPvol_Set  wm8978.o
    0x0800a53a   0x0800a53a   0x00000006   PAD
    0x0800a540   0x0800a540   0x00000012   Code   RO         1690    .text.WM8978_I2S_Cfg  wm8978.o
    0x0800a552   0x0800a552   0x00000006   PAD
    0x0800a558   0x0800a558   0x00000084   Code   RO         1672    .text.WM8978_Init   wm8978.o
    0x0800a5dc   0x0800a5dc   0x00000004   PAD
    0x0800a5e0   0x0800a5e0   0x000000ba   Code   RO         1680    .text.WM8978_Input_Cfg  wm8978.o
    0x0800a69a   0x0800a69a   0x00000006   PAD
    0x0800a6a0   0x0800a6a0   0x0000001c   Code   RO         1688    .text.WM8978_MIC_Gain  wm8978.o
    0x0800a6bc   0x0800a6bc   0x00000004   PAD
    0x0800a6c0   0x0800a6c0   0x00000026   Code   RO         1686    .text.WM8978_Output_Cfg  wm8978.o
    0x0800a6e6   0x0800a6e6   0x00000002   PAD
    0x0800a6e8   0x0800a6e8   0x00000022   Code   RO         1694    .text.WM8978_SPKvol_Set  wm8978.o
    0x0800a70a   0x0800a70a   0x00000006   PAD
    0x0800a710   0x0800a710   0x0000005c   Code   RO         1674    .text.WM8978_Write_Reg  wm8978.o
    0x0800a76c   0x0800a76c   0x00000048   Code   RO         2088    .text.arm_bitreversal_32  arm_cortexM7lfsp_math.lib(arm_bitreversal2.o)
    0x0800a7b4   0x0800a7b4   0x000000e0   Code   RO         1947    .text.arm_cfft_f32  arm_cortexM7lfsp_math.lib(arm_cfft_f32.o)
    0x0800a894   0x0800a894   0x000000b4   Code   RO         1957    .text.arm_cfft_init_f32  arm_cortexM7lfsp_math.lib(arm_cfft_init_f32.o)
    0x0800a948   0x0800a948   0x00000170   Code   RO         1943    .text.arm_cfft_radix8by2_f32  arm_cortexM7lfsp_math.lib(arm_cfft_f32.o)
    0x0800aab8   0x0800aab8   0x000003bc   Code   RO         1945    .text.arm_cfft_radix8by4_f32  arm_cortexM7lfsp_math.lib(arm_cfft_f32.o)
    0x0800ae74   0x0800ae74   0x00000140   Code   RO         1893    .text.arm_cmplx_mag_f32  arm_cortexM7lfsp_math.lib(arm_cmplx_mag_f32.o)
    0x0800afb4   0x0800afb4   0x00000524   Code   RO         2100    .text.arm_radix8_butterfly_f32  arm_cortexM7lfsp_math.lib(arm_cfft_radix8_f32.o)
    0x0800b4d8   0x0800b4d8   0x0000002a   Code   RO         1923    .text.arm_rfft_1024_fast_init_f32  arm_cortexM7lfsp_math.lib(arm_rfft_fast_init_f32.o)
    0x0800b502   0x0800b502   0x00000026   Code   RO         1929    .text.arm_rfft_128_fast_init_f32  arm_cortexM7lfsp_math.lib(arm_rfft_fast_init_f32.o)
    0x0800b528   0x0800b528   0x0000002a   Code   RO         1921    .text.arm_rfft_2048_fast_init_f32  arm_cortexM7lfsp_math.lib(arm_rfft_fast_init_f32.o)
    0x0800b552   0x0800b552   0x00000028   Code   RO         1927    .text.arm_rfft_256_fast_init_f32  arm_cortexM7lfsp_math.lib(arm_rfft_fast_init_f32.o)
    0x0800b57a   0x0800b57a   0x00000026   Code   RO         1933    .text.arm_rfft_32_fast_init_f32  arm_cortexM7lfsp_math.lib(arm_rfft_fast_init_f32.o)
    0x0800b5a0   0x0800b5a0   0x0000002a   Code   RO         1919    .text.arm_rfft_4096_fast_init_f32  arm_cortexM7lfsp_math.lib(arm_rfft_fast_init_f32.o)
    0x0800b5ca   0x0800b5ca   0x0000002a   Code   RO         1925    .text.arm_rfft_512_fast_init_f32  arm_cortexM7lfsp_math.lib(arm_rfft_fast_init_f32.o)
    0x0800b5f4   0x0800b5f4   0x00000026   Code   RO         1931    .text.arm_rfft_64_fast_init_f32  arm_cortexM7lfsp_math.lib(arm_rfft_fast_init_f32.o)
    0x0800b61a   0x0800b61a   0x00000046   Code   RO         1907    .text.arm_rfft_fast_f32  arm_cortexM7lfsp_math.lib(arm_rfft_fast_f32.o)
    0x0800b660   0x0800b660   0x00000090   Code   RO         1917    .text.arm_rfft_fast_init_f32  arm_cortexM7lfsp_math.lib(arm_rfft_fast_init_f32.o)
    0x0800b6f0   0x0800b6f0   0x0000003c   Code   RO         1766    .text.calculate_ap_filter  reverb.o
    0x0800b72c   0x0800b72c   0x00000004   PAD
    0x0800b730   0x0800b730   0x00000038   Code   RO         1764    .text.calculate_comb_filter  reverb.o
    0x0800b768   0x0800b768   0x00000052   Code   RO         1844    .text.calculate_lpf  lowpass_filter.o
    0x0800b7ba   0x0800b7ba   0x00000006   PAD
    0x0800b7c0   0x0800b7c0   0x000000ae   Code   RO         1719    .text.delay_us      delay.o
    0x0800b86e   0x0800b86e   0x00000002   PAD
    0x0800b870   0x0800b870   0x00000190   Code   RO         1733    .text.effect_process  effect_chain.o
    0x0800ba00   0x0800ba00   0x00000034   Code   RO           55    .text.init_adc_dma  adc.o
    0x0800ba34   0x0800ba34   0x00000004   PAD
    0x0800ba38   0x0800ba38   0x00000016   Code   RO         1760    .text.init_func     reverb.o
    0x0800ba4e   0x0800ba4e   0x00000002   PAD
    0x0800ba50   0x0800ba50   0x0000007a   Code   RO         1737    .text.init_input_output_confit  effect_chain.o
    0x0800baca   0x0800baca   0x00000006   PAD
    0x0800bad0   0x0800bad0   0x00000066   Code   RO         1804    .text.init_tuner    tuner.o
    0x0800bb36   0x0800bb36   0x00000002   PAD
    0x0800bb38   0x0800bb38   0x0000010e   Code   RO           11    .text.main          main.o
    0x0800bc46   0x0800bc46   0x00000002   PAD
    0x0800bc48   0x0800bc48   0x000000a4   Code   RO         1905    .text.merge_rfft_f32  arm_cortexM7lfsp_math.lib(arm_rfft_fast_f32.o)
    0x0800bcec   0x0800bcec   0x00000004   PAD
    0x0800bcf0   0x0800bcf0   0x00000060   Code   RO         1602    .text.my_mem_init   malloc.o
    0x0800bd50   0x0800bd50   0x00000070   Code   RO         1604    .text.my_mem_perused  malloc.o
    0x0800bdc0   0x0800bdc0   0x000000c8   Code   RO         1614    .text.myfree        malloc.o
    0x0800be88   0x0800be88   0x00000122   Code   RO         1616    .text.mymalloc      malloc.o
    0x0800bfaa   0x0800bfaa   0x00000006   PAD
    0x0800bfb0   0x0800bfb0   0x000000a8   Code   RO         1768    .text.reverb_init_new  reverb.o
    0x0800c058   0x0800c058   0x000003f4   Code   RO         1827    .text.spi_lcd_handle  ugly_ui.o
    0x0800c44c   0x0800c44c   0x000000ac   Code   RO         1903    .text.stage_rfft_f32  arm_cortexM7lfsp_math.lib(arm_rfft_fast_f32.o)
    0x0800c4f8   0x0800c4f8   0x0000021c   Code   RO         1814    .text.tuner_function  tuner.o
    0x0800c714   0x0800c714   0x00000004   PAD
    0x0800c718   0x0800c718   0x00000054   Code   RO         1806    .text.uninit_tuner  tuner.o
    0x0800c76c   0x0800c76c   0x00000004   PAD
    0x0800c770   0x0800c770   0x00000288   Code   RO           41    .text.update_controller  adc.o
    0x0800c9f8   0x0800c9f8   0x00000008   Code   RO         1762    .text.update_para   reverb.o
    0x0800ca00   0x0800ca00   0x00000128   Code   RO         1842    .text.update_para_lpf  lowpass_filter.o
    0x0800cb28   0x0800cb28   0x000001b4   Code   RO         1855    .text.update_tremolo  tremolo.o
    0x0800ccdc   0x0800ccdc   0x00000030   Code   RO         2332    i.__ARM_fpclassify  m_wm.l(fpclassify.o)
    0x0800cd0c   0x0800cd0c   0x00000004   PAD
    0x0800cd10   0x0800cd10   0x00000360   Code   RO         2229    i.__hardfp_asin     m_wm.l(asin.o)
    0x0800d070   0x0800d070   0x000000c8   Code   RO         2243    i.__hardfp_cos      m_wm.l(cos.o)
    0x0800d138   0x0800d138   0x000000c8   Code   RO         2255    i.__hardfp_sin      m_wm.l(sin.o)
    0x0800d200   0x0800d200   0x0000003a   Code   RO         2267    i.__hardfp_sqrtf    m_wm.l(sqrtf.o)
    0x0800d23a   0x0800d23a   0x00000006   PAD
    0x0800d240   0x0800d240   0x00000080   Code   RO         2279    i.__hardfp_tan      m_wm.l(tan.o)
    0x0800d2c0   0x0800d2c0   0x00000438   Code   RO         2336    i.__ieee754_rem_pio2  m_wm.l(rred.o)
    0x0800d6f8   0x0800d6f8   0x00000170   Code   RO         2309    i.__kernel_cos      m_wm.l(cos_i.o)
    0x0800d868   0x0800d868   0x000000f8   Code   RO         2334    i.__kernel_poly     m_wm.l(poly.o)
    0x0800d960   0x0800d960   0x00000130   Code   RO         2341    i.__kernel_sin      m_wm.l(sin_i.o)
    0x0800da90   0x0800da90   0x00000350   Code   RO         2359    i.__kernel_tan      m_wm.l(tan_i.o)
    0x0800dde0   0x0800dde0   0x00000014   Code   RO         2313    i.__mathlib_dbl_infnan  m_wm.l(dunder.o)
    0x0800ddf4   0x0800ddf4   0x00000004   PAD
    0x0800ddf8   0x0800ddf8   0x00000020   Code   RO         2315    i.__mathlib_dbl_invalid  m_wm.l(dunder.o)
    0x0800de18   0x0800de18   0x00000020   Code   RO         2318    i.__mathlib_dbl_underflow  m_wm.l(dunder.o)
    0x0800de38   0x0800de38   0x00000018   Code   RO         2328    i.fabs              m_wm.l(fabs.o)
    0x0800de50   0x0800de50   0x0000006e   Code   RO         2349    i.sqrt              m_wm.l(sqrt.o)
    0x0800debe   0x0800debe   0x00000018   Code   RO         2298    x$fpl$basic         fz_wm.l(basic.o)
    0x0800ded6   0x0800ded6   0x00000002   PAD
    0x0800ded8   0x0800ded8   0x00000062   Code   RO         2203    x$fpl$d2f           fz_wm.l(d2f.o)
    0x0800df3a   0x0800df3a   0x00000002   PAD
    0x0800df3c   0x0800df3c   0x00000150   Code   RO         2205    x$fpl$dadd          fz_wm.l(daddsub_clz.o)
    0x0800e08c   0x0800e08c   0x000002b0   Code   RO         2212    x$fpl$ddiv          fz_wm.l(ddiv.o)
    0x0800e33c   0x0800e33c   0x0000005e   Code   RO         2215    x$fpl$dfix          fz_wm.l(dfix.o)
    0x0800e39a   0x0800e39a   0x0000002e   Code   RO         2220    x$fpl$dflt          fz_wm.l(dflt_clz.o)
    0x0800e3c8   0x0800e3c8   0x00000026   Code   RO         2219    x$fpl$dfltu         fz_wm.l(dflt_clz.o)
    0x0800e3ee   0x0800e3ee   0x00000002   PAD
    0x0800e3f0   0x0800e3f0   0x00000154   Code   RO         2225    x$fpl$dmul          fz_wm.l(dmul.o)
    0x0800e544   0x0800e544   0x0000009c   Code   RO         2300    x$fpl$dnaninf       fz_wm.l(dnaninf.o)
    0x0800e5e0   0x0800e5e0   0x0000000c   Code   RO         2302    x$fpl$dretinf       fz_wm.l(dretinf.o)
    0x0800e5ec   0x0800e5ec   0x00000016   Code   RO         2206    x$fpl$drsb          fz_wm.l(daddsub_clz.o)
    0x0800e602   0x0800e602   0x00000002   PAD
    0x0800e604   0x0800e604   0x00000198   Code   RO         2389    x$fpl$dsqrt         fz_wm.l(dsqrt_umaal.o)
    0x0800e79c   0x0800e79c   0x000001d4   Code   RO         2207    x$fpl$dsub          fz_wm.l(daddsub_clz.o)
    0x0800e970   0x0800e970   0x00000056   Code   RO         2227    x$fpl$f2d           fz_wm.l(f2d.o)
    0x0800e9c6   0x0800e9c6   0x0000008c   Code   RO         2304    x$fpl$fnaninf       fz_wm.l(fnaninf.o)
    0x0800ea52   0x0800ea52   0x0000001a   Code   RO         2480    x$fpl$fpinit        fz_wm.l(fpinit.o)
    0x0800ea6c   0x0800ea6c   0x0000000a   Code   RO         2306    x$fpl$fretinf       fz_wm.l(fretinf.o)
    0x0800ea76   0x0800ea76   0x00000000   Code   RO         2308    x$fpl$usenofp       fz_wm.l(usenofp.o)
    0x0800ea76   0x0800ea76   0x00000002   PAD
    0x0800ea78   0x0800ea78   0x00000050   Data   RO         2232    .constdata          m_wm.l(asin.o)
    0x0800eac8   0x0800eac8   0x00000030   Data   RO         2310    .constdata          m_wm.l(cos_i.o)
    0x0800eaf8   0x0800eaf8   0x000000cc   Data   RO         2338    .constdata          m_wm.l(rred.o)
    0x0800ebc4   0x0800ebc4   0x00000004   PAD
    0x0800ebc8   0x0800ebc8   0x00000028   Data   RO         2342    .constdata          m_wm.l(sin_i.o)
    0x0800ebf0   0x0800ebf0   0x00000060   Data   RO         2360    .constdata          m_wm.l(tan_i.o)
    0x0800ec50   0x0800ec50   0x00000018   Data   RO         1816    .rodata..L__const.tuner_function.freq_list  tuner.o
    0x0800ec68   0x0800ec68   0x00000010   Data   RO         1517    .rodata.D1CorePrescTable  system_stm32h7xx.o
    0x0800ec78   0x0800ec78   0x00000018   Data   RO         1463    .rodata.UARTPrescTable  stm32h7xx_hal_uart.o
    0x0800ec90   0x0800ec90   0x00000e10   Data   RO         2018    .rodata.armBitRevIndexTable1024  arm_cortexM7lfsp_math.lib(arm_common_tables.o)
    0x0800faa0   0x0800faa0   0x000001a0   Data   RO         2015    .rodata.armBitRevIndexTable128  arm_cortexM7lfsp_math.lib(arm_common_tables.o)
    0x0800fc40   0x0800fc40   0x00000028   Data   RO         2012    .rodata.armBitRevIndexTable16  arm_cortexM7lfsp_math.lib(arm_common_tables.o)
    0x0800fc68   0x0800fc68   0x00001dc0   Data   RO         2019    .rodata.armBitRevIndexTable2048  arm_cortexM7lfsp_math.lib(arm_common_tables.o)
    0x08011a28   0x08011a28   0x00000370   Data   RO         2016    .rodata.armBitRevIndexTable256  arm_cortexM7lfsp_math.lib(arm_common_tables.o)
    0x08011d98   0x08011d98   0x00000060   Data   RO         2013    .rodata.armBitRevIndexTable32  arm_cortexM7lfsp_math.lib(arm_common_tables.o)
    0x08011df8   0x08011df8   0x00001f80   Data   RO         2020    .rodata.armBitRevIndexTable4096  arm_cortexM7lfsp_math.lib(arm_common_tables.o)
    0x08013d78   0x08013d78   0x00000380   Data   RO         2017    .rodata.armBitRevIndexTable512  arm_cortexM7lfsp_math.lib(arm_common_tables.o)
    0x080140f8   0x080140f8   0x00000070   Data   RO         2014    .rodata.armBitRevIndexTable64  arm_cortexM7lfsp_math.lib(arm_common_tables.o)
    0x08014168   0x08014168   0x00000010   Data   RO         2124    .rodata.arm_cfft_sR_f32_len1024  arm_cortexM7lfsp_math.lib(arm_const_structs.o)
    0x08014178   0x08014178   0x00000010   Data   RO         2121    .rodata.arm_cfft_sR_f32_len128  arm_cortexM7lfsp_math.lib(arm_const_structs.o)
    0x08014188   0x08014188   0x00000010   Data   RO         2118    .rodata.arm_cfft_sR_f32_len16  arm_cortexM7lfsp_math.lib(arm_const_structs.o)
    0x08014198   0x08014198   0x00000010   Data   RO         2125    .rodata.arm_cfft_sR_f32_len2048  arm_cortexM7lfsp_math.lib(arm_const_structs.o)
    0x080141a8   0x080141a8   0x00000010   Data   RO         2122    .rodata.arm_cfft_sR_f32_len256  arm_cortexM7lfsp_math.lib(arm_const_structs.o)
    0x080141b8   0x080141b8   0x00000010   Data   RO         2119    .rodata.arm_cfft_sR_f32_len32  arm_cortexM7lfsp_math.lib(arm_const_structs.o)
    0x080141c8   0x080141c8   0x00000010   Data   RO         2126    .rodata.arm_cfft_sR_f32_len4096  arm_cortexM7lfsp_math.lib(arm_const_structs.o)
    0x080141d8   0x080141d8   0x00000010   Data   RO         2123    .rodata.arm_cfft_sR_f32_len512  arm_cortexM7lfsp_math.lib(arm_const_structs.o)
    0x080141e8   0x080141e8   0x00000010   Data   RO         2120    .rodata.arm_cfft_sR_f32_len64  arm_cortexM7lfsp_math.lib(arm_const_structs.o)
    0x080141f8   0x080141f8   0x00000474   Data   RO         1561    .rodata.ascii_1206  lcd.o
    0x0801466c   0x0801466c   0x000005f0   Data   RO         1562    .rodata.ascii_1608  lcd.o
    0x08014c5c   0x08014c5c   0x000011d0   Data   RO         1563    .rodata.ascii_2412  lcd.o
    0x08015e2c   0x08015e2c   0x000017c0   Data   RO         1564    .rodata.ascii_3216  lcd.o
    0x080175ec   0x080175ec   0x00000010   Data   RO         1504    .rodata.cst8        stm32h7xx_hal_uart_ex.o
    0x080175fc   0x080175fc   0x00003a20   Data   RO         1830    .rodata.gImage_boost  ugly_ui.o
    0x0801b01c   0x0801b01c   0x00003930   Data   RO         1832    .rodata.gImage_reverb  ugly_ui.o
    0x0801e94c   0x0801e94c   0x00003c00   Data   RO         1831    .rodata.gImage_sd1  ugly_ui.o
    0x0802254c   0x0802254c   0x00023a00   Data   RO         1833    .rodata.gImage_tunner  ugly_ui.o
    0x08045f4c   0x08045f4c   0x0000000c   Data   RO         1621    .rodata.memblksize  malloc.o
    0x08045f58   0x08045f58   0x0000000c   Data   RO         1622    .rodata.memsize     malloc.o
    0x08045f64   0x08045f64   0x0000000c   Data   RO         1620    .rodata.memtblsize  malloc.o
    0x08045f70   0x08045f70   0x00015db8   Data   RO         1829    .rodata.taikongren  ugly_ui.o
    0x0805bd28   0x0805bd28   0x00002000   Data   RO         1982    .rodata.twiddleCoef_1024  arm_cortexM7lfsp_math.lib(arm_common_tables.o)
    0x0805dd28   0x0805dd28   0x00000400   Data   RO         1979    .rodata.twiddleCoef_128  arm_cortexM7lfsp_math.lib(arm_common_tables.o)
    0x0805e128   0x0805e128   0x00000080   Data   RO         1976    .rodata.twiddleCoef_16  arm_cortexM7lfsp_math.lib(arm_common_tables.o)
    0x0805e1a8   0x0805e1a8   0x00004000   Data   RO         1983    .rodata.twiddleCoef_2048  arm_cortexM7lfsp_math.lib(arm_common_tables.o)
    0x080621a8   0x080621a8   0x00000800   Data   RO         1980    .rodata.twiddleCoef_256  arm_cortexM7lfsp_math.lib(arm_common_tables.o)
    0x080629a8   0x080629a8   0x00000100   Data   RO         1977    .rodata.twiddleCoef_32  arm_cortexM7lfsp_math.lib(arm_common_tables.o)
    0x08062aa8   0x08062aa8   0x00008000   Data   RO         1984    .rodata.twiddleCoef_4096  arm_cortexM7lfsp_math.lib(arm_common_tables.o)
    0x0806aaa8   0x0806aaa8   0x00001000   Data   RO         1981    .rodata.twiddleCoef_512  arm_cortexM7lfsp_math.lib(arm_common_tables.o)
    0x0806baa8   0x0806baa8   0x00000200   Data   RO         1978    .rodata.twiddleCoef_64  arm_cortexM7lfsp_math.lib(arm_common_tables.o)
    0x0806bca8   0x0806bca8   0x00001000   Data   RO         2043    .rodata.twiddleCoef_rfft_1024  arm_cortexM7lfsp_math.lib(arm_common_tables.o)
    0x0806cca8   0x0806cca8   0x00000200   Data   RO         2040    .rodata.twiddleCoef_rfft_128  arm_cortexM7lfsp_math.lib(arm_common_tables.o)
    0x0806cea8   0x0806cea8   0x00002000   Data   RO         2044    .rodata.twiddleCoef_rfft_2048  arm_cortexM7lfsp_math.lib(arm_common_tables.o)
    0x0806eea8   0x0806eea8   0x00000400   Data   RO         2041    .rodata.twiddleCoef_rfft_256  arm_cortexM7lfsp_math.lib(arm_common_tables.o)
    0x0806f2a8   0x0806f2a8   0x00000080   Data   RO         2038    .rodata.twiddleCoef_rfft_32  arm_cortexM7lfsp_math.lib(arm_common_tables.o)
    0x0806f328   0x0806f328   0x00004000   Data   RO         2045    .rodata.twiddleCoef_rfft_4096  arm_cortexM7lfsp_math.lib(arm_common_tables.o)
    0x08073328   0x08073328   0x00000800   Data   RO         2042    .rodata.twiddleCoef_rfft_512  arm_cortexM7lfsp_math.lib(arm_common_tables.o)
    0x08073b28   0x08073b28   0x00000100   Data   RO         2039    .rodata.twiddleCoef_rfft_64  arm_cortexM7lfsp_math.lib(arm_common_tables.o)
    0x08073c28   0x08073c28   0x00000020   Data   RO         2537    Region$$Table       anon$$obj.o


    Execution Region RW_IRAM1 (Exec base: 0x20000000, Load base: 0x08073c48, Size: 0x000047f8, Max: 0x00020000, ABSOLUTE, COMPRESSED[0x00000160])

    Exec Addr    Load Addr    Size         Type   Attr      Idx    E Section Name        Object

    0x20000000   COMPRESSED   0x00000008   Data   RW          924    .data..L_MergedGlobals  stm32h7xx_hal.o
    0x20000008   COMPRESSED   0x00000008   Data   RW         1518    .data..L_MergedGlobals  system_stm32h7xx.o
    0x20000010   COMPRESSED   0x0000007c   Data   RW         1793    .data..L_MergedGlobals  reverb.o
    0x2000008c   COMPRESSED   0x00000008   Data   RW         1817    .data..L_MergedGlobals  tuner.o
    0x20000094   COMPRESSED   0x00000060   Data   RW         1794    .data..L_MergedGlobals.1  reverb.o
    0x200000f4   COMPRESSED   0x00000074   Data   RW         1710    .data.WM8978_REGVAL_TBL  wm8978.o
    0x20000168   COMPRESSED   0x00000054   Data   RW         1747    .data.channela_y    effect_chain.o
    0x200001bc   COMPRESSED   0x00000054   Data   RW         1748    .data.channelb_y    effect_chain.o
    0x20000210   COMPRESSED   0x00000020   Data   RW         1790    .data.fbcf4         reverb.o
    0x20000230   COMPRESSED   0x00000024   Data   RW         1629    .data.mallco_dev    malloc.o
    0x20000254   COMPRESSED   0x00000034   Data   RW         1846    .data.odlpf         lowpass_filter.o
    0x20000288   COMPRESSED   0x00000010   Data   RW         1857    .data.tremolo       tremolo.o
    0x20000298        -       0x00000060   Zero   RW         2392    .bss                c_w.l(libspace.o)
    0x200002f8        -       0x00000004   Zero   RW           32    .bss..L_MergedGlobals  gpio.o
    0x200002fc        -       0x00000068   Zero   RW           64    .bss..L_MergedGlobals  adc.o
    0x20000364        -       0x00000070   Zero   RW         1751    .bss..L_MergedGlobals  effect_chain.o
    0x200003d4        -       0x0000000e   Zero   RW         1834    .bss..L_MergedGlobals  ugly_ui.o
    0x200003e2   COMPRESSED   0x00000002   PAD
    0x200003e4        -       0x00000048   Zero   RW         1818    .bss..L_MergedGlobals.1  tuner.o
    0x2000042c        -       0x00000010   Zero   RW         1743    .bss.function_mode  effect_chain.o
    0x2000043c        -       0x00000064   Zero   RW           59    .bss.hadc3          adc.o
    0x200004a0        -       0x00000078   Zero   RW           60    .bss.hdma_adc1      adc.o
    0x20000518        -       0x00000078   Zero   RW           61    .bss.hdma_adc3      adc.o
    0x20000590        -       0x00000078   Zero   RW           99    .bss.hdma_spi1_rx   i2s.o
    0x20000608        -       0x00000078   Zero   RW          100    .bss.hdma_spi1_tx   i2s.o
    0x20000680        -       0x00000054   Zero   RW           98    .bss.hi2s1          i2s.o
    0x200006d4        -       0x00000088   Zero   RW          115    .bss.hspi4          spi.o
    0x2000075c        -       0x00000094   Zero   RW          130    .bss.huart5         usart.o
    0x200007f0        -       0x00000004   Zero   RW         1858    .bss.update_tremolo.square  tremolo.o
    0x200007f4        -       0x00000004   Zero   RW          923    .bss.uwTick         stm32h7xx_hal.o
    0x200007f8        -       0x00002000   Zero   RW            2    HEAP                startup_stm32h743xx.o
    0x200027f8        -       0x00002000   Zero   RW            1    STACK               startup_stm32h743xx.o



  Load Region LR$$.bss.ARM.__at_0X24000000 (Base: 0x24000000, Size: 0x00000000, Max: 0x00078000, ABSOLUTE)

    Execution Region ER$$.bss.ARM.__at_0X24000000 (Exec base: 0x24000000, Load base: 0x24000000, Size: 0x00078000, Max: 0x00078000, ABSOLUTE, UNINIT)

    Exec Addr    Load Addr    Size         Type   Attr      Idx    E Section Name        Object

    0x24000000        -       0x00078000   Zero   RW         1623    .bss.ARM.__at_0X24000000  malloc.o



  Load Region LR$$.bss.ARM.__at_0X24078000 (Base: 0x24078000, Size: 0x00000000, Max: 0x00007800, ABSOLUTE)

    Execution Region ER$$.bss.ARM.__at_0X24078000 (Exec base: 0x24078000, Load base: 0x24078000, Size: 0x00007800, Max: 0x00007800, ABSOLUTE, UNINIT)

    Exec Addr    Load Addr    Size         Type   Attr      Idx    E Section Name        Object

    0x24078000        -       0x00007800   Zero   RW         1626    .bss.ARM.__at_0X24078000  malloc.o



  Load Region LR$$.bss.ARM.__at_0X30000000 (Base: 0x30000000, Size: 0x00000000, Max: 0x00018000, ABSOLUTE)

    Execution Region ER$$.bss.ARM.__at_0X30000000 (Exec base: 0x30000000, Load base: 0x30000000, Size: 0x00018000, Max: 0x00018000, ABSOLUTE, UNINIT)

    Exec Addr    Load Addr    Size         Type   Attr      Idx    E Section Name        Object

    0x30000000        -       0x00018000   Zero   RW         1625    .bss.ARM.__at_0X30000000  malloc.o



  Load Region LR$$.bss.ARM.__at_0X30018000 (Base: 0x30018000, Size: 0x00000000, Max: 0x00001800, ABSOLUTE)

    Execution Region ER$$.bss.ARM.__at_0X30018000 (Exec base: 0x30018000, Load base: 0x30018000, Size: 0x00001800, Max: 0x00001800, ABSOLUTE, UNINIT)

    Exec Addr    Load Addr    Size         Type   Attr      Idx    E Section Name        Object

    0x30018000        -       0x00001800   Zero   RW         1628    .bss.ARM.__at_0X30018000  malloc.o



  Load Region LR$$.bss.ARM.__at_0X38000000 (Base: 0x38000000, Size: 0x00000000, Max: 0x00000020, ABSOLUTE)

    Execution Region ER$$.bss.ARM.__at_0X38000000 (Exec base: 0x38000000, Load base: 0x38000000, Size: 0x00000020, Max: 0x00000020, ABSOLUTE, UNINIT)

    Exec Addr    Load Addr    Size         Type   Attr      Idx    E Section Name        Object

    0x38000000        -       0x00000020   Zero   RW           58    .bss.ARM.__at_0X38000000  adc.o



  Load Region LR$$.bss.ARM.__at_0X38000020 (Base: 0x38000020, Size: 0x00000000, Max: 0x00000020, ABSOLUTE)

    Execution Region ER$$.bss.ARM.__at_0X38000020 (Exec base: 0x38000020, Load base: 0x38000020, Size: 0x00000020, Max: 0x00000020, ABSOLUTE, UNINIT)

    Exec Addr    Load Addr    Size         Type   Attr      Idx    E Section Name        Object

    0x38000020        -       0x00000020   Zero   RW           57    .bss.ARM.__at_0X38000020  adc.o



  Load Region LR$$.bss.ARM.__at_0X68000000 (Base: 0x68000000, Size: 0x00000000, Max: 0x000f0000, ABSOLUTE)

    Execution Region ER$$.bss.ARM.__at_0X68000000 (Exec base: 0x68000000, Load base: 0x68000000, Size: 0x000f0000, Max: 0x000f0000, ABSOLUTE, UNINIT)

    Exec Addr    Load Addr    Size         Type   Attr      Idx    E Section Name        Object

    0x68000000        -       0x000f0000   Zero   RW         1624    .bss.ARM.__at_0X68000000  malloc.o



  Load Region LR$$.bss.ARM.__at_0X680f0000 (Base: 0x680f0000, Size: 0x00000000, Max: 0x0000f000, ABSOLUTE)

    Execution Region ER$$.bss.ARM.__at_0X680f0000 (Exec base: 0x680f0000, Load base: 0x680f0000, Size: 0x0000f000, Max: 0x0000f000, ABSOLUTE, UNINIT)

    Exec Addr    Load Addr    Size         Type   Attr      Idx    E Section Name        Object

    0x680f0000        -       0x0000f000   Zero   RW         1627    .bss.ARM.__at_0X680f0000  malloc.o


==============================================================================

Image component sizes


      Code (inc. data)   RO Data    RW Data    ZI Data      Debug   Object Name

      2160         56          0          0        508      14208   adc.o
        52          0          0          0          0       5293   bdma.o
       174          0          0          0          0       1075   delay.o
        84          0          0          0          0       5294   dma.o
      1922         32          0        168        128       9265   effect_chain.o
       580          0          0          0          4       6723   gpio.o
       444          0          0          0        324      11300   i2s.o
      2298          0      13300          0          0      24842   lcd.o
      6312          0          0          0          0      19910   lcd_init.o
       378         32          0         52          0       1566   lowpass_filter.o
       594          0          0          0          0       7863   main.o
       698          0         36         36    1671168       8750   malloc.o
       824          0          0          0          0       5733   myiic.o
       314         20          0        252          0       7494   reverb.o
       240          0          0          0        136       8121   spi.o
        64         26        664          0      16384        840   startup_stm32h743xx.o
       288          0          0          8          4      14603   stm32h7xx_hal.o
      3120         12          0          0          0      26772   stm32h7xx_hal_adc.o
       198          0          0          0          0      29239   stm32h7xx_hal_adc_ex.o
       202          0          0          0          0      12059   stm32h7xx_hal_cortex.o
      5590         54          0          0          0      17622   stm32h7xx_hal_dma.o
       522          0          0          0          0       7157   stm32h7xx_hal_gpio.o
      1024          0          0          0          0      16079   stm32h7xx_hal_i2s.o
        32          0          0          0          0       2206   stm32h7xx_hal_msp.o
        72          0          0          0          0      10367   stm32h7xx_hal_pwr_ex.o
      2602         16          0          0          0      11673   stm32h7xx_hal_rcc.o
      5906        204          0          0          0      20798   stm32h7xx_hal_rcc_ex.o
      1496          0          0          0          0      22562   stm32h7xx_hal_spi.o
      2922        430         24          0          0      42399   stm32h7xx_hal_uart.o
       342          0         16          0          0      11409   stm32h7xx_hal_uart_ex.o
       134          0          0          0          0       1870   stm32h7xx_it.o
       204          0         16          8          0       5885   system_stm32h7xx.o
       436         60          0         16          4       1406   tremolo.o
      1854         64         24          8         72       7769   tuner.o
      1012         52     280328          0         14       2160   ugly_ui.o
       268          0          0          0        148       8046   usart.o
       630          0          0        116          0       6302   wm8978.o

    ----------------------------------------------------------------------
     46452       1066     294440        664    1688896     416660   Object Totals
         0          0         32          0          0          0   (incl. Generated)
       460          8          0          0          2          0   (incl. Padding)

    ----------------------------------------------------------------------

      Code (inc. data)   RO Data    RW Data    ZI Data      Debug   Library Member Name

        72          0          0          0          0       1893   arm_bitreversal2.o
      1548          0          0          0          0       7099   arm_cfft_f32.o
       180          0          0          0          0       1283   arm_cfft_init_f32.o
      1316          8          0          0          0       5097   arm_cfft_radix8_f32.o
       320          0          0          0          0       2234   arm_cmplx_mag_f32.o
         0          0     119768          0          0       6294   arm_common_tables.o
         0          0        144          0          0       4820   arm_const_structs.o
       406          0          0          0          0       3049   arm_rfft_fast_f32.o
       466          0          0          0          0       3844   arm_rfft_fast_init_f32.o
        90          0          0          0          0          0   __dczerorl2.o
         8          0          0          0          0         68   __main.o
         0          0          0          0          0          0   __rtentry.o
        12          0          0          0          0          0   __rtentry2.o
         6          0          0          0          0          0   __rtentry4.o
        52          8          0          0          0          0   __scatter.o
        28          0          0          0          0          0   __scatter_zi.o
        22          0          0          0          0        100   _rserrno.o
        16          0          0          0          0         68   aeabi_memset.o
        18          0          0          0          0         80   exit.o
         6          0          0          0          0        152   heapauxi.o
         0          0          0          0          0          0   indicate_semi.o
         2          0          0          0          0          0   libinit.o
         6          0          0          0          0          0   libinit2.o
         2          0          0          0          0          0   libshutdown.o
         2          0          0          0          0          0   libshutdown2.o
         8          4          0          0         96         68   libspace.o
       240          0          0          0          0        100   lludivv7m.o
         8          4          0          0          0         68   rt_errno_addr_intlibspace.o
        68          0          0          0          0         68   rt_memclr.o
        78          0          0          0          0         80   rt_memclr_w.o
       138          0          0          0          0         68   rt_memcpy_v6.o
       100          0          0          0          0         80   rt_memcpy_w.o
         2          0          0          0          0          0   rtexit.o
        10          0          0          0          0          0   rtexit2.o
        12          4          0          0          0         68   sys_exit.o
        74          0          0          0          0         80   sys_stackheap_outer.o
         2          0          0          0          0         68   use_no_semi.o
        24          0          0          0          0        164   basic.o
        98          4          0          0          0        140   d2f.o
       826         16          0          0          0        500   daddsub_clz.o
       688        140          0          0          0        264   ddiv.o
        94          4          0          0          0        140   dfix.o
        84          0          0          0          0        232   dflt_clz.o
       340         12          0          0          0        152   dmul.o
       156          4          0          0          0        140   dnaninf.o
        12          0          0          0          0        116   dretinf.o
       408         56          0          0          0        168   dsqrt_umaal.o
        86          4          0          0          0        132   f2d.o
       140          4          0          0          0        132   fnaninf.o
        26          0          0          0          0        116   fpinit.o
        10          0          0          0          0        116   fretinf.o
         0          0          0          0          0          0   usenofp.o
       864         94         80          0          0        280   asin.o
       200         20          0          0          0        164   cos.o
       368         46         48          0          0        200   cos_i.o
        84         16          0          0          0        372   dunder.o
        24          0          0          0          0        124   fabs.o
        48          0          0          0          0        124   fpclassify.o
       248          0          0          0          0        152   poly.o
      1080        142        204          0          0        188   rred.o
       200         20          0          0          0        164   sin.o
       304         24         40          0          0        208   sin_i.o
       110          0          0          0          0        148   sqrt.o
        58          0          0          0          0        136   sqrtf.o
       128         20          0          0          0        144   tan.o
       848         84         96          0          0        196   tan_i.o

    ----------------------------------------------------------------------
     12908        738     120384          0         96      41941   Library Totals
        34          0          4          0          0          0   (incl. Padding)

    ----------------------------------------------------------------------

      Code (inc. data)   RO Data    RW Data    ZI Data      Debug   Library Name

      4308          8     119912          0          0      35613   arm_cortexM7lfsp_math.lib
      1010         20          0          0         96       1216   c_w.l
      2992        244          0          0          0       2512   fz_wm.l
      4564        466        468          0          0       2600   m_wm.l

    ----------------------------------------------------------------------
     12908        738     120384          0         96      41941   Library Totals

    ----------------------------------------------------------------------

==============================================================================


      Code (inc. data)   RO Data    RW Data    ZI Data      Debug   

     59360       1804     414824        664    1688992     454257   Grand Totals
     59360       1804     414824        352    1688992     454257   ELF Image Totals (compressed)
     59360       1804     414824        352          0          0   ROM Totals

==============================================================================

    Total RO  Size (Code + RO Data)               474184 ( 463.07kB)
    Total RW  Size (RW Data + ZI Data)           1689656 (1650.05kB)
    Total ROM Size (Code + RO Data + RW Data)     474536 ( 463.41kB)

==============================================================================

